Archive member included to satisfy reference by file (symbol)

D:\Santiago\Universidad\PPS\Workspaces\Pruebas\CMSIS_CORE_LPC17xx\Debug\libCMSIS_CORE_LPC17xx.a(lpc17xx_gpio.o)
                              ./tasks/heartbeat_1769_003-0_c02a.o (GPIO_SetDir)
D:\Santiago\Universidad\PPS\Workspaces\Pruebas\CMSIS_CORE_LPC17xx\Debug\libCMSIS_CORE_LPC17xx.a(lpc17xx_pinsel.o)
                              ./task_support/uart.o (PINSEL_ConfigPin)
D:\Santiago\Universidad\PPS\Workspaces\Pruebas\CMSIS_CORE_LPC17xx\Debug\libCMSIS_CORE_LPC17xx.a(lpc17xx_uart.o)
                              ./task_support/uart.o (UART_Init)
D:\Santiago\Universidad\PPS\Workspaces\Pruebas\CMSIS_CORE_LPC17xx\Debug\libCMSIS_CORE_LPC17xx.a(system_LPC17xx.o)
                              ./arm-nxp/cr_startup_lpc176x.o (SystemInit)
D:\Santiago\Universidad\PPS\Workspaces\Pruebas\CMSIS_CORE_LPC17xx\Debug\libCMSIS_CORE_LPC17xx.a(lpc17xx_clkpwr.o)
                              D:\Santiago\Universidad\PPS\Workspaces\Pruebas\CMSIS_CORE_LPC17xx\Debug\libCMSIS_CORE_LPC17xx.a(lpc17xx_uart.o) (CLKPWR_GetPCLK)
D:\Santiago\Universidad\PPS\Workspaces\Pruebas\CMSIS_CORE_LPC17xx\Debug\libCMSIS_CORE_LPC17xx.a(lpc17xx_libcfg_default.o)
                              D:\Santiago\Universidad\PPS\Workspaces\Pruebas\CMSIS_CORE_LPC17xx\Debug\libCMSIS_CORE_LPC17xx.a(lpc17xx_uart.o) (check_failed)
c:/nxp/lpcxpresso_8.2.2_650/lpcxpresso/tools/bin/../lib/gcc/arm-none-eabi/5.4.1/../../../../arm-none-eabi/lib/armv7-m\libcr_semihost.a(_cr__main.o)
                              ./arm-nxp/cr_startup_lpc176x.o (__main)
c:/nxp/lpcxpresso_8.2.2_650/lpcxpresso/tools/bin/../lib/gcc/arm-none-eabi/5.4.1/../../../../arm-none-eabi/lib/armv7-m\libcr_c.a(initio.o)
                              c:/nxp/lpcxpresso_8.2.2_650/lpcxpresso/tools/bin/../lib/gcc/arm-none-eabi/5.4.1/../../../../arm-none-eabi/lib/armv7-m\libcr_semihost.a(_cr__main.o) (_initio)
c:/nxp/lpcxpresso_8.2.2_650/lpcxpresso/tools/bin/../lib/gcc/arm-none-eabi/5.4.1/../../../../arm-none-eabi/lib/armv7-m\libcr_c.a(setvbuf.o)
                              c:/nxp/lpcxpresso_8.2.2_650/lpcxpresso/tools/bin/../lib/gcc/arm-none-eabi/5.4.1/../../../../arm-none-eabi/lib/armv7-m\libcr_c.a(initio.o) (setvbuf)
c:/nxp/lpcxpresso_8.2.2_650/lpcxpresso/tools/bin/../lib/gcc/arm-none-eabi/5.4.1/../../../../arm-none-eabi/lib/armv7-m\libcr_c.a(stdio.o)
                              c:/nxp/lpcxpresso_8.2.2_650/lpcxpresso/tools/bin/../lib/gcc/arm-none-eabi/5.4.1/../../../../arm-none-eabi/lib/armv7-m\libcr_c.a(initio.o) (__Ciob)
c:/nxp/lpcxpresso_8.2.2_650/lpcxpresso/tools/bin/../lib/gcc/arm-none-eabi/5.4.1/../../../../arm-none-eabi/lib/armv7-m\libcr_c.a(memset.o)
                              c:/nxp/lpcxpresso_8.2.2_650/lpcxpresso/tools/bin/../lib/gcc/arm-none-eabi/5.4.1/../../../../arm-none-eabi/lib/armv7-m\libcr_c.a(initio.o) (memset)
c:/nxp/lpcxpresso_8.2.2_650/lpcxpresso/tools/bin/../lib/gcc/arm-none-eabi/5.4.1/../../../../arm-none-eabi/lib/armv7-m\libcr_c.a(__fillbuf.o)
                              c:/nxp/lpcxpresso_8.2.2_650/lpcxpresso/tools/bin/../lib/gcc/arm-none-eabi/5.4.1/../../../../arm-none-eabi/lib/armv7-m\libcr_c.a(stdio.o) (__filbuf)
c:/nxp/lpcxpresso_8.2.2_650/lpcxpresso/tools/bin/../lib/gcc/arm-none-eabi/5.4.1/../../../../arm-none-eabi/lib/armv7-m\libcr_c.a(_deferredlazyseek.o)
                              c:/nxp/lpcxpresso_8.2.2_650/lpcxpresso/tools/bin/../lib/gcc/arm-none-eabi/5.4.1/../../../../arm-none-eabi/lib/armv7-m\libcr_c.a(__fillbuf.o) (_deferredlazyseek)
c:/nxp/lpcxpresso_8.2.2_650/lpcxpresso/tools/bin/../lib/gcc/arm-none-eabi/5.4.1/../../../../arm-none-eabi/lib/armv7-m\libcr_c.a(_fdopen.o)
                              c:/nxp/lpcxpresso_8.2.2_650/lpcxpresso/tools/bin/../lib/gcc/arm-none-eabi/5.4.1/../../../../arm-none-eabi/lib/armv7-m\libcr_c.a(initio.o) (_fdopen)
c:/nxp/lpcxpresso_8.2.2_650/lpcxpresso/tools/bin/../lib/gcc/arm-none-eabi/5.4.1/../../../../arm-none-eabi/lib/armv7-m\libcr_c.a(_fflush.o)
                              c:/nxp/lpcxpresso_8.2.2_650/lpcxpresso/tools/bin/../lib/gcc/arm-none-eabi/5.4.1/../../../../arm-none-eabi/lib/armv7-m\libcr_c.a(__fillbuf.o) (_fflush)
c:/nxp/lpcxpresso_8.2.2_650/lpcxpresso/tools/bin/../lib/gcc/arm-none-eabi/5.4.1/../../../../arm-none-eabi/lib/armv7-m\libcr_c.a(_writebuf.o)
                              c:/nxp/lpcxpresso_8.2.2_650/lpcxpresso/tools/bin/../lib/gcc/arm-none-eabi/5.4.1/../../../../arm-none-eabi/lib/armv7-m\libcr_c.a(_deferredlazyseek.o) (_Cwritebuf)
c:/nxp/lpcxpresso_8.2.2_650/lpcxpresso/tools/bin/../lib/gcc/arm-none-eabi/5.4.1/../../../../arm-none-eabi/lib/armv7-m\libcr_c.a(alloc.o)
                              c:/nxp/lpcxpresso_8.2.2_650/lpcxpresso/tools/bin/../lib/gcc/arm-none-eabi/5.4.1/../../../../arm-none-eabi/lib/armv7-m\libcr_c.a(initio.o) (_Csys_alloc)
c:/nxp/lpcxpresso_8.2.2_650/lpcxpresso/tools/bin/../lib/gcc/arm-none-eabi/5.4.1/../../../../arm-none-eabi/lib/armv7-m\libcr_c.a(fclose.o)
[...]
Memory Configuration

Name             Origin             Length             Attributes
MFlash512        0x00000000         0x00080000         xr
RamLoc32         0x10000000         0x00008000         xrw
RamAHB32         0x2007c000         0x00008000         xrw
*default*        0x00000000         0xffffffff

Linker script and memory map

LOAD ./tasks/heartbeat_1769_003-0_c02a.o
LOAD ./tasks/led.o
LOAD ./tasks/ptt.o
LOAD ./tasks/watchdog_1769_003-0_c02a.o
LOAD ./tasks/wifi_esp8266.o
LOAD ./task_support/DCS_buffer.o
LOAD ./task_support/uart.o
LOAD ./system/system_1769_003-0_c03a.o
LOAD ./scheduler/ttc_sch_od_1769_003-0_c02b.o
LOAD ./main/main.o
LOAD ./arm-nxp/cr_startup_lpc176x.o
LOAD D:\Santiago\Universidad\PPS\Workspaces\Pruebas\CMSIS_CORE_LPC17xx\Debug\libCMSIS_CORE_LPC17xx.a
START GROUP
LOAD c:/nxp/lpcxpresso_8.2.2_650/lpcxpresso/tools/bin/../lib/gcc/arm-none-eabi/5.4.1/../../../../arm-none-eabi/lib/armv7-m\libcr_semihost.a
LOAD c:/nxp/lpcxpresso_8.2.2_650/lpcxpresso/tools/bin/../lib/gcc/arm-none-eabi/5.4.1/../../../../arm-none-eabi/lib/armv7-m\libcr_c.a
LOAD c:/nxp/lpcxpresso_8.2.2_650/lpcxpresso/tools/bin/../lib/gcc/arm-none-eabi/5.4.1/armv7-m\libcr_eabihelpers.a
END GROUP
                0x00000000                __base_MFlash512 = 0x0
                0x00000000                __base_Flash = 0x0
                0x00080000                __top_MFlash512 = 0x80000
                0x00080000                __top_Flash = 0x80000
                0x10000000                __base_RamLoc32 = 0x10000000
                0x10000000                __base_RAM = 0x10000000
                0x10008000                __top_RamLoc32 = 0x10008000
                0x10008000                __top_RAM = 0x10008000
                0x2007c000                __base_RamAHB32 = 0x2007c000
                0x2007c000                __base_RAM2 = 0x2007c000
                0x20084000                __top_RamAHB32 = 0x20084000
                0x20084000                __top_RAM2 = 0x20084000

.text           0x00000000     0x245c
 FILL mask 0xff
                0x00000000                __vectors_start__ = ABSOLUTE (.)
 *(.isr_vector)
 .isr_vector    0x00000000       0xcc ./arm-nxp/cr_startup_lpc176x.o
                0x00000000                g_pfnVectors
                0x000000cc                . = ALIGN (0x4)
                0x000000cc                __section_table_start = .
                0x000000cc                __data_section_table = .
                0x000000cc        0x4 LONG 0x245c LOADADDR (.data)
                0x000000d0        0x4 LONG 0x10000000 ADDR (.data)
                0x000000d4        0x4 LONG 0xd0 SIZEOF (.data)
                0x000000d8        0x4 LONG 0x245c LOADADDR (.data_RAM2)
                0x000000dc        0x4 LONG 0x2007c000 ADDR (.data_RAM2)
                0x000000e0        0x4 LONG 0x0 SIZEOF (.data_RAM2)
                0x000000e4                __data_section_table_end = .
                0x000000e4                __bss_section_table = .
                0x000000e4        0x4 LONG 0x100000d0 ADDR (.bss)
                0x000000e8        0x4 LONG 0x678 SIZEOF (.bss)
                0x000000ec        0x4 LONG 0x2007c000 ADDR (.bss_RAM2)
                0x000000f0        0x4 LONG 0x0 SIZEOF (.bss_RAM2)
                0x000000f4                __bss_section_table_end = .
                0x000000f4                __section_table_end = .
 *(.after_vectors*)
 .after_vectors
                0x000000f4      0x144 ./arm-nxp/cr_startup_lpc176x.o
                0x000000f4                data_init
                0x00000138                bss_init
                0x00000170                ResetISR
                0x000001e8                NMI_Handler
                0x000001f0                HardFault_Handler
                0x000001f8                MemManage_Handler
                0x00000200                BusFault_Handler
                0x00000208                UsageFault_Handler
                0x00000210                SVCall_Handler
                0x00000218                DebugMon_Handler
                0x00000220                PendSV_Handler
                0x00000230                EINT2_IRQHandler
                0x00000230                UART1_IRQHandler
                0x00000230                EINT3_IRQHandler
                0x00000230                CANActivity_IRQHandler
                0x00000230                TIMER3_IRQHandler
                0x00000230                UART0_IRQHandler
                0x00000230                PWM1_IRQHandler
                0x00000230                USBActivity_IRQHandler
                0x00000230                IntDefaultHandler
                0x00000230                PLL0_IRQHandler
                0x00000230                CAN_IRQHandler
                0x00000230                I2C0_IRQHandler
                0x00000230                I2C1_IRQHandler
                0x00000230                I2S_IRQHandler
                0x00000230                I2C2_IRQHandler
                0x00000230                RTC_IRQHandler
                0x00000230                TIMER0_IRQHandler
                0x00000230                SPI_IRQHandler
                0x00000230                RIT_IRQHandler
                0x00000230                EINT1_IRQHandler
                0x00000230                TIMER1_IRQHandler
                0x00000230                UART2_IRQHandler
                0x00000230                ADC_IRQHandler
                0x00000230                SSP1_IRQHandler
                0x00000230                USB_IRQHandler
                0x00000230                BOD_IRQHandler
                0x00000230                SSP0_IRQHandler
                0x00000230                WDT_IRQHandler
                0x00000230                QEI_IRQHandler
                0x00000230                EINT0_IRQHandler
                0x00000230                TIMER2_IRQHandler
                0x00000230                DMA_IRQHandler
                0x00000230                PLL1_IRQHandler
                0x00000230                UART3_IRQHandler
                0x00000230                MCPWM_IRQHandler
                0x00000230                ENET_IRQHandler
 *(.text*)
 .text.HEARTBEAT_Init
                0x00000238       0x14 ./tasks/heartbeat_1769_003-0_c02a.o
                0x00000238                HEARTBEAT_Init
 .text.HEARTBEAT_Update
                0x0000024c       0xa8 ./tasks/heartbeat_1769_003-0_c02a.o
                0x0000024c                HEARTBEAT_Update
 .text.LED_Init
                0x000002f4       0x3c ./tasks/led.o
                0x000002f4                LED_Init
 .text.WATCHDOG_Init
                0x00000330       0x84 ./tasks/watchdog_1769_003-0_c02a.o
                0x00000330                WATCHDOG_Init
 .text.WATCHDOG_Update
                0x000003b4       0x20 ./tasks/watchdog_1769_003-0_c02a.o
                0x000003b4                WATCHDOG_Update
 .text.WIFI_AT  0x000003d4       0x14 ./tasks/wifi_esp8266.o
 .text.WIFI_Echo
                0x000003e8       0x38 ./tasks/wifi_esp8266.o
 .text.WIFI_Get_IP
                0x00000420       0x14 ./tasks/wifi_esp8266.o
 .text.WIFI_Set_Mode
                0x00000434       0x38 ./tasks/wifi_esp8266.o
 .text.WIFI_Set_Connection_Type
                0x0000046c       0x38 ./tasks/wifi_esp8266.o
 .text.WIFI_Join_AP
                0x000004a4       0x48 ./tasks/wifi_esp8266.o
 .text.WIFI_Start_Transmision
                0x000004ec       0x78 ./tasks/wifi_esp8266.o
 .text.WIFI_Close
                0x00000564       0x14 ./tasks/wifi_esp8266.o
 .text.WIFI_Send
                0x00000578       0xcc ./tasks/wifi_esp8266.o
 .text.WIFI_Init
                0x00000644       0x2c ./tasks/wifi_esp8266.o
                0x00000644                WIFI_Init
 .text.WIFI_Make_HTTP
                0x00000670      0x1c8 ./tasks/wifi_esp8266.o
 .text.WIFI_Task
                0x00000838      0x418 ./tasks/wifi_esp8266.o
                0x00000838                WIFI_Task
 .text.WIFI_Tx  0x00000c50       0x2c ./tasks/wifi_esp8266.o
                0x00000c50                WIFI_Tx
 .text.WIFI_Rx  0x00000c7c       0x38 ./tasks/wifi_esp8266.o
                0x00000c7c                WIFI_Rx
 .text.Buffer_Init
                0x00000cb4       0x60 ./task_support/DCS_buffer.o
                0x00000cb4                Buffer_Init
 .text.BUFFER_Push
                0x00000d14       0x70 ./task_support/DCS_buffer.o
                0x00000d14                BUFFER_Push
 .text.BUFFER_Push_String
                0x00000d84       0x40 ./task_support/DCS_buffer.o
                0x00000d84                BUFFER_Push_String
 .text.BUFFER_Pop
                0x00000dc4       0x98 ./task_support/DCS_buffer.o
                0x00000dc4                BUFFER_Pop
 .text.BUFFER_Flush
                0x00000e5c       0x30 ./task_support/DCS_buffer.o
                0x00000e5c                BUFFER_Flush
 .text.UART_Set_pin
                0x00000e8c       0x94 ./task_support/uart.o
 .text.UART_Configure
                0x00000f20       0x48 ./task_support/uart.o
                0x00000f20                UART_Configure
 .text.SYSTEM_Init
                0x00000f68       0x10 ./system/system_1769_003-0_c03a.o
                0x00000f68                SYSTEM_Init
 .text.SYSTEM_Identify_Required_Mode
                0x00000f78       0x4c ./system/system_1769_003-0_c03a.o
                0x00000f78                SYSTEM_Identify_Required_Mode
 .text.SYSTEM_Configure_Required_Mode
                0x00000fc4       0xb0 ./system/system_1769_003-0_c03a.o
                0x00000fc4                SYSTEM_Configure_Required_Mode
 .text.SYSTEM_Perform_Safe_Shutdown
                0x00001074       0x34 ./system/system_1769_003-0_c03a.o
                0x00001074                SYSTEM_Perform_Safe_Shutdown
 .text.NVIC_SetPriority
                0x000010a8       0x54 ./scheduler/ttc_sch_od_1769_003-0_c02b.o
 .text.SysTick_Config
                0x000010fc       0x44 ./scheduler/ttc_sch_od_1769_003-0_c02b.o
 .text.SCH_Init
                0x00001140       0x90 ./scheduler/ttc_sch_od_1769_003-0_c02b.o
                0x00001140                SCH_Init
 .text.SCH_Start
                0x000011d0       0x28 ./scheduler/ttc_sch_od_1769_003-0_c02b.o
                0x000011d0                SCH_Start
 .text.SysTick_Handler
                0x000011f8       0x30 ./scheduler/ttc_sch_od_1769_003-0_c02b.o
                0x000011f8                SysTick_Handler
 .text.SCH_Dispatch_Tasks
                0x00001228      0x110 ./scheduler/ttc_sch_od_1769_003-0_c02b.o
                0x00001228                SCH_Dispatch_Tasks
 .text.SCH_Add_Task
                0x00001338       0xdc ./scheduler/ttc_sch_od_1769_003-0_c02b.o
                0x00001338                SCH_Add_Task
 .text.SCH_Go_To_Sleep
                0x00001414       0x10 ./scheduler/ttc_sch_od_1769_003-0_c02b.o
 .text.main     0x00001424       0x14 ./main/main.o
                0x00001424                main
 .text.GPIO_SetDir
                0x00001438       0x24 D:\Santiago\Universidad\PPS\Workspaces\Pruebas\CMSIS_CORE_LPC17xx\Debug\libCMSIS_CORE_LPC17xx.a(lpc17xx_gpio.o)
                0x00001438                GPIO_SetDir
 .text.GPIO_SetValue
                0x0000145c       0x14 D:\Santiago\Universidad\PPS\Workspaces\Pruebas\CMSIS_CORE_LPC17xx\Debug\libCMSIS_CORE_LPC17xx.a(lpc17xx_gpio.o)
                0x0000145c                GPIO_SetValue
 .text.GPIO_ClearValue
                0x00001470       0x14 D:\Santiago\Universidad\PPS\Workspaces\Pruebas\CMSIS_CORE_LPC17xx\Debug\libCMSIS_CORE_LPC17xx.a(lpc17xx_gpio.o)
                0x00001470                GPIO_ClearValue
 .text.GPIO_ReadValue
                0x00001484       0x18 D:\Santiago\Universidad\PPS\Workspaces\Pruebas\CMSIS_CORE_LPC17xx\Debug\libCMSIS_CORE_LPC17xx.a(lpc17xx_gpio.o)
                0x00001484                GPIO_ReadValue
 .text.PINSEL_ConfigPin
                0x0000149c       0xa0 D:\Santiago\Universidad\PPS\Workspaces\Pruebas\CMSIS_CORE_LPC17xx\Debug\libCMSIS_CORE_LPC17xx.a(lpc17xx_pinsel.o)
                0x0000149c                PINSEL_ConfigPin
 .text.UART_Init
                0x0000153c      0x2e8 D:\Santiago\Universidad\PPS\Workspaces\Pruebas\CMSIS_CORE_LPC17xx\Debug\libCMSIS_CORE_LPC17xx.a(lpc17xx_uart.o)
                0x0000153c                UART_Init
 .text.UART_SendByte
                0x00001824       0x3c D:\Santiago\Universidad\PPS\Workspaces\Pruebas\CMSIS_CORE_LPC17xx\Debug\libCMSIS_CORE_LPC17xx.a(lpc17xx_uart.o)
                0x00001824                UART_SendByte
 .text.UART_ReceiveByte
                0x00001860       0x3c D:\Santiago\Universidad\PPS\Workspaces\Pruebas\CMSIS_CORE_LPC17xx\Debug\libCMSIS_CORE_LPC17xx.a(lpc17xx_uart.o)
                0x00001860                UART_ReceiveByte
 .text.UART_GetLineStatus
                0x0000189c       0x3c D:\Santiago\Universidad\PPS\Workspaces\Pruebas\CMSIS_CORE_LPC17xx\Debug\libCMSIS_CORE_LPC17xx.a(lpc17xx_uart.o)
                0x0000189c                UART_GetLineStatus
 .text.UART_TxCmd
                0x000018d8       0x64 D:\Santiago\Universidad\PPS\Workspaces\Pruebas\CMSIS_CORE_LPC17xx\Debug\libCMSIS_CORE_LPC17xx.a(lpc17xx_uart.o)
                0x000018d8                UART_TxCmd
 .text.SystemInit
                0x0000193c       0xe4 D:\Santiago\Universidad\PPS\Workspaces\Pruebas\CMSIS_CORE_LPC17xx\Debug\libCMSIS_CORE_LPC17xx.a(system_LPC17xx.o)
                0x0000193c                SystemInit
 .text.CLKPWR_GetPCLKSEL
                0x00001a20       0x20 D:\Santiago\Universidad\PPS\Workspaces\Pruebas\CMSIS_CORE_LPC17xx\Debug\libCMSIS_CORE_LPC17xx.a(lpc17xx_clkpwr.o)
                0x00001a20                CLKPWR_GetPCLKSEL
 .text.CLKPWR_GetPCLK
                0x00001a40       0x28 D:\Santiago\Universidad\PPS\Workspaces\Pruebas\CMSIS_CORE_LPC17xx\Debug\libCMSIS_CORE_LPC17xx.a(lpc17xx_clkpwr.o)
                0x00001a40                CLKPWR_GetPCLK
 .text.CLKPWR_ConfigPPWR
                0x00001a68       0x38 D:\Santiago\Universidad\PPS\Workspaces\Pruebas\CMSIS_CORE_LPC17xx\Debug\libCMSIS_CORE_LPC17xx.a(lpc17xx_clkpwr.o)
                0x00001a68                CLKPWR_ConfigPPWR
 .text.check_failed
                0x00001aa0        0x2 D:\Santiago\Universidad\PPS\Workspaces\Pruebas\CMSIS_CORE_LPC17xx\Debug\libCMSIS_CORE_LPC17xx.a(lpc17xx_libcfg_default.o)
                0x00001aa0                check_failed
 .text.__main   0x00001aa2       0x14 c:/nxp/lpcxpresso_8.2.2_650/lpcxpresso/tools/bin/../lib/gcc/arm-none-eabi/5.4.1/../../../../arm-none-eabi/lib/armv7-m\libcr_semihost.a(_cr__main.o)
                0x00001aa2                __CR_SEMIHOST
                0x00001aa2                __main
 *fill*         0x00001ab6        0x2 ff
 .text._initio  0x00001ab8       0xa4 c:/nxp/lpcxpresso_8.2.2_650/lpcxpresso/tools/bin/../lib/gcc/arm-none-eabi/5.4.1/../../../../arm-none-eabi/lib/armv7-m\libcr_c.a(initio.o)
                0x00001ab8                _initio
 .text.setvbuf  0x00001b5c       0x40 c:/nxp/lpcxpresso_8.2.2_650/lpcxpresso/tools/bin/../lib/gcc/arm-none-eabi/5.4.1/../../../../arm-none-eabi/lib/armv7-m\libcr_c.a(setvbuf.o)
                0x00001b5c                setvbuf
 .text.memset   0x00001b9c        0x4 c:/nxp/lpcxpresso_8.2.2_650/lpcxpresso/tools/bin/../lib/gcc/arm-none-eabi/5.4.1/../../../../arm-none-eabi/lib/armv7-m\libcr_c.a(memset.o)
                0x00001b9c                memset
 .text._deferredlazyseek
                0x00001ba0       0x44 c:/nxp/lpcxpresso_8.2.2_650/lpcxpresso/tools/bin/../lib/gcc/arm-none-eabi/5.4.1/../../../../arm-none-eabi/lib/armv7-m\libcr_c.a(_deferredlazyseek.o)
                0x00001ba0                _deferredlazyseek
 .text._fdopen  0x00001be4       0x6a c:/nxp/lpcxpresso_8.2.2_650/lpcxpresso/tools/bin/../lib/gcc/arm-none-eabi/5.4.1/../../../../arm-none-eabi/lib/armv7-m\libcr_c.a(_fdopen.o)
                0x00001be4                _fdopen
 .text._fflush  0x00001c4e       0x58 c:/nxp/lpcxpresso_8.2.2_650/lpcxpresso/tools/bin/../lib/gcc/arm-none-eabi/5.4.1/../../../../arm-none-eabi/lib/armv7-m\libcr_c.a(_fflush.o)
                0x00001c4e                _fflush
 *fill*         0x00001ca6        0x2 ff
 .text._Cwritebuf
                0x00001ca8       0x68 c:/nxp/lpcxpresso_8.2.2_650/lpcxpresso/tools/bin/../lib/gcc/arm-none-eabi/5.4.1/../../../../arm-none-eabi/lib/armv7-m\libcr_c.a(_writebuf.o)
                0x00001ca8                _Cwritebuf
 .text.malloc   0x00001d10       0xc8 c:/nxp/lpcxpresso_8.2.2_650/lpcxpresso/tools/bin/../lib/gcc/arm-none-eabi/5.4.1/../../../../arm-none-eabi/lib/armv7-m\libcr_c.a(alloc.o)
                0x00001d10                malloc
 .text.free     0x00001dd8       0x30 c:/nxp/lpcxpresso_8.2.2_650/lpcxpresso/tools/bin/../lib/gcc/arm-none-eabi/5.4.1/../../../../arm-none-eabi/lib/armv7-m\libcr_c.a(alloc.o)
                0x00001dd8                free
 .text._Csys_alloc
                0x00001e08       0x20 c:/nxp/lpcxpresso_8.2.2_650/lpcxpresso/tools/bin/../lib/gcc/arm-none-eabi/5.4.1/../../../../arm-none-eabi/lib/armv7-m\libcr_c.a(alloc.o)
                0x00001e08                _Csys_alloc
 .text.fclose   0x00001e28       0x6c c:/nxp/lpcxpresso_8.2.2_650/lpcxpresso/tools/bin/../lib/gcc/arm-none-eabi/5.4.1/../../../../arm-none-eabi/lib/armv7-m\libcr_c.a(fclose.o)
                0x00001e28                fclose
 .text.fflush   0x00001e94       0x30 c:/nxp/lpcxpresso_8.2.2_650/lpcxpresso/tools/bin/../lib/gcc/arm-none-eabi/5.4.1/../../../../arm-none-eabi/lib/armv7-m\libcr_c.a(fflush.o)
                0x00001e94                fflush
 .text.fseek    0x00001ec4      0x110 c:/nxp/lpcxpresso_8.2.2_650/lpcxpresso/tools/bin/../lib/gcc/arm-none-eabi/5.4.1/../../../../arm-none-eabi/lib/armv7-m\libcr_c.a(fseek.o)
                0x00001ec4                fseek
 .text.ftell    0x00001fd4       0x4c c:/nxp/lpcxpresso_8.2.2_650/lpcxpresso/tools/bin/../lib/gcc/arm-none-eabi/5.4.1/../../../../arm-none-eabi/lib/armv7-m\libcr_c.a(ftell.o)
                0x00001fd4                ftell
 .text.remove   0x00002020       0x14 c:/nxp/lpcxpresso_8.2.2_650/lpcxpresso/tools/bin/../lib/gcc/arm-none-eabi/5.4.1/../../../../arm-none-eabi/lib/armv7-m\libcr_c.a(remove.o)
                0x00002020                remove
 .text.strlen   0x00002034       0x4a c:/nxp/lpcxpresso_8.2.2_650/lpcxpresso/tools/bin/../lib/gcc/arm-none-eabi/5.4.1/../../../../arm-none-eabi/lib/armv7-m\libcr_c.a(strlen.o)
                0x00002034                strlen
 *fill*         0x0000207e        0x2 ff
 .text._sbrk    0x00002080       0x40 c:/nxp/lpcxpresso_8.2.2_650/lpcxpresso/tools/bin/../lib/gcc/arm-none-eabi/5.4.1/../../../../arm-none-eabi/lib/armv7-m\libcr_c.a(_cr_sbrk.o)
                0x00002080                _sbrk
 .text._do_fflush
                0x000020c0       0x44 c:/nxp/lpcxpresso_8.2.2_650/lpcxpresso/tools/bin/../lib/gcc/arm-none-eabi/5.4.1/../../../../arm-none-eabi/lib/armv7-m\libcr_c.a(_do_fflush.o)
                0x000020c0                _do_fflush
 .text.__check_heap_overflow
                0x00002104       0x18 c:/nxp/lpcxpresso_8.2.2_650/lpcxpresso/tools/bin/../lib/gcc/arm-none-eabi/5.4.1/../../../../arm-none-eabi/lib/armv7-m\libcr_c.a(_cr_check_heap.o)
                0x00002104                __check_heap_overflow
 .text.__aeabi_division_uldivmod
                0x0000211c      0x174 c:/nxp/lpcxpresso_8.2.2_650/lpcxpresso/tools/bin/../lib/gcc/arm-none-eabi/5.4.1/armv7-m\libcr_eabihelpers.a(division_64.o)
                0x0000211c                __aeabi_uldivmod
                0x00002120                __bhs_ldivmod1
 .text.__aeabi_division_idiv0
                0x00002290        0x2 c:/nxp/lpcxpresso_8.2.2_650/lpcxpresso/tools/bin/../lib/gcc/arm-none-eabi/5.4.1/armv7-m\libcr_eabihelpers.a(division_idiv0.o)
                0x00002290                __aeabi_idiv0
 .text.__aeabi_memset_lowlevel
                0x00002292       0x32 c:/nxp/lpcxpresso_8.2.2_650/lpcxpresso/tools/bin/../lib/gcc/arm-none-eabi/5.4.1/armv7-m\libcr_eabihelpers.a(memcpy.o)
                0x00002292                __aeabi_lowlevel_memset
 .text.__sys_appexit
                0x000022c4        0xc c:/nxp/lpcxpresso_8.2.2_650/lpcxpresso/tools/bin/../lib/gcc/arm-none-eabi/5.4.1/../../../../arm-none-eabi/lib/armv7-m\libcr_semihost.a(__sys_appexit.o)
                0x000022c4                __sys_appexit
                0x000022c4                __exit
 .text.__sys_close
                0x000022d0        0xc c:/nxp/lpcxpresso_8.2.2_650/lpcxpresso/tools/bin/../lib/gcc/arm-none-eabi/5.4.1/../../../../arm-none-eabi/lib/armv7-m\libcr_semihost.a(__sys_close.o)
                0x000022d0                __sys_close
 .text.__sys_flen
                0x000022dc        0xc c:/nxp/lpcxpresso_8.2.2_650/lpcxpresso/tools/bin/../lib/gcc/arm-none-eabi/5.4.1/../../../../arm-none-eabi/lib/armv7-m\libcr_semihost.a(__sys_flen.o)
                0x000022dc                __sys_flen
 .text.__sys_istty
                0x000022e8        0xc c:/nxp/lpcxpresso_8.2.2_650/lpcxpresso/tools/bin/../lib/gcc/arm-none-eabi/5.4.1/../../../../arm-none-eabi/lib/armv7-m\libcr_semihost.a(__sys_istty.o)
                0x000022e8                __sys_istty
 .text.__sys_remove
                0x000022f4        0xc c:/nxp/lpcxpresso_8.2.2_650/lpcxpresso/tools/bin/../lib/gcc/arm-none-eabi/5.4.1/../../../../arm-none-eabi/lib/armv7-m\libcr_semihost.a(__sys_remove.o)
                0x000022f4                __sys_remove
 .text.__sys_seek
                0x00002300        0xc c:/nxp/lpcxpresso_8.2.2_650/lpcxpresso/tools/bin/../lib/gcc/arm-none-eabi/5.4.1/../../../../arm-none-eabi/lib/armv7-m\libcr_semihost.a(__sys_seek.o)
                0x00002300                __sys_seek
 .text.__sys_tmpnam
                0x0000230c        0xc c:/nxp/lpcxpresso_8.2.2_650/lpcxpresso/tools/bin/../lib/gcc/arm-none-eabi/5.4.1/../../../../arm-none-eabi/lib/armv7-m\libcr_semihost.a(__sys_tmpnam.o)
                0x0000230c                __sys_tmpnam
 .text.__sys_write
                0x00002318        0xc c:/nxp/lpcxpresso_8.2.2_650/lpcxpresso/tools/bin/../lib/gcc/arm-none-eabi/5.4.1/../../../../arm-none-eabi/lib/armv7-m\libcr_semihost.a(__sys_write.o)
                0x00002318                __sys_write
                0x00002318                __write
 *(.rodata .rodata.* .constdata .constdata.*)
 .rodata.Wifi_String_OK
                0x00002324        0x5 ./tasks/wifi_esp8266.o
                0x00002324                Wifi_String_OK
 *fill*         0x00002329        0x3 ff
 .rodata.Wifi_String_Send
                0x0000232c        0x2 ./tasks/wifi_esp8266.o
                0x0000232c                Wifi_String_Send
 *fill*         0x0000232e        0x2 ff
 .rodata.Wifi_String_SendOK
                0x00002330        0x8 ./tasks/wifi_esp8266.o
                0x00002330                Wifi_String_SendOK
 .rodata        0x00002338       0xcc ./tasks/wifi_esp8266.o
 .rodata.Buffers_Sizes
                0x00002404       0x10 ./task_support/DCS_buffer.o
 .rodata.CSWTCH.9
                0x00002414       0x14 D:\Santiago\Universidad\PPS\Workspaces\Pruebas\CMSIS_CORE_LPC17xx\Debug\libCMSIS_CORE_LPC17xx.a(lpc17xx_gpio.o)
 .rodata.str1.1
                0x00002428       0x16 D:\Santiago\Universidad\PPS\Workspaces\Pruebas\CMSIS_CORE_LPC17xx\Debug\libCMSIS_CORE_LPC17xx.a(lpc17xx_uart.o)
 .rodata.str1.1
                0x0000243e        0x4 c:/nxp/lpcxpresso_8.2.2_650/lpcxpresso/tools/bin/../lib/gcc/arm-none-eabi/5.4.1/../../../../arm-none-eabi/lib/armv7-m\libcr_c.a(initio.o)
 .rodata.str1.1
                0x00002442       0x18 c:/nxp/lpcxpresso_8.2.2_650/lpcxpresso/tools/bin/../lib/gcc/arm-none-eabi/5.4.1/../../../../arm-none-eabi/lib/armv7-m\libcr_c.a(alloc.o)
                0x0000245c                . = ALIGN (0x4)
 *fill*         0x0000245a        0x2 ff

.glue_7         0x0000245c        0x0
 .glue_7        0x0000245c        0x0 linker stubs

.glue_7t        0x0000245c        0x0
 .glue_7t       0x0000245c        0x0 linker stubs

.vfp11_veneer   0x0000245c        0x0
 .vfp11_veneer  0x0000245c        0x0 linker stubs

.v4_bx          0x0000245c        0x0
 .v4_bx         0x0000245c        0x0 linker stubs

.iplt           0x0000245c        0x0
 .iplt          0x0000245c        0x0 ./tasks/heartbeat_1769_003-0_c02a.o

.rel.dyn        0x0000245c        0x0
 .rel.iplt      0x0000245c        0x0 ./tasks/heartbeat_1769_003-0_c02a.o

.ARM.extab
 *(.ARM.extab* .gnu.linkonce.armextab.*)
                0x0000245c                __exidx_start = .

.ARM.exidx
 *(.ARM.exidx* .gnu.linkonce.armexidx.*)
                0x0000245c                __exidx_end = .
                0x0000245c                _etext = .

.data_RAM2      0x2007c000        0x0 load address 0x0000245c
 FILL mask 0xff
                [!provide]                PROVIDE (__start_data_RAM2, .)
 *(.ramfunc.$RAM2)
 *(.ramfunc.$RamAHB32)
 *(.data.$RAM2*)
 *(.data.$RamAHB32*)
                0x2007c000                . = ALIGN (0x4)
                [!provide]                PROVIDE (__end_data_RAM2, .)

.uninit_RESERVED
                0x10000000        0x0
 *(.bss.$RESERVED*)
                0x10000000                . = ALIGN (0x4)
                0x10000000                _end_uninit_RESERVED = .

.data           0x10000000       0xd0 load address 0x0000245c
 FILL mask 0xff
                0x10000000                _data = .
 *(vtable)
 *(.ramfunc*)
 *(.data*)
 .data.WIFI_Header.5534
                0x10000000       0xc8 ./tasks/wifi_esp8266.o
 .data.Wifi_Old_State.5550
                0x100000c8        0x1 ./tasks/wifi_esp8266.o
 *fill*         0x100000c9        0x3 ff
 .data.SystemCoreClock
                0x100000cc        0x4 D:\Santiago\Universidad\PPS\Workspaces\Pruebas\CMSIS_CORE_LPC17xx\Debug\libCMSIS_CORE_LPC17xx.a(system_LPC17xx.o)
                0x100000cc                SystemCoreClock
                0x100000d0                . = ALIGN (0x4)
                0x100000d0                _edata = .

.igot.plt       0x100000d0        0x0 load address 0x0000252c
 .igot.plt      0x100000d0        0x0 ./tasks/heartbeat_1769_003-0_c02a.o

.bss_RAM2       0x2007c000        0x0
                [!provide]                PROVIDE (__start_bss_RAM2, .)
 *(.bss.$RAM2*)
 *(.bss.$RamAHB32*)
                0x2007c000                . = ALIGN ((. != 0x0)?0x4:0x1)
                [!provide]                PROVIDE (__end_bss_RAM2, .)

.bss            0x100000d0      0x678
                0x100000d0                _bss = .
 *(.bss*)
 .bss.Heartbeat_state.5221
                0x100000d0        0x4 ./tasks/heartbeat_1769_003-0_c02a.o
 .bss.Fault_state.5222
                0x100000d4        0x4 ./tasks/heartbeat_1769_003-0_c02a.o
 .bss.Wifi_Current_State.5549
                0x100000d8        0x1 ./tasks/wifi_esp8266.o
 *fill*         0x100000d9        0x3 
 .bss.Wifi_Waiting_Times.5552
                0x100000dc        0x4 ./tasks/wifi_esp8266.o
 .bss.Wifi_Required_Text.5551
                0x100000e0        0x4 ./tasks/wifi_esp8266.o
 .bss.Wifi_Waiting_Index.5553
                0x100000e4        0x1 ./tasks/wifi_esp8266.o
 *fill*         0x100000e5        0x3 
 .bss.HTTP.5555
                0x100000e8        0x4 ./tasks/wifi_esp8266.o
 .bss.Wifi_tx_buffer
                0x100000ec       0xdc ./task_support/DCS_buffer.o
 .bss.Wifi_rx_buffer
                0x100001c8      0x15e ./task_support/DCS_buffer.o
 *fill*         0x10000326        0x2 
 .bss.Sd_tx_buffer
                0x10000328       0x28 ./task_support/DCS_buffer.o
 .bss.Sd_rx_buffer
                0x10000350       0x28 ./task_support/DCS_buffer.o
 .bss.Ptt_tx_buffer
                0x10000378       0x28 ./task_support/DCS_buffer.o
 .bss.Ptt_rx_buffer
                0x100003a0       0x28 ./task_support/DCS_buffer.o
 .bss.Ws_tx_buffer
                0x100003c8       0x28 ./task_support/DCS_buffer.o
 .bss.Ws_rx_buffer
                0x100003f0       0x28 ./task_support/DCS_buffer.o
 .bss.Buffer    0x10000418       0x40 ./task_support/DCS_buffer.o
 .bss.System_mode_G
                0x10000458        0x1 ./system/system_1769_003-0_c03a.o
                0x10000458                System_mode_G
 *fill*         0x10000459        0x3 
 .bss.Fault_code_G
                0x1000045c        0x4 ./scheduler/ttc_sch_od_1769_003-0_c02b.o
                0x1000045c                Fault_code_G
 .bss.SCH_tasks_G
                0x10000460      0x190 ./scheduler/ttc_sch_od_1769_003-0_c02b.o
                0x10000460                SCH_tasks_G
 .bss.Tick_count_G
                0x100005f0        0x4 ./scheduler/ttc_sch_od_1769_003-0_c02b.o
 .bss.Task_running_G
                0x100005f4        0x4 ./scheduler/ttc_sch_od_1769_003-0_c02b.o
 .bss._extra    0x100005f8        0x4 c:/nxp/lpcxpresso_8.2.2_650/lpcxpresso/tools/bin/../lib/gcc/arm-none-eabi/5.4.1/../../../../arm-none-eabi/lib/armv7-m\libcr_c.a(initio.o)
                0x100005f8                _extra
 .bss.__Ciob    0x100005fc      0x140 c:/nxp/lpcxpresso_8.2.2_650/lpcxpresso/tools/bin/../lib/gcc/arm-none-eabi/5.4.1/../../../../arm-none-eabi/lib/armv7-m\libcr_c.a(stdio.o)
                0x100005fc                __Ciob
 .bss.__heaps   0x1000073c        0x4 c:/nxp/lpcxpresso_8.2.2_650/lpcxpresso/tools/bin/../lib/gcc/arm-none-eabi/5.4.1/../../../../arm-none-eabi/lib/armv7-m\libcr_c.a(__init_alloc.o)
                0x1000073c                __heaps
 .bss.__end_of_heap
                0x10000740        0x4 c:/nxp/lpcxpresso_8.2.2_650/lpcxpresso/tools/bin/../lib/gcc/arm-none-eabi/5.4.1/../../../../arm-none-eabi/lib/armv7-m\libcr_c.a(__init_alloc.o)
                0x10000740                __end_of_heap
 .bss.errno     0x10000744        0x4 c:/nxp/lpcxpresso_8.2.2_650/lpcxpresso/tools/bin/../lib/gcc/arm-none-eabi/5.4.1/../../../../arm-none-eabi/lib/armv7-m\libcr_c.a(errno.o)
                0x10000744                errno
 *(COMMON)
                0x10000748                . = ALIGN (0x4)
                0x10000748                _ebss = .
                [!provide]                PROVIDE (end, .)

.noinit_RAM2    0x2007c000        0x0
 *(.noinit.$RAM2*)
 *(.noinit.$RamAHB32*)
                0x2007c000                . = ALIGN (0x4)

.noinit         0x10000748        0x0
                0x10000748                _noinit = .
 *(.noinit*)
                0x10000748                . = ALIGN (0x4)
                0x10000748                _end_noinit = .
                0x10000748                PROVIDE (_pvHeapStart, DEFINED (__user_heap_base)?__user_heap_base:.)
                0x10008000                PROVIDE (_vStackTop, DEFINED (__user_stack_top)?__user_stack_top:(__top_RamLoc32 - 0x0))
                [!provide]                PROVIDE (__valid_user_code_checksum, (0x0 - ((((((_vStackTop + (ResetISR + 0x1)) + (NMI_Handler + 0x1)) + (HardFault_Handler + 0x1)) + (DEFINED (MemManage_Handler)?MemManage_Handler:0x0 + 0x1)) + (DEFINED (BusFault_Handler)?BusFault_Handler:0x0 + 0x1)) + (DEFINED (UsageFault_Handler)?UsageFault_Handler:0x0 + 0x1))))
OUTPUT(DCS.axf elf32-littlearm)

.debug_info     0x00000000     0x5a83
 .debug_info    0x00000000       0xf9 ./tasks/heartbeat_1769_003-0_c02a.o
 .debug_info    0x000000f9       0xab ./tasks/led.o
 .debug_info    0x000001a4      0x1cb ./tasks/watchdog_1769_003-0_c02a.o
 .debug_info    0x0000036f      0x71b ./tasks/wifi_esp8266.o
 .debug_info    0x00000a8a      0x348 ./task_support/DCS_buffer.o
 .debug_info    0x00000dd2      0x567 ./task_support/uart.o
 .debug_info    0x00001339      0x394 ./system/system_1769_003-0_c03a.o
 .debug_info    0x000016cd      0x7e1 ./scheduler/ttc_sch_od_1769_003-0_c02b.o
 .debug_info    0x00001eae       0xaf ./main/main.o
 .debug_info    0x00001f5d      0x28f ./arm-nxp/cr_startup_lpc176x.o
 .debug_info    0x000021ec      0xd70 D:\Santiago\Universidad\PPS\Workspaces\Pruebas\CMSIS_CORE_LPC17xx\Debug\libCMSIS_CORE_LPC17xx.a(lpc17xx_gpio.o)
 .debug_info    0x00002f5c      0x4e6 D:\Santiago\Universidad\PPS\Workspaces\Pruebas\CMSIS_CORE_LPC17xx\Debug\libCMSIS_CORE_LPC17xx.a(lpc17xx_pinsel.o)
 .debug_info    0x00003442     0x1bea D:\Santiago\Universidad\PPS\Workspaces\Pruebas\CMSIS_CORE_LPC17xx\Debug\libCMSIS_CORE_LPC17xx.a(lpc17xx_uart.o)
 .debug_info    0x0000502c      0x318 D:\Santiago\Universidad\PPS\Workspaces\Pruebas\CMSIS_CORE_LPC17xx\Debug\libCMSIS_CORE_LPC17xx.a(system_LPC17xx.o)
 .debug_info    0x00005344      0x67c D:\Santiago\Universidad\PPS\Workspaces\Pruebas\CMSIS_CORE_LPC17xx\Debug\libCMSIS_CORE_LPC17xx.a(lpc17xx_clkpwr.o)
 .debug_info    0x000059c0       0xc3 D:\Santiago\Universidad\PPS\Workspaces\Pruebas\CMSIS_CORE_LPC17xx\Debug\libCMSIS_CORE_LPC17xx.a(lpc17xx_libcfg_default.o)

.debug_abbrev   0x00000000     0x1604
 .debug_abbrev  0x00000000       0xa4 ./tasks/heartbeat_1769_003-0_c02a.o
 .debug_abbrev  0x000000a4       0x6a ./tasks/led.o
 .debug_abbrev  0x0000010e      0x104 ./tasks/watchdog_1769_003-0_c02a.o
 .debug_abbrev  0x00000212      0x1fb ./tasks/wifi_esp8266.o
 .debug_abbrev  0x0000040d      0x155 ./task_support/DCS_buffer.o
 .debug_abbrev  0x00000562      0x16f ./task_support/uart.o
 .debug_abbrev  0x000006d1      0x138 ./system/system_1769_003-0_c03a.o
 .debug_abbrev  0x00000809      0x24c ./scheduler/ttc_sch_od_1769_003-0_c02b.o
 .debug_abbrev  0x00000a55       0x6c ./main/main.o
 .debug_abbrev  0x00000ac1      0x100 ./arm-nxp/cr_startup_lpc176x.o
 .debug_abbrev  0x00000bc1      0x234 D:\Santiago\Universidad\PPS\Workspaces\Pruebas\CMSIS_CORE_LPC17xx\Debug\libCMSIS_CORE_LPC17xx.a(lpc17xx_gpio.o)
 .debug_abbrev  0x00000df5      0x15e D:\Santiago\Universidad\PPS\Workspaces\Pruebas\CMSIS_CORE_LPC17xx\Debug\libCMSIS_CORE_LPC17xx.a(lpc17xx_pinsel.o)
 .debug_abbrev  0x00000f53      0x377 D:\Santiago\Universidad\PPS\Workspaces\Pruebas\CMSIS_CORE_LPC17xx\Debug\libCMSIS_CORE_LPC17xx.a(lpc17xx_uart.o)
 .debug_abbrev  0x000012ca       0xe6 D:\Santiago\Universidad\PPS\Workspaces\Pruebas\CMSIS_CORE_LPC17xx\Debug\libCMSIS_CORE_LPC17xx.a(system_LPC17xx.o)
 .debug_abbrev  0x000013b0      0x1e5 D:\Santiago\Universidad\PPS\Workspaces\Pruebas\CMSIS_CORE_LPC17xx\Debug\libCMSIS_CORE_LPC17xx.a(lpc17xx_clkpwr.o)
 .debug_abbrev  0x00001595       0x6f D:\Santiago\Universidad\PPS\Workspaces\Pruebas\CMSIS_CORE_LPC17xx\Debug\libCMSIS_CORE_LPC17xx.a(lpc17xx_libcfg_default.o)

.debug_aranges  0x00000000      0x548
 .debug_aranges
                0x00000000       0x28 ./tasks/heartbeat_1769_003-0_c02a.o
 .debug_aranges
                0x00000028       0x20 ./tasks/led.o
 .debug_aranges
                0x00000048       0x28 ./tasks/watchdog_1769_003-0_c02a.o
 .debug_aranges
                0x00000070       0x88 ./tasks/wifi_esp8266.o
 .debug_aranges
                0x000000f8       0x48 ./task_support/DCS_buffer.o
 .debug_aranges
                0x00000140       0x28 ./task_support/uart.o
 .debug_aranges
                0x00000168       0x38 ./system/system_1769_003-0_c03a.o
 .debug_aranges
                0x000001a0       0x58 ./scheduler/ttc_sch_od_1769_003-0_c02b.o
 .debug_aranges
                0x000001f8       0x20 ./main/main.o
 .debug_aranges
                0x00000218       0x80 ./arm-nxp/cr_startup_lpc176x.o
 .debug_aranges
                0x00000298       0xe0 D:\Santiago\Universidad\PPS\Workspaces\Pruebas\CMSIS_CORE_LPC17xx\Debug\libCMSIS_CORE_LPC17xx.a(lpc17xx_gpio.o)
 .debug_aranges
                0x00000378       0x30 D:\Santiago\Universidad\PPS\Workspaces\Pruebas\CMSIS_CORE_LPC17xx\Debug\libCMSIS_CORE_LPC17xx.a(lpc17xx_pinsel.o)
 .debug_aranges
                0x000003a8      0x100 D:\Santiago\Universidad\PPS\Workspaces\Pruebas\CMSIS_CORE_LPC17xx\Debug\libCMSIS_CORE_LPC17xx.a(lpc17xx_uart.o)
 .debug_aranges
                0x000004a8       0x28 D:\Santiago\Universidad\PPS\Workspaces\Pruebas\CMSIS_CORE_LPC17xx\Debug\libCMSIS_CORE_LPC17xx.a(system_LPC17xx.o)
 .debug_aranges
                0x000004d0       0x58 D:\Santiago\Universidad\PPS\Workspaces\Pruebas\CMSIS_CORE_LPC17xx\Debug\libCMSIS_CORE_LPC17xx.a(lpc17xx_clkpwr.o)
 .debug_aranges
                0x00000528       0x20 D:\Santiago\Universidad\PPS\Workspaces\Pruebas\CMSIS_CORE_LPC17xx\Debug\libCMSIS_CORE_LPC17xx.a(lpc17xx_libcfg_default.o)

.debug_ranges   0x00000000      0x4f8
 .debug_ranges  0x00000000       0x18 ./tasks/heartbeat_1769_003-0_c02a.o
 .debug_ranges  0x00000018       0x10 ./tasks/led.o
 .debug_ranges  0x00000028       0x18 ./tasks/watchdog_1769_003-0_c02a.o
 .debug_ranges  0x00000040       0x78 ./tasks/wifi_esp8266.o
 .debug_ranges  0x000000b8       0x38 ./task_support/DCS_buffer.o
 .debug_ranges  0x000000f0       0x18 ./task_support/uart.o
 .debug_ranges  0x00000108       0x28 ./system/system_1769_003-0_c03a.o
 .debug_ranges  0x00000130       0x48 ./scheduler/ttc_sch_od_1769_003-0_c02b.o
 .debug_ranges  0x00000178       0x10 ./main/main.o
 .debug_ranges  0x00000188       0x70 ./arm-nxp/cr_startup_lpc176x.o
 .debug_ranges  0x000001f8       0xd0 D:\Santiago\Universidad\PPS\Workspaces\Pruebas\CMSIS_CORE_LPC17xx\Debug\libCMSIS_CORE_LPC17xx.a(lpc17xx_gpio.o)
 .debug_ranges  0x000002c8       0x70 D:\Santiago\Universidad\PPS\Workspaces\Pruebas\CMSIS_CORE_LPC17xx\Debug\libCMSIS_CORE_LPC17xx.a(lpc17xx_pinsel.o)
 .debug_ranges  0x00000338      0x150 D:\Santiago\Universidad\PPS\Workspaces\Pruebas\CMSIS_CORE_LPC17xx\Debug\libCMSIS_CORE_LPC17xx.a(lpc17xx_uart.o)
 .debug_ranges  0x00000488       0x18 D:\Santiago\Universidad\PPS\Workspaces\Pruebas\CMSIS_CORE_LPC17xx\Debug\libCMSIS_CORE_LPC17xx.a(system_LPC17xx.o)
 .debug_ranges  0x000004a0       0x48 D:\Santiago\Universidad\PPS\Workspaces\Pruebas\CMSIS_CORE_LPC17xx\Debug\libCMSIS_CORE_LPC17xx.a(lpc17xx_clkpwr.o)
 .debug_ranges  0x000004e8       0x10 D:\Santiago\Universidad\PPS\Workspaces\Pruebas\CMSIS_CORE_LPC17xx\Debug\libCMSIS_CORE_LPC17xx.a(lpc17xx_libcfg_default.o)

.debug_macro    0x00000000     0x4333
 .debug_macro   0x00000000       0xf6 ./tasks/heartbeat_1769_003-0_c02a.o
 .debug_macro   0x000000f6      0x898 ./tasks/heartbeat_1769_003-0_c02a.o
 .debug_macro   0x0000098e       0x1c ./tasks/heartbeat_1769_003-0_c02a.o
 .debug_macro   0x000009aa       0x3a ./tasks/heartbeat_1769_003-0_c02a.o
 .debug_macro   0x000009e4       0x10 ./tasks/heartbeat_1769_003-0_c02a.o
 .debug_macro   0x000009f4      0x12d ./tasks/heartbeat_1769_003-0_c02a.o
 .debug_macro   0x00000b21      0x5b2 ./tasks/heartbeat_1769_003-0_c02a.o
 .debug_macro   0x000010d3       0x2d ./tasks/heartbeat_1769_003-0_c02a.o
 .debug_macro   0x00001100      0xbb1 ./tasks/heartbeat_1769_003-0_c02a.o
 .debug_macro   0x00001cb1      0x2c7 ./tasks/heartbeat_1769_003-0_c02a.o
 .debug_macro   0x00001f78       0x82 ./tasks/heartbeat_1769_003-0_c02a.o
 .debug_macro   0x00001ffa       0x34 ./tasks/heartbeat_1769_003-0_c02a.o
 .debug_macro   0x0000202e       0x66 ./tasks/heartbeat_1769_003-0_c02a.o
 .debug_macro   0x00002094       0x4c ./tasks/heartbeat_1769_003-0_c02a.o
 .debug_macro   0x000020e0       0x64 ./tasks/heartbeat_1769_003-0_c02a.o
 .debug_macro   0x00002144       0x52 ./tasks/heartbeat_1769_003-0_c02a.o
 .debug_macro   0x00002196       0xec ./tasks/led.o
 .debug_macro   0x00002282      0x104 ./tasks/watchdog_1769_003-0_c02a.o
 .debug_macro   0x00002386       0x70 ./tasks/watchdog_1769_003-0_c02a.o
 .debug_macro   0x000023f6       0x22 ./tasks/watchdog_1769_003-0_c02a.o
 .debug_macro   0x00002418      0x125 ./tasks/wifi_esp8266.o
 .debug_macro   0x0000253d       0xf5 ./task_support/DCS_buffer.o
 .debug_macro   0x00002632       0xac ./task_support/uart.o
 .debug_macro   0x000026de      0x140 ./task_support/uart.o
 .debug_macro   0x0000281e      0x344 ./task_support/uart.o
 .debug_macro   0x00002b62      0x12b ./system/system_1769_003-0_c03a.o
 .debug_macro   0x00002c8d       0xec ./scheduler/ttc_sch_od_1769_003-0_c02b.o
 .debug_macro   0x00002d79       0xec ./main/main.o
 .debug_macro   0x00002e65       0x52 ./arm-nxp/cr_startup_lpc176x.o
 .debug_macro   0x00002eb7       0x99 D:\Santiago\Universidad\PPS\Workspaces\Pruebas\CMSIS_CORE_LPC17xx\Debug\libCMSIS_CORE_LPC17xx.a(lpc17xx_gpio.o)
 .debug_macro   0x00002f50      0x88c D:\Santiago\Universidad\PPS\Workspaces\Pruebas\CMSIS_CORE_LPC17xx\Debug\libCMSIS_CORE_LPC17xx.a(lpc17xx_gpio.o)
 .debug_macro   0x000037dc       0xe1 D:\Santiago\Universidad\PPS\Workspaces\Pruebas\CMSIS_CORE_LPC17xx\Debug\libCMSIS_CORE_LPC17xx.a(lpc17xx_gpio.o)
 .debug_macro   0x000038bd       0x90 D:\Santiago\Universidad\PPS\Workspaces\Pruebas\CMSIS_CORE_LPC17xx\Debug\libCMSIS_CORE_LPC17xx.a(lpc17xx_pinsel.o)
 .debug_macro   0x0000394d       0xa2 D:\Santiago\Universidad\PPS\Workspaces\Pruebas\CMSIS_CORE_LPC17xx\Debug\libCMSIS_CORE_LPC17xx.a(lpc17xx_uart.o)
 .debug_macro   0x000039ef      0x2fc D:\Santiago\Universidad\PPS\Workspaces\Pruebas\CMSIS_CORE_LPC17xx\Debug\libCMSIS_CORE_LPC17xx.a(lpc17xx_uart.o)
 .debug_macro   0x00003ceb      0x12d D:\Santiago\Universidad\PPS\Workspaces\Pruebas\CMSIS_CORE_LPC17xx\Debug\libCMSIS_CORE_LPC17xx.a(system_LPC17xx.o)
 .debug_macro   0x00003e18       0x90 D:\Santiago\Universidad\PPS\Workspaces\Pruebas\CMSIS_CORE_LPC17xx\Debug\libCMSIS_CORE_LPC17xx.a(lpc17xx_clkpwr.o)
 .debug_macro   0x00003ea8      0x2f6 D:\Santiago\Universidad\PPS\Workspaces\Pruebas\CMSIS_CORE_LPC17xx\Debug\libCMSIS_CORE_LPC17xx.a(lpc17xx_clkpwr.o)
 .debug_macro   0x0000419e       0x5a D:\Santiago\Universidad\PPS\Workspaces\Pruebas\CMSIS_CORE_LPC17xx\Debug\libCMSIS_CORE_LPC17xx.a(lpc17xx_libcfg_default.o)
 .debug_macro   0x000041f8       0x60 D:\Santiago\Universidad\PPS\Workspaces\Pruebas\CMSIS_CORE_LPC17xx\Debug\libCMSIS_CORE_LPC17xx.a(lpc17xx_libcfg_default.o)
 .debug_macro   0x00004258       0xdb D:\Santiago\Universidad\PPS\Workspaces\Pruebas\CMSIS_CORE_LPC17xx\Debug\libCMSIS_CORE_LPC17xx.a(lpc17xx_libcfg_default.o)

.debug_line     0x00000000     0x3ae1
 .debug_line    0x00000000      0x3f1 ./tasks/heartbeat_1769_003-0_c02a.o
 .debug_line    0x000003f1      0x384 ./tasks/led.o
 .debug_line    0x00000775      0x40a ./tasks/watchdog_1769_003-0_c02a.o
 .debug_line    0x00000b7f      0x626 ./tasks/wifi_esp8266.o
 .debug_line    0x000011a5      0x43c ./task_support/DCS_buffer.o
 .debug_line    0x000015e1      0x21c ./task_support/uart.o
 .debug_line    0x000017fd      0x4a9 ./system/system_1769_003-0_c03a.o
 .debug_line    0x00001ca6      0x506 ./scheduler/ttc_sch_od_1769_003-0_c02b.o
 .debug_line    0x000021ac      0x34e ./main/main.o
 .debug_line    0x000024fa      0x1f0 ./arm-nxp/cr_startup_lpc176x.o
 .debug_line    0x000026ea      0x3e5 D:\Santiago\Universidad\PPS\Workspaces\Pruebas\CMSIS_CORE_LPC17xx\Debug\libCMSIS_CORE_LPC17xx.a(lpc17xx_gpio.o)
 .debug_line    0x00002acf      0x225 D:\Santiago\Universidad\PPS\Workspaces\Pruebas\CMSIS_CORE_LPC17xx\Debug\libCMSIS_CORE_LPC17xx.a(lpc17xx_pinsel.o)
 .debug_line    0x00002cf4      0x7d4 D:\Santiago\Universidad\PPS\Workspaces\Pruebas\CMSIS_CORE_LPC17xx\Debug\libCMSIS_CORE_LPC17xx.a(lpc17xx_uart.o)
 .debug_line    0x000034c8      0x212 D:\Santiago\Universidad\PPS\Workspaces\Pruebas\CMSIS_CORE_LPC17xx\Debug\libCMSIS_CORE_LPC17xx.a(system_LPC17xx.o)
 .debug_line    0x000036da      0x289 D:\Santiago\Universidad\PPS\Workspaces\Pruebas\CMSIS_CORE_LPC17xx\Debug\libCMSIS_CORE_LPC17xx.a(lpc17xx_clkpwr.o)
 .debug_line    0x00003963      0x17e D:\Santiago\Universidad\PPS\Workspaces\Pruebas\CMSIS_CORE_LPC17xx\Debug\libCMSIS_CORE_LPC17xx.a(lpc17xx_libcfg_default.o)

.debug_str      0x00000000     0xf69d
 .debug_str     0x00000000     0xa145 ./tasks/heartbeat_1769_003-0_c02a.o
                               0xa1cb (size before relaxing)
 .debug_str     0x0000a145       0x18 ./tasks/led.o
                               0xa15d (size before relaxing)
 .debug_str     0x0000a15d      0x3de ./tasks/watchdog_1769_003-0_c02a.o
                               0xa52c (size before relaxing)
 .debug_str     0x0000a53b     0x2055 ./tasks/wifi_esp8266.o
                               0xc21f (size before relaxing)
 .debug_str     0x0000c590      0x127 ./task_support/DCS_buffer.o
                               0xa3bf (size before relaxing)
 .debug_str     0x0000c6b7      0x1ba ./task_support/uart.o
                               0xb7cc (size before relaxing)
 .debug_str     0x0000c871      0x1d8 ./system/system_1769_003-0_c03a.o
                               0xa7a7 (size before relaxing)
 .debug_str     0x0000ca49      0x3ca ./scheduler/ttc_sch_od_1769_003-0_c02b.o
                               0xa596 (size before relaxing)
 .debug_str     0x0000ce13       0x14 ./main/main.o
                               0xa159 (size before relaxing)
 .debug_str     0x0000ce27      0x1b6 ./arm-nxp/cr_startup_lpc176x.o
                               0x3e3a (size before relaxing)
 .debug_str     0x0000cfdd      0x6ab D:\Santiago\Universidad\PPS\Workspaces\Pruebas\CMSIS_CORE_LPC17xx\Debug\libCMSIS_CORE_LPC17xx.a(lpc17xx_gpio.o)
                               0x9f2e (size before relaxing)
 .debug_str     0x0000d688      0x212 D:\Santiago\Universidad\PPS\Workspaces\Pruebas\CMSIS_CORE_LPC17xx\Debug\libCMSIS_CORE_LPC17xx.a(lpc17xx_pinsel.o)
                               0x9e2b (size before relaxing)
 .debug_str     0x0000d89a     0x1a5a D:\Santiago\Universidad\PPS\Workspaces\Pruebas\CMSIS_CORE_LPC17xx\Debug\libCMSIS_CORE_LPC17xx.a(lpc17xx_uart.o)
                               0xcc22 (size before relaxing)
 .debug_str     0x0000f2f4      0x2e0 D:\Santiago\Universidad\PPS\Workspaces\Pruebas\CMSIS_CORE_LPC17xx\Debug\libCMSIS_CORE_LPC17xx.a(system_LPC17xx.o)
                               0x99b0 (size before relaxing)
 .debug_str     0x0000f5d4       0xa4 D:\Santiago\Universidad\PPS\Workspaces\Pruebas\CMSIS_CORE_LPC17xx\Debug\libCMSIS_CORE_LPC17xx.a(lpc17xx_clkpwr.o)
                               0xabb9 (size before relaxing)
 .debug_str     0x0000f678       0x25 D:\Santiago\Universidad\PPS\Workspaces\Pruebas\CMSIS_CORE_LPC17xx\Debug\libCMSIS_CORE_LPC17xx.a(lpc17xx_libcfg_default.o)
                               0x3f68 (size before relaxing)

.comment        0x00000000       0xdc
 .comment       0x00000000       0x6e ./tasks/heartbeat_1769_003-0_c02a.o
                                 0x6f (size before relaxing)
 .comment       0x0000006e       0x6f ./tasks/led.o
 .comment       0x0000006e       0x6f ./tasks/watchdog_1769_003-0_c02a.o
 .comment       0x0000006e       0x6f ./tasks/wifi_esp8266.o
 .comment       0x0000006e       0x6f ./task_support/DCS_buffer.o
 .comment       0x0000006e       0x6f ./task_support/uart.o
 .comment       0x0000006e       0x6f ./system/system_1769_003-0_c03a.o
 .comment       0x0000006e       0x6f ./scheduler/ttc_sch_od_1769_003-0_c02b.o
 .comment       0x0000006e       0x6f ./main/main.o
 .comment       0x0000006e       0x6f ./arm-nxp/cr_startup_lpc176x.o
 .comment       0x0000006e       0x6f D:\Santiago\Universidad\PPS\Workspaces\Pruebas\CMSIS_CORE_LPC17xx\Debug\libCMSIS_CORE_LPC17xx.a(lpc17xx_gpio.o)
 .comment       0x0000006e       0x6f D:\Santiago\Universidad\PPS\Workspaces\Pruebas\CMSIS_CORE_LPC17xx\Debug\libCMSIS_CORE_LPC17xx.a(lpc17xx_pinsel.o)
 .comment       0x0000006e       0x6f D:\Santiago\Universidad\PPS\Workspaces\Pruebas\CMSIS_CORE_LPC17xx\Debug\libCMSIS_CORE_LPC17xx.a(lpc17xx_uart.o)
 .comment       0x0000006e       0x6f D:\Santiago\Universidad\PPS\Workspaces\Pruebas\CMSIS_CORE_LPC17xx\Debug\libCMSIS_CORE_LPC17xx.a(system_LPC17xx.o)
 .comment       0x0000006e       0x6f D:\Santiago\Universidad\PPS\Workspaces\Pruebas\CMSIS_CORE_LPC17xx\Debug\libCMSIS_CORE_LPC17xx.a(lpc17xx_clkpwr.o)
 .comment       0x0000006e       0x6f D:\Santiago\Universidad\PPS\Workspaces\Pruebas\CMSIS_CORE_LPC17xx\Debug\libCMSIS_CORE_LPC17xx.a(lpc17xx_libcfg_default.o)
 .comment       0x0000006e       0x6e c:/nxp/lpcxpresso_8.2.2_650/lpcxpresso/tools/bin/../lib/gcc/arm-none-eabi/5.4.1/../../../../arm-none-eabi/lib/armv7-m\libcr_semihost.a(_cr__main.o)
                                 0x6f (size before relaxing)
 .comment       0x000000dc       0x6f c:/nxp/lpcxpresso_8.2.2_650/lpcxpresso/tools/bin/../lib/gcc/arm-none-eabi/5.4.1/../../../../arm-none-eabi/lib/armv7-m\libcr_c.a(initio.o)
 .comment       0x000000dc       0x6f c:/nxp/lpcxpresso_8.2.2_650/lpcxpresso/tools/bin/../lib/gcc/arm-none-eabi/5.4.1/../../../../arm-none-eabi/lib/armv7-m\libcr_c.a(setvbuf.o)
 .comment       0x000000dc       0x6f c:/nxp/lpcxpresso_8.2.2_650/lpcxpresso/tools/bin/../lib/gcc/arm-none-eabi/5.4.1/../../../../arm-none-eabi/lib/armv7-m\libcr_c.a(stdio.o)
 .comment       0x000000dc       0x6f c:/nxp/lpcxpresso_8.2.2_650/lpcxpresso/tools/bin/../lib/gcc/arm-none-eabi/5.4.1/../../../../arm-none-eabi/lib/armv7-m\libcr_c.a(memset.o)
 .comment       0x000000dc       0x6f c:/nxp/lpcxpresso_8.2.2_650/lpcxpresso/tools/bin/../lib/gcc/arm-none-eabi/5.4.1/../../../../arm-none-eabi/lib/armv7-m\libcr_c.a(_deferredlazyseek.o)
 .comment       0x000000dc       0x6f c:/nxp/lpcxpresso_8.2.2_650/lpcxpresso/tools/bin/../lib/gcc/arm-none-eabi/5.4.1/../../../../arm-none-eabi/lib/armv7-m\libcr_c.a(_fdopen.o)
 .comment       0x000000dc       0x6f c:/nxp/lpcxpresso_8.2.2_650/lpcxpresso/tools/bin/../lib/gcc/arm-none-eabi/5.4.1/../../../../arm-none-eabi/lib/armv7-m\libcr_c.a(_fflush.o)
 .comment       0x000000dc       0x6f c:/nxp/lpcxpresso_8.2.2_650/lpcxpresso/tools/bin/../lib/gcc/arm-none-eabi/5.4.1/../../../../arm-none-eabi/lib/armv7-m\libcr_c.a(_writebuf.o)
 .comment       0x000000dc       0x6f c:/nxp/lpcxpresso_8.2.2_650/lpcxpresso/tools/bin/../lib/gcc/arm-none-eabi/5.4.1/../../../../arm-none-eabi/lib/armv7-m\libcr_c.a(alloc.o)
 .comment       0x000000dc       0x6f c:/nxp/lpcxpresso_8.2.2_650/lpcxpresso/tools/bin/../lib/gcc/arm-none-eabi/5.4.1/../../../../arm-none-eabi/lib/armv7-m\libcr_c.a(fclose.o)
 .comment       0x000000dc       0x6f c:/nxp/lpcxpresso_8.2.2_650/lpcxpresso/tools/bin/../lib/gcc/arm-none-eabi/5.4.1/../../../../arm-none-eabi/lib/armv7-m\libcr_c.a(fflush.o)
 .comment       0x000000dc       0x6f c:/nxp/lpcxpresso_8.2.2_650/lpcxpresso/tools/bin/../lib/gcc/arm-none-eabi/5.4.1/../../../../arm-none-eabi/lib/armv7-m\libcr_c.a(fseek.o)
 .comment       0x000000dc       0x6f c:/nxp/lpcxpresso_8.2.2_650/lpcxpresso/tools/bin/../lib/gcc/arm-none-eabi/5.4.1/../../../../arm-none-eabi/lib/armv7-m\libcr_c.a(ftell.o)
 .comment       0x000000dc       0x6f c:/nxp/lpcxpresso_8.2.2_650/lpcxpresso/tools/bin/../lib/gcc/arm-none-eabi/5.4.1/../../../../arm-none-eabi/lib/armv7-m\libcr_c.a(remove.o)
 .comment       0x000000dc       0x6f c:/nxp/lpcxpresso_8.2.2_650/lpcxpresso/tools/bin/../lib/gcc/arm-none-eabi/5.4.1/../../../../arm-none-eabi/lib/armv7-m\libcr_c.a(strlen.o)
 .comment       0x000000dc       0x6f c:/nxp/lpcxpresso_8.2.2_650/lpcxpresso/tools/bin/../lib/gcc/arm-none-eabi/5.4.1/../../../../arm-none-eabi/lib/armv7-m\libcr_c.a(__init_alloc.o)
 .comment       0x000000dc       0x6f c:/nxp/lpcxpresso_8.2.2_650/lpcxpresso/tools/bin/../lib/gcc/arm-none-eabi/5.4.1/../../../../arm-none-eabi/lib/armv7-m\libcr_c.a(_cr_sbrk.o)
 .comment       0x000000dc       0x6f c:/nxp/lpcxpresso_8.2.2_650/lpcxpresso/tools/bin/../lib/gcc/arm-none-eabi/5.4.1/../../../../arm-none-eabi/lib/armv7-m\libcr_c.a(_do_fflush.o)
 .comment       0x000000dc       0x6f c:/nxp/lpcxpresso_8.2.2_650/lpcxpresso/tools/bin/../lib/gcc/arm-none-eabi/5.4.1/../../../../arm-none-eabi/lib/armv7-m\libcr_c.a(errno.o)
 .comment       0x000000dc       0x6f c:/nxp/lpcxpresso_8.2.2_650/lpcxpresso/tools/bin/../lib/gcc/arm-none-eabi/5.4.1/../../../../arm-none-eabi/lib/armv7-m\libcr_c.a(_cr_check_heap.o)

.ARM.attributes
                0x00000000       0x31
 .ARM.attributes
                0x00000000       0x33 ./tasks/heartbeat_1769_003-0_c02a.o
 .ARM.attributes
                0x00000033       0x33 ./tasks/led.o
 .ARM.attributes
                0x00000066       0x33 ./tasks/watchdog_1769_003-0_c02a.o
 .ARM.attributes
                0x00000099       0x33 ./tasks/wifi_esp8266.o
 .ARM.attributes
                0x000000cc       0x33 ./task_support/DCS_buffer.o
 .ARM.attributes
                0x000000ff       0x33 ./task_support/uart.o
 .ARM.attributes
                0x00000132       0x33 ./system/system_1769_003-0_c03a.o
 .ARM.attributes
                0x00000165       0x33 ./scheduler/ttc_sch_od_1769_003-0_c02b.o
 .ARM.attributes
                0x00000198       0x33 ./main/main.o
 .ARM.attributes
                0x000001cb       0x33 ./arm-nxp/cr_startup_lpc176x.o
 .ARM.attributes
                0x000001fe       0x33 D:\Santiago\Universidad\PPS\Workspaces\Pruebas\CMSIS_CORE_LPC17xx\Debug\libCMSIS_CORE_LPC17xx.a(lpc17xx_gpio.o)
 .ARM.attributes
                0x00000231       0x33 D:\Santiago\Universidad\PPS\Workspaces\Pruebas\CMSIS_CORE_LPC17xx\Debug\libCMSIS_CORE_LPC17xx.a(lpc17xx_pinsel.o)
 .ARM.attributes
                0x00000264       0x33 D:\Santiago\Universidad\PPS\Workspaces\Pruebas\CMSIS_CORE_LPC17xx\Debug\libCMSIS_CORE_LPC17xx.a(lpc17xx_uart.o)
 .ARM.attributes
                0x00000297       0x33 D:\Santiago\Universidad\PPS\Workspaces\Pruebas\CMSIS_CORE_LPC17xx\Debug\libCMSIS_CORE_LPC17xx.a(system_LPC17xx.o)
 .ARM.attributes
                0x000002ca       0x33 D:\Santiago\Universidad\PPS\Workspaces\Pruebas\CMSIS_CORE_LPC17xx\Debug\libCMSIS_CORE_LPC17xx.a(lpc17xx_clkpwr.o)
 .ARM.attributes
                0x000002fd       0x33 D:\Santiago\Universidad\PPS\Workspaces\Pruebas\CMSIS_CORE_LPC17xx\Debug\libCMSIS_CORE_LPC17xx.a(lpc17xx_libcfg_default.o)
 .ARM.attributes
                0x00000330       0x33 c:/nxp/lpcxpresso_8.2.2_650/lpcxpresso/tools/bin/../lib/gcc/arm-none-eabi/5.4.1/../../../../arm-none-eabi/lib/armv7-m\libcr_semihost.a(_cr__main.o)
 .ARM.attributes
                0x00000363       0x33 c:/nxp/lpcxpresso_8.2.2_650/lpcxpresso/tools/bin/../lib/gcc/arm-none-eabi/5.4.1/../../../../arm-none-eabi/lib/armv7-m\libcr_c.a(initio.o)
 .ARM.attributes
                0x00000396       0x33 c:/nxp/lpcxpresso_8.2.2_650/lpcxpresso/tools/bin/../lib/gcc/arm-none-eabi/5.4.1/../../../../arm-none-eabi/lib/armv7-m\libcr_c.a(setvbuf.o)
 .ARM.attributes
                0x000003c9       0x33 c:/nxp/lpcxpresso_8.2.2_650/lpcxpresso/tools/bin/../lib/gcc/arm-none-eabi/5.4.1/../../../../arm-none-eabi/lib/armv7-m\libcr_c.a(stdio.o)
 .ARM.attributes
                0x000003fc       0x33 c:/nxp/lpcxpresso_8.2.2_650/lpcxpresso/tools/bin/../lib/gcc/arm-none-eabi/5.4.1/../../../../arm-none-eabi/lib/armv7-m\libcr_c.a(memset.o)
 .ARM.attributes
                0x0000042f       0x33 c:/nxp/lpcxpresso_8.2.2_650/lpcxpresso/tools/bin/../lib/gcc/arm-none-eabi/5.4.1/../../../../arm-none-eabi/lib/armv7-m\libcr_c.a(_deferredlazyseek.o)
 .ARM.attributes
                0x00000462       0x33 c:/nxp/lpcxpresso_8.2.2_650/lpcxpresso/tools/bin/../lib/gcc/arm-none-eabi/5.4.1/../../../../arm-none-eabi/lib/armv7-m\libcr_c.a(_fdopen.o)
 .ARM.attributes
                0x00000495       0x33 c:/nxp/lpcxpresso_8.2.2_650/lpcxpresso/tools/bin/../lib/gcc/arm-none-eabi/5.4.1/../../../../arm-none-eabi/lib/armv7-m\libcr_c.a(_fflush.o)
 .ARM.attributes
                0x000004c8       0x33 c:/nxp/lpcxpresso_8.2.2_650/lpcxpresso/tools/bin/../lib/gcc/arm-none-eabi/5.4.1/../../../../arm-none-eabi/lib/armv7-m\libcr_c.a(_writebuf.o)
 .ARM.attributes
                0x000004fb       0x33 c:/nxp/lpcxpresso_8.2.2_650/lpcxpresso/tools/bin/../lib/gcc/arm-none-eabi/5.4.1/../../../../arm-none-eabi/lib/armv7-m\libcr_c.a(alloc.o)
 .ARM.attributes
                0x0000052e       0x33 c:/nxp/lpcxpresso_8.2.2_650/lpcxpresso/tools/bin/../lib/gcc/arm-none-eabi/5.4.1/../../../../arm-none-eabi/lib/armv7-m\libcr_c.a(fclose.o)
 .ARM.attributes
                0x00000561       0x33 c:/nxp/lpcxpresso_8.2.2_650/lpcxpresso/tools/bin/../lib/gcc/arm-none-eabi/5.4.1/../../../../arm-none-eabi/lib/armv7-m\libcr_c.a(fflush.o)
 .ARM.attributes
                0x00000594       0x33 c:/nxp/lpcxpresso_8.2.2_650/lpcxpresso/tools/bin/../lib/gcc/arm-none-eabi/5.4.1/../../../../arm-none-eabi/lib/armv7-m\libcr_c.a(fseek.o)
 .ARM.attributes
                0x000005c7       0x33 c:/nxp/lpcxpresso_8.2.2_650/lpcxpresso/tools/bin/../lib/gcc/arm-none-eabi/5.4.1/../../../../arm-none-eabi/lib/armv7-m\libcr_c.a(ftell.o)
 .ARM.attributes
                0x000005fa       0x33 c:/nxp/lpcxpresso_8.2.2_650/lpcxpresso/tools/bin/../lib/gcc/arm-none-eabi/5.4.1/../../../../arm-none-eabi/lib/armv7-m\libcr_c.a(remove.o)
 .ARM.attributes
                0x0000062d       0x33 c:/nxp/lpcxpresso_8.2.2_650/lpcxpresso/tools/bin/../lib/gcc/arm-none-eabi/5.4.1/../../../../arm-none-eabi/lib/armv7-m\libcr_c.a(strlen.o)
 .ARM.attributes
                0x00000660       0x33 c:/nxp/lpcxpresso_8.2.2_650/lpcxpresso/tools/bin/../lib/gcc/arm-none-eabi/5.4.1/../../../../arm-none-eabi/lib/armv7-m\libcr_c.a(__init_alloc.o)
 .ARM.attributes
                0x00000693       0x33 c:/nxp/lpcxpresso_8.2.2_650/lpcxpresso/tools/bin/../lib/gcc/arm-none-eabi/5.4.1/../../../../arm-none-eabi/lib/armv7-m\libcr_c.a(_cr_sbrk.o)
 .ARM.attributes
                0x000006c6       0x33 c:/nxp/lpcxpresso_8.2.2_650/lpcxpresso/tools/bin/../lib/gcc/arm-none-eabi/5.4.1/../../../../arm-none-eabi/lib/armv7-m\libcr_c.a(_do_fflush.o)
 .ARM.attributes
                0x000006f9       0x33 c:/nxp/lpcxpresso_8.2.2_650/lpcxpresso/tools/bin/../lib/gcc/arm-none-eabi/5.4.1/../../../../arm-none-eabi/lib/armv7-m\libcr_c.a(errno.o)
 .ARM.attributes
                0x0000072c       0x33 c:/nxp/lpcxpresso_8.2.2_650/lpcxpresso/tools/bin/../lib/gcc/arm-none-eabi/5.4.1/../../../../arm-none-eabi/lib/armv7-m\libcr_c.a(_cr_check_heap.o)
 .ARM.attributes
                0x0000075f       0x21 c:/nxp/lpcxpresso_8.2.2_650/lpcxpresso/tools/bin/../lib/gcc/arm-none-eabi/5.4.1/armv7-m\libcr_eabihelpers.a(division_64.o)
 .ARM.attributes
                0x00000780       0x21 c:/nxp/lpcxpresso_8.2.2_650/lpcxpresso/tools/bin/../lib/gcc/arm-none-eabi/5.4.1/armv7-m\libcr_eabihelpers.a(division_idiv0.o)
 .ARM.attributes
                0x000007a1       0x21 c:/nxp/lpcxpresso_8.2.2_650/lpcxpresso/tools/bin/../lib/gcc/arm-none-eabi/5.4.1/armv7-m\libcr_eabihelpers.a(memcpy.o)
 .ARM.attributes
                0x000007c2       0x21 c:/nxp/lpcxpresso_8.2.2_650/lpcxpresso/tools/bin/../lib/gcc/arm-none-eabi/5.4.1/../../../../arm-none-eabi/lib/armv7-m\libcr_semihost.a(__sys_appexit.o)
 .ARM.attributes
                0x000007e3       0x21 c:/nxp/lpcxpresso_8.2.2_650/lpcxpresso/tools/bin/../lib/gcc/arm-none-eabi/5.4.1/../../../../arm-none-eabi/lib/armv7-m\libcr_semihost.a(__sys_close.o)
 .ARM.attributes
                0x00000804       0x21 c:/nxp/lpcxpresso_8.2.2_650/lpcxpresso/tools/bin/../lib/gcc/arm-none-eabi/5.4.1/../../../../arm-none-eabi/lib/armv7-m\libcr_semihost.a(__sys_flen.o)
 .ARM.attributes
                0x00000825       0x21 c:/nxp/lpcxpresso_8.2.2_650/lpcxpresso/tools/bin/../lib/gcc/arm-none-eabi/5.4.1/../../../../arm-none-eabi/lib/armv7-m\libcr_semihost.a(__sys_istty.o)
 .ARM.attributes
                0x00000846       0x21 c:/nxp/lpcxpresso_8.2.2_650/lpcxpresso/tools/bin/../lib/gcc/arm-none-eabi/5.4.1/../../../../arm-none-eabi/lib/armv7-m\libcr_semihost.a(__sys_remove.o)
 .ARM.attributes
                0x00000867       0x21 c:/nxp/lpcxpresso_8.2.2_650/lpcxpresso/tools/bin/../lib/gcc/arm-none-eabi/5.4.1/../../../../arm-none-eabi/lib/armv7-m\libcr_semihost.a(__sys_seek.o)
 .ARM.attributes
                0x00000888       0x21 c:/nxp/lpcxpresso_8.2.2_650/lpcxpresso/tools/bin/../lib/gcc/arm-none-eabi/5.4.1/../../../../arm-none-eabi/lib/armv7-m\libcr_semihost.a(__sys_tmpnam.o)
 .ARM.attributes
                0x000008a9       0x21 c:/nxp/lpcxpresso_8.2.2_650/lpcxpresso/tools/bin/../lib/gcc/arm-none-eabi/5.4.1/../../../../arm-none-eabi/lib/armv7-m\libcr_semihost.a(__sys_write.o)

.debug_frame    0x00000000      0xd98
 .debug_frame   0x00000000       0x48 ./tasks/heartbeat_1769_003-0_c02a.o
 .debug_frame   0x00000048       0x2c ./tasks/led.o
 .debug_frame   0x00000074       0x54 ./tasks/watchdog_1769_003-0_c02a.o
 .debug_frame   0x000000c8      0x1e8 ./tasks/wifi_esp8266.o
 .debug_frame   0x000002b0       0xf4 ./task_support/DCS_buffer.o
 .debug_frame   0x000003a4       0x58 ./task_support/uart.o
 .debug_frame   0x000003fc       0x98 ./system/system_1769_003-0_c03a.o
 .debug_frame   0x00000494      0x12c ./scheduler/ttc_sch_od_1769_003-0_c02b.o
 .debug_frame   0x000005c0       0x2c ./main/main.o
 .debug_frame   0x000005ec      0x170 ./arm-nxp/cr_startup_lpc176x.o
 .debug_frame   0x0000075c      0x1c0 D:\Santiago\Universidad\PPS\Workspaces\Pruebas\CMSIS_CORE_LPC17xx\Debug\libCMSIS_CORE_LPC17xx.a(lpc17xx_gpio.o)
 .debug_frame   0x0000091c       0x4c D:\Santiago\Universidad\PPS\Workspaces\Pruebas\CMSIS_CORE_LPC17xx\Debug\libCMSIS_CORE_LPC17xx.a(lpc17xx_pinsel.o)
 .debug_frame   0x00000968      0x32c D:\Santiago\Universidad\PPS\Workspaces\Pruebas\CMSIS_CORE_LPC17xx\Debug\libCMSIS_CORE_LPC17xx.a(lpc17xx_uart.o)
 .debug_frame   0x00000c94       0x3c D:\Santiago\Universidad\PPS\Workspaces\Pruebas\CMSIS_CORE_LPC17xx\Debug\libCMSIS_CORE_LPC17xx.a(system_LPC17xx.o)
 .debug_frame   0x00000cd0       0xa8 D:\Santiago\Universidad\PPS\Workspaces\Pruebas\CMSIS_CORE_LPC17xx\Debug\libCMSIS_CORE_LPC17xx.a(lpc17xx_clkpwr.o)
 .debug_frame   0x00000d78       0x20 D:\Santiago\Universidad\PPS\Workspaces\Pruebas\CMSIS_CORE_LPC17xx\Debug\libCMSIS_CORE_LPC17xx.a(lpc17xx_libcfg_default.o)

.debug_loc      0x00000000     0x1ca4
 .debug_loc     0x00000000      0x76a D:\Santiago\Universidad\PPS\Workspaces\Pruebas\CMSIS_CORE_LPC17xx\Debug\libCMSIS_CORE_LPC17xx.a(lpc17xx_gpio.o)
 .debug_loc     0x0000076a      0x15c D:\Santiago\Universidad\PPS\Workspaces\Pruebas\CMSIS_CORE_LPC17xx\Debug\libCMSIS_CORE_LPC17xx.a(lpc17xx_pinsel.o)
 .debug_loc     0x000008c6     0x1235 D:\Santiago\Universidad\PPS\Workspaces\Pruebas\CMSIS_CORE_LPC17xx\Debug\libCMSIS_CORE_LPC17xx.a(lpc17xx_uart.o)
 .debug_loc     0x00001afb      0x1a9 D:\Santiago\Universidad\PPS\Workspaces\Pruebas\CMSIS_CORE_LPC17xx\Debug\libCMSIS_CORE_LPC17xx.a(lpc17xx_clkpwr.o)
