Archive member included to satisfy reference by file (symbol)

D:\Santiago\Universidad\PPS\Workspaces\Pruebas\CMSIS_CORE_LPC17xx\Debug\libCMSIS_CORE_LPC17xx.a(system_LPC17xx.o)
                              ./src/arm-nxp/cr_startup_lpc176x.o (SystemInit)
c:/nxp/lpcxpresso_8.2.2_650/lpcxpresso/tools/bin/../lib/gcc/arm-none-eabi/5.4.1/../../../../arm-none-eabi/lib/armv7-m\libcr_c.a(memcpy.o)
                              ./src/bertrik_sikken/lpcusb.o (memcpy)
c:/nxp/lpcxpresso_8.2.2_650/lpcxpresso/tools/bin/../lib/gcc/arm-none-eabi/5.4.1/../../../../arm-none-eabi/lib/armv7-m\libcr_c.a(__weak__main.o)
                              ./src/arm-nxp/cr_startup_lpc176x.o (__main)
c:/nxp/lpcxpresso_8.2.2_650/lpcxpresso/tools/bin/../lib/gcc/arm-none-eabi/5.4.1/armv7-m\libcr_eabihelpers.a(division_64.o)
                              ./src/arm-nxp/lpc17xx_i2s.o (__aeabi_uldivmod)
c:/nxp/lpcxpresso_8.2.2_650/lpcxpresso/tools/bin/../lib/gcc/arm-none-eabi/5.4.1/armv7-m\libcr_eabihelpers.a(division_idiv0.o)
                              c:/nxp/lpcxpresso_8.2.2_650/lpcxpresso/tools/bin/../lib/gcc/arm-none-eabi/5.4.1/armv7-m\libcr_eabihelpers.a(division_64.o) (__aeabi_idiv0)
c:/nxp/lpcxpresso_8.2.2_650/lpcxpresso/tools/bin/../lib/gcc/arm-none-eabi/5.4.1/armv7-m\libcr_eabihelpers.a(float.o)
                              ./src/arm-nxp/lpc17xx_systick.o (__aeabi_ui2f)
c:/nxp/lpcxpresso_8.2.2_650/lpcxpresso/tools/bin/../lib/gcc/arm-none-eabi/5.4.1/armv7-m\libcr_eabihelpers.a(memcpy.o)
                              c:/nxp/lpcxpresso_8.2.2_650/lpcxpresso/tools/bin/../lib/gcc/arm-none-eabi/5.4.1/../../../../arm-none-eabi/lib/armv7-m\libcr_c.a(memcpy.o) (__aeabi_memcpy)

Discarded input sections

 .group         0x00000000        0x8 ./src/tasks/heartbeat_1769_003-0_c02a.o
 .group         0x00000000        0x8 ./src/tasks/heartbeat_1769_003-0_c02a.o
 .group         0x00000000        0x8 ./src/tasks/heartbeat_1769_003-0_c02a.o
 .group         0x00000000        0x8 ./src/tasks/heartbeat_1769_003-0_c02a.o
 .group         0x00000000        0x8 ./src/tasks/heartbeat_1769_003-0_c02a.o
 .group         0x00000000        0x8 ./src/tasks/heartbeat_1769_003-0_c02a.o
 .group         0x00000000        0x8 ./src/tasks/heartbeat_1769_003-0_c02a.o
 .group         0x00000000        0x8 ./src/tasks/heartbeat_1769_003-0_c02a.o
 .group         0x00000000        0x8 ./src/tasks/heartbeat_1769_003-0_c02a.o
 .group         0x00000000        0x8 ./src/tasks/heartbeat_1769_003-0_c02a.o
 .group         0x00000000        0x8 ./src/tasks/heartbeat_1769_003-0_c02a.o
 .group         0x00000000        0x8 ./src/tasks/heartbeat_1769_003-0_c02a.o
 .group         0x00000000        0x8 ./src/tasks/heartbeat_1769_003-0_c02a.o
 .group         0x00000000        0x8 ./src/tasks/heartbeat_1769_003-0_c02a.o
 .group         0x00000000        0x8 ./src/tasks/heartbeat_1769_003-0_c02a.o
 .text          0x00000000        0x0 ./src/tasks/heartbeat_1769_003-0_c02a.o
 .data          0x00000000        0x0 ./src/tasks/heartbeat_1769_003-0_c02a.o
 .bss           0x00000000        0x0 ./src/tasks/heartbeat_1769_003-0_c02a.o
 .group         0x00000000        0x8 ./src/tasks/menu_1769_003-0_c13a.o
 .group         0x00000000        0x8 ./src/tasks/menu_1769_003-0_c13a.o
 .group         0x00000000        0x8 ./src/tasks/menu_1769_003-0_c13a.o
 .group         0x00000000        0x8 ./src/tasks/menu_1769_003-0_c13a.o
 .group         0x00000000        0x8 ./src/tasks/menu_1769_003-0_c13a.o
 .group         0x00000000        0x8 ./src/tasks/menu_1769_003-0_c13a.o
 .group         0x00000000        0x8 ./src/tasks/menu_1769_003-0_c13a.o
 .group         0x00000000        0x8 ./src/tasks/menu_1769_003-0_c13a.o
 .group         0x00000000        0x8 ./src/tasks/menu_1769_003-0_c13a.o
 .group         0x00000000        0x8 ./src/tasks/menu_1769_003-0_c13a.o
 .group         0x00000000        0x8 ./src/tasks/menu_1769_003-0_c13a.o
 .group         0x00000000        0x8 ./src/tasks/menu_1769_003-0_c13a.o
 .group         0x00000000        0x8 ./src/tasks/menu_1769_003-0_c13a.o
 .group         0x00000000        0x8 ./src/tasks/menu_1769_003-0_c13a.o
 .group         0x00000000        0x8 ./src/tasks/menu_1769_003-0_c13a.o
 .group         0x00000000        0x8 ./src/tasks/menu_1769_003-0_c13a.o
 .group         0x00000000        0x8 ./src/tasks/menu_1769_003-0_c13a.o
 .text          0x00000000        0x0 ./src/tasks/menu_1769_003-0_c13a.o
 .data          0x00000000        0x0 ./src/tasks/menu_1769_003-0_c13a.o
 .bss           0x00000000        0x0 ./src/tasks/menu_1769_003-0_c13a.o
 .debug_macro   0x00000000      0x88c ./src/tasks/menu_1769_003-0_c13a.o
 .debug_macro   0x00000000       0x10 ./src/tasks/menu_1769_003-0_c13a.o
 .debug_macro   0x00000000      0x12d ./src/tasks/menu_1769_003-0_c13a.o
 .debug_macro   0x00000000       0x1c ./src/tasks/menu_1769_003-0_c13a.o
 .debug_macro   0x00000000       0x3a ./src/tasks/menu_1769_003-0_c13a.o
[...]
Memory Configuration

Name             Origin             Length             Attributes
MFlash512        0x00000000         0x00080000         xr
RamLoc32         0x10000000         0x00008000         xrw
RamAHB32         0x2007c000         0x00008000         xrw
*default*        0x00000000         0xffffffff

Linker script and memory map

LOAD ./src/tasks/heartbeat_1769_003-0_c02a.o
LOAD ./src/tasks/menu_1769_003-0_c13a.o
LOAD ./src/tasks/spi_7_seg_display_1769_003-0_c13a.o
LOAD ./src/tasks/switch_ea-sw3_1769_003-0_c13a.o
LOAD ./src/tasks/watchdog_1769_003-0_c02a.o
LOAD ./src/system_tests/system_test_mcu_temperature_1769_003-0_c13a.o
LOAD ./src/system_mode/system_mode_1769_003-0_c13a.o
LOAD ./src/scheduler/ttc_sch_1769_003-0_c02a.o
LOAD ./src/main/main.o
LOAD ./src/bertrik_sikken/lpcusb.o
LOAD ./src/bertrik_sikken/serial_fifo.o
LOAD ./src/arm-nxp/cr_startup_lpc176x.o
LOAD ./src/arm-nxp/lpc17xx_adc.o
LOAD ./src/arm-nxp/lpc17xx_can.o
LOAD ./src/arm-nxp/lpc17xx_clkpwr.o
LOAD ./src/arm-nxp/lpc17xx_dac.o
LOAD ./src/arm-nxp/lpc17xx_emac.o
LOAD ./src/arm-nxp/lpc17xx_exti.o
LOAD ./src/arm-nxp/lpc17xx_gpdma.o
LOAD ./src/arm-nxp/lpc17xx_gpio.o
LOAD ./src/arm-nxp/lpc17xx_i2c.o
LOAD ./src/arm-nxp/lpc17xx_i2s.o
LOAD ./src/arm-nxp/lpc17xx_iap.o
LOAD ./src/arm-nxp/lpc17xx_libcfg_default.o
LOAD ./src/arm-nxp/lpc17xx_mcpwm.o
LOAD ./src/arm-nxp/lpc17xx_nvic.o
LOAD ./src/arm-nxp/lpc17xx_pinsel.o
LOAD ./src/arm-nxp/lpc17xx_pwm.o
LOAD ./src/arm-nxp/lpc17xx_qei.o
LOAD ./src/arm-nxp/lpc17xx_rit.o
LOAD ./src/arm-nxp/lpc17xx_rtc.o
LOAD ./src/arm-nxp/lpc17xx_spi.o
LOAD ./src/arm-nxp/lpc17xx_ssp.o
LOAD ./src/arm-nxp/lpc17xx_systick.o
LOAD ./src/arm-nxp/lpc17xx_timer.o
LOAD ./src/arm-nxp/lpc17xx_uart.o
LOAD ./src/arm-nxp/lpc17xx_wdt.o
LOAD ./src/arm-nxp/usbcontrol.o
LOAD ./src/arm-nxp/usbhw_lpc.o
LOAD ./src/arm-nxp/usbinit.o
LOAD ./src/arm-nxp/usbstdreq.o
LOAD ./src/crp.o
LOAD D:\Santiago\Universidad\PPS\Workspaces\Pruebas\CMSIS_CORE_LPC17xx\Debug\libCMSIS_CORE_LPC17xx.a
START GROUP
LOAD c:/nxp/lpcxpresso_8.2.2_650/lpcxpresso/tools/bin/../lib/gcc/arm-none-eabi/5.4.1/../../../../arm-none-eabi/lib/armv7-m\libcr_c.a
LOAD c:/nxp/lpcxpresso_8.2.2_650/lpcxpresso/tools/bin/../lib/gcc/arm-none-eabi/5.4.1/armv7-m\libcr_eabihelpers.a
END GROUP
                0x00000000                __base_MFlash512 = 0x0
                0x00000000                __base_Flash = 0x0
                0x00080000                __top_MFlash512 = 0x80000
                0x00080000                __top_Flash = 0x80000
                0x10000000                __base_RamLoc32 = 0x10000000
                0x10000000                __base_RAM = 0x10000000
                0x10008000                __top_RamLoc32 = 0x10008000
                0x10008000                __top_RAM = 0x10008000
                0x2007c000                __base_RamAHB32 = 0x2007c000
                0x2007c000                __base_RAM2 = 0x2007c000
                0x20084000                __top_RamAHB32 = 0x20084000
                0x20084000                __top_RAM2 = 0x20084000

.text           0x00000000     0x2a94
 FILL mask 0xff
                0x00000000                __vectors_start__ = ABSOLUTE (.)
 *(.isr_vector)
 .isr_vector    0x00000000       0xcc ./src/arm-nxp/cr_startup_lpc176x.o
                0x00000000                g_pfnVectors
                0x000000cc                . = ALIGN (0x4)
                0x000000cc                __section_table_start = .
                0x000000cc                __data_section_table = .
                0x000000cc        0x4 LONG 0x2a94 LOADADDR (.data)
                0x000000d0        0x4 LONG 0x10000000 ADDR (.data)
                0x000000d4        0x4 LONG 0x10 SIZEOF (.data)
                0x000000d8        0x4 LONG 0x2a94 LOADADDR (.data_RAM2)
                0x000000dc        0x4 LONG 0x2007c000 ADDR (.data_RAM2)
                0x000000e0        0x4 LONG 0x0 SIZEOF (.data_RAM2)
                0x000000e4                __data_section_table_end = .
                0x000000e4                __bss_section_table = .
                0x000000e4        0x4 LONG 0x10000010 ADDR (.bss)
                0x000000e8        0x4 LONG 0x6fc SIZEOF (.bss)
                0x000000ec        0x4 LONG 0x2007c000 ADDR (.bss_RAM2)
                0x000000f0        0x4 LONG 0x0 SIZEOF (.bss_RAM2)
                0x000000f4                __bss_section_table_end = .
                0x000000f4                __section_table_end = .
 *(.after_vectors*)
 .after_vectors
                0x000000f4      0x144 ./src/arm-nxp/cr_startup_lpc176x.o
                0x000000f4                data_init
                0x00000138                bss_init
                0x00000170                ResetISR
                0x000001e8                NMI_Handler
                0x000001f0                HardFault_Handler
                0x000001f8                MemManage_Handler
                0x00000200                BusFault_Handler
                0x00000208                UsageFault_Handler
                0x00000210                SVCall_Handler
                0x00000218                DebugMon_Handler
                0x00000220                PendSV_Handler
                0x00000230                EINT2_IRQHandler
                0x00000230                UART1_IRQHandler
                0x00000230                EINT3_IRQHandler
                0x00000230                CANActivity_IRQHandler
                0x00000230                TIMER3_IRQHandler
                0x00000230                UART0_IRQHandler
                0x00000230                PWM1_IRQHandler
                0x00000230                USBActivity_IRQHandler
                0x00000230                IntDefaultHandler
                0x00000230                PLL0_IRQHandler
                0x00000230                I2C0_IRQHandler
                0x00000230                PLL1_IRQHandler
                0x00000230                I2C1_IRQHandler
                0x00000230                I2S_IRQHandler
                0x00000230                I2C2_IRQHandler
                0x00000230                RTC_IRQHandler
                0x00000230                TIMER0_IRQHandler
                0x00000230                SPI_IRQHandler
                0x00000230                RIT_IRQHandler
                0x00000230                EINT1_IRQHandler
                0x00000230                TIMER1_IRQHandler
                0x00000230                UART2_IRQHandler
                0x00000230                ADC_IRQHandler
                0x00000230                SSP1_IRQHandler
                0x00000230                BOD_IRQHandler
                0x00000230                SSP0_IRQHandler
                0x00000230                WDT_IRQHandler
                0x00000230                QEI_IRQHandler
                0x00000230                EINT0_IRQHandler
                0x00000230                TIMER2_IRQHandler
                0x00000230                DMA_IRQHandler
                0x00000230                CAN_IRQHandler
                0x00000230                UART3_IRQHandler
                0x00000230                MCPWM_IRQHandler
                0x00000230                ENET_IRQHandler
 *(.text*)
 .text.HEARTBEAT_Init
                0x00000238       0x14 ./src/tasks/heartbeat_1769_003-0_c02a.o
                0x00000238                HEARTBEAT_Init
 .text.HEARTBEAT_Update
                0x0000024c       0xb4 ./src/tasks/heartbeat_1769_003-0_c02a.o
                0x0000024c                HEARTBEAT_Update
 .text.MENU_Init
                0x00000300       0x24 ./src/tasks/menu_1769_003-0_c13a.o
                0x00000300                MENU_Init
 .text.MENU_Update
                0x00000324       0xb8 ./src/tasks/menu_1769_003-0_c13a.o
                0x00000324                MENU_Update
 .text.MENU_Show_Menu
                0x000003dc       0x3c ./src/tasks/menu_1769_003-0_c13a.o
                0x000003dc                MENU_Show_Menu
 .text.MENU_Perform_Task
                0x00000418      0x140 ./src/tasks/menu_1769_003-0_c13a.o
                0x00000418                MENU_Perform_Task
 .text.MENU_Write_String_To_Buffer
                0x00000558       0x38 ./src/tasks/menu_1769_003-0_c13a.o
                0x00000558                MENU_Write_String_To_Buffer
 .text.SPI_7_SEG_DISPLAY_Init
                0x00000590       0x6c ./src/tasks/spi_7_seg_display_1769_003-0_c13a.o
                0x00000590                SPI_7_SEG_DISPLAY_Init
 .text.SPI_7_SEG_DISPLAY_Update
                0x000005fc       0x60 ./src/tasks/spi_7_seg_display_1769_003-0_c13a.o
                0x000005fc                SPI_7_SEG_DISPLAY_Update
 .text.SWITCH_SW3_Init
                0x0000065c       0x2c ./src/tasks/switch_ea-sw3_1769_003-0_c13a.o
                0x0000065c                SWITCH_SW3_Init
 .text.SWITCH_SW3_Update
                0x00000688       0x80 ./src/tasks/switch_ea-sw3_1769_003-0_c13a.o
                0x00000688                SWITCH_SW3_Update
 .text.WATCHDOG_Init
                0x00000708       0x80 ./src/tasks/watchdog_1769_003-0_c02a.o
                0x00000708                WATCHDOG_Init
 .text.WATCHDOG_Update
                0x00000788       0x20 ./src/tasks/watchdog_1769_003-0_c02a.o
                0x00000788                WATCHDOG_Update
 .text.SYS_CHECK_MCU_TEMP_Init
                0x000007a8       0x2c ./src/system_tests/system_test_mcu_temperature_1769_003-0_c13a.o
                0x000007a8                SYS_CHECK_MCU_TEMP_Init
 .text.SYS_CHECK_MCU_TEMP_Update
                0x000007d4      0x100 ./src/system_tests/system_test_mcu_temperature_1769_003-0_c13a.o
                0x000007d4                SYS_CHECK_MCU_TEMP_Update
 .text.SYSTEM_Init
                0x000008d4       0x10 ./src/system_mode/system_mode_1769_003-0_c13a.o
                0x000008d4                SYSTEM_Init
 .text.SYSTEM_Identify_Required_Mode
                0x000008e4       0x4c ./src/system_mode/system_mode_1769_003-0_c13a.o
                0x000008e4                SYSTEM_Identify_Required_Mode
 .text.SYSTEM_Configure_Required_Mode
                0x00000930       0xdc ./src/system_mode/system_mode_1769_003-0_c13a.o
                0x00000930                SYSTEM_Configure_Required_Mode
 .text.SYSTEM_Perform_Safe_Shutdown
                0x00000a0c       0x34 ./src/system_mode/system_mode_1769_003-0_c13a.o
                0x00000a0c                SYSTEM_Perform_Safe_Shutdown
 .text.NVIC_SetPriority
                0x00000a40       0x54 ./src/scheduler/ttc_sch_1769_003-0_c02a.o
 .text.SysTick_Config
                0x00000a94       0x44 ./src/scheduler/ttc_sch_1769_003-0_c02a.o
 .text.SCH_Init
                0x00000ad8       0x90 ./src/scheduler/ttc_sch_1769_003-0_c02a.o
                0x00000ad8                SCH_Init
 .text.SCH_Start
                0x00000b68       0x28 ./src/scheduler/ttc_sch_1769_003-0_c02a.o
                0x00000b68                SCH_Start
 .text.SysTick_Handler
                0x00000b90       0x1c ./src/scheduler/ttc_sch_1769_003-0_c02a.o
                0x00000b90                SysTick_Handler
 .text.SCH_Dispatch_Tasks
                0x00000bac       0xf8 ./src/scheduler/ttc_sch_1769_003-0_c02a.o
                0x00000bac                SCH_Dispatch_Tasks
 .text.SCH_Add_Task
                0x00000ca4       0xdc ./src/scheduler/ttc_sch_1769_003-0_c02a.o
                0x00000ca4                SCH_Add_Task
 .text.SCH_Go_To_Sleep
                0x00000d80       0x10 ./src/scheduler/ttc_sch_1769_003-0_c02a.o
 .text.main     0x00000d90       0x14 ./src/main/main.o
                0x00000d90                main
 .text.BulkOut  0x00000da4       0x6c ./src/bertrik_sikken/lpcusb.o
 .text.BulkIn   0x00000e10       0x74 ./src/bertrik_sikken/lpcusb.o
 .text.HandleClassRequest
                0x00000e84       0x54 ./src/bertrik_sikken/lpcusb.o
 .text.VCOM_init
                0x00000ed8       0x28 ./src/bertrik_sikken/lpcusb.o
                0x00000ed8                VCOM_init
 .text.VCOM_putchar
                0x00000f00       0x30 ./src/bertrik_sikken/lpcusb.o
                0x00000f00                VCOM_putchar
 .text.VCOM_getchar
                0x00000f30       0x2c ./src/bertrik_sikken/lpcusb.o
                0x00000f30                VCOM_getchar
 .text.USB_IRQHandler
                0x00000f5c        0xc ./src/bertrik_sikken/lpcusb.o
                0x00000f5c                USB_IRQHandler
 .text.USBFrameHandler
                0x00000f68       0x28 ./src/bertrik_sikken/lpcusb.o
 .text.USB_SERIAL_Init
                0x00000f90       0x64 ./src/bertrik_sikken/lpcusb.o
                0x00000f90                USB_SERIAL_Init
 .text.USB_SERIAL_Update
                0x00000ff4        0xc ./src/bertrik_sikken/lpcusb.o
                0x00000ff4                USB_SERIAL_Update
 .text.fifo_init
                0x00001000       0x28 ./src/bertrik_sikken/serial_fifo.o
                0x00001000                fifo_init
 .text.fifo_put
                0x00001028       0x5c ./src/bertrik_sikken/serial_fifo.o
                0x00001028                fifo_put
 .text.fifo_get
                0x00001084       0x5c ./src/bertrik_sikken/serial_fifo.o
                0x00001084                fifo_get
 .text.fifo_avail
                0x000010e0       0x38 ./src/bertrik_sikken/serial_fifo.o
                0x000010e0                fifo_avail
 .text.fifo_free
                0x00001118       0x20 ./src/bertrik_sikken/serial_fifo.o
                0x00001118                fifo_free
 .text.CLKPWR_GetPCLKSEL
                0x00001138       0x48 ./src/arm-nxp/lpc17xx_clkpwr.o
                0x00001138                CLKPWR_GetPCLKSEL
 .text.CLKPWR_GetPCLK
                0x00001180       0x64 ./src/arm-nxp/lpc17xx_clkpwr.o
                0x00001180                CLKPWR_GetPCLK
 .text.CLKPWR_ConfigPPWR
                0x000011e4       0x58 ./src/arm-nxp/lpc17xx_clkpwr.o
                0x000011e4                CLKPWR_ConfigPPWR
 .text.GPIO_GetPointer
                0x0000123c       0x70 ./src/arm-nxp/lpc17xx_gpio.o
 .text.GPIO_SetDir
                0x000012ac       0x4c ./src/arm-nxp/lpc17xx_gpio.o
                0x000012ac                GPIO_SetDir
 .text.GPIO_SetValue
                0x000012f8       0x2c ./src/arm-nxp/lpc17xx_gpio.o
                0x000012f8                GPIO_SetValue
 .text.GPIO_ClearValue
                0x00001324       0x2c ./src/arm-nxp/lpc17xx_gpio.o
                0x00001324                GPIO_ClearValue
 .text.GPIO_ReadValue
                0x00001350       0x2c ./src/arm-nxp/lpc17xx_gpio.o
                0x00001350                GPIO_ReadValue
 .text.check_failed
                0x0000137c        0xc ./src/arm-nxp/lpc17xx_libcfg_default.o
                0x0000137c                check_failed
 .text.setSSPclock
                0x00001388       0xc4 ./src/arm-nxp/lpc17xx_ssp.o
 .text.SSP_Init
                0x0000144c       0x9c ./src/arm-nxp/lpc17xx_ssp.o
                0x0000144c                SSP_Init
 .text.SSP_GetDataSize
                0x000014e8       0x40 ./src/arm-nxp/lpc17xx_ssp.o
                0x000014e8                SSP_GetDataSize
 .text.SSP_ConfigStructInit
                0x00001528       0x3c ./src/arm-nxp/lpc17xx_ssp.o
                0x00001528                SSP_ConfigStructInit
 .text.SSP_Cmd  0x00001564       0x6c ./src/arm-nxp/lpc17xx_ssp.o
                0x00001564                SSP_Cmd
 .text.SSP_SendData
                0x000015d0       0x40 ./src/arm-nxp/lpc17xx_ssp.o
                0x000015d0                SSP_SendData
 .text.SSP_ReceiveData
                0x00001610       0x3c ./src/arm-nxp/lpc17xx_ssp.o
                0x00001610                SSP_ReceiveData
 .text.SSP_ReadWrite
                0x0000164c      0x350 ./src/arm-nxp/lpc17xx_ssp.o
                0x0000164c                SSP_ReadWrite
 .text._HandleRequest
                0x0000199c       0x48 ./src/arm-nxp/usbcontrol.o
 .text.StallControlPipe
                0x000019e4       0x1c ./src/arm-nxp/usbcontrol.o
 .text.DataIn   0x00001a00       0x48 ./src/arm-nxp/usbcontrol.o
 .text.USBHandleControlTransfer
                0x00001a48      0x15c ./src/arm-nxp/usbcontrol.o
                0x00001a48                USBHandleControlTransfer
 .text.USBRegisterRequestHandler
                0x00001ba4       0x34 ./src/arm-nxp/usbcontrol.o
                0x00001ba4                USBRegisterRequestHandler
 .text.Wait4DevInt
                0x00001bd8       0x30 ./src/arm-nxp/usbhw_lpc.o
 .text.USBHwCmd
                0x00001c08       0x34 ./src/arm-nxp/usbhw_lpc.o
 .text.USBHwCmdWrite
                0x00001c3c       0x38 ./src/arm-nxp/usbhw_lpc.o
 .text.USBHwCmdRead
                0x00001c74       0x3c ./src/arm-nxp/usbhw_lpc.o
 .text.USBHwEPRealize
                0x00001cb0       0x48 ./src/arm-nxp/usbhw_lpc.o
 .text.USBHwEPEnable
                0x00001cf8       0x34 ./src/arm-nxp/usbhw_lpc.o
 .text.USBHwEPConfig
                0x00001d2c       0x3c ./src/arm-nxp/usbhw_lpc.o
                0x00001d2c                USBHwEPConfig
 .text.USBHwRegisterEPIntHandler
                0x00001d68       0x68 ./src/arm-nxp/usbhw_lpc.o
                0x00001d68                USBHwRegisterEPIntHandler
 .text.USBHwRegisterDevIntHandler
                0x00001dd0       0x30 ./src/arm-nxp/usbhw_lpc.o
                0x00001dd0                USBHwRegisterDevIntHandler
 .text.USBHwRegisterFrameHandler
                0x00001e00       0x30 ./src/arm-nxp/usbhw_lpc.o
                0x00001e00                USBHwRegisterFrameHandler
 .text.USBHwSetAddress
                0x00001e30       0x24 ./src/arm-nxp/usbhw_lpc.o
                0x00001e30                USBHwSetAddress
 .text.USBHwConnect
                0x00001e54       0x28 ./src/arm-nxp/usbhw_lpc.o
                0x00001e54                USBHwConnect
 .text.USBHwNakIntEnable
                0x00001e7c       0x20 ./src/arm-nxp/usbhw_lpc.o
                0x00001e7c                USBHwNakIntEnable
 .text.USBHwEPGetStatus
                0x00001e9c       0x30 ./src/arm-nxp/usbhw_lpc.o
                0x00001e9c                USBHwEPGetStatus
 .text.USBHwEPStall
                0x00001ecc       0x48 ./src/arm-nxp/usbhw_lpc.o
                0x00001ecc                USBHwEPStall
 .text.USBHwEPWrite
                0x00001f14       0x98 ./src/arm-nxp/usbhw_lpc.o
                0x00001f14                USBHwEPWrite
 .text.USBHwEPRead
                0x00001fac       0xcc ./src/arm-nxp/usbhw_lpc.o
                0x00001fac                USBHwEPRead
 .text.USBHwConfigDevice
                0x00002078       0x28 ./src/arm-nxp/usbhw_lpc.o
                0x00002078                USBHwConfigDevice
 .text.USBHwISR
                0x000020a0      0x1e8 ./src/arm-nxp/usbhw_lpc.o
                0x000020a0                USBHwISR
 .text.USBHwInit
                0x00002288       0xc8 ./src/arm-nxp/usbhw_lpc.o
                0x00002288                USBHwInit
 .text.HandleUsbReset
                0x00002350       0x14 ./src/arm-nxp/usbinit.o
 .text.USBInit  0x00002364       0x50 ./src/arm-nxp/usbinit.o
                0x00002364                USBInit
 .text.USBRegisterDescriptors
                0x000023b4       0x1c ./src/arm-nxp/usbstdreq.o
                0x000023b4                USBRegisterDescriptors
 .text.USBGetDescriptor
                0x000023d0       0x9c ./src/arm-nxp/usbstdreq.o
                0x000023d0                USBGetDescriptor
 .text.USBSetConfiguration
                0x0000246c       0xb8 ./src/arm-nxp/usbstdreq.o
 .text.HandleStdDeviceReq
                0x00002524       0xd0 ./src/arm-nxp/usbstdreq.o
 .text.HandleStdInterfaceReq
                0x000025f4       0x9c ./src/arm-nxp/usbstdreq.o
 .text.HandleStdEndPointReq
                0x00002690       0xd0 ./src/arm-nxp/usbstdreq.o
 .text.USBHandleStandardRequest
                0x00002760       0x78 ./src/arm-nxp/usbstdreq.o
                0x00002760                USBHandleStandardRequest
 .text.SystemInit
                0x000027d8       0xe4 D:\Santiago\Universidad\PPS\Workspaces\Pruebas\CMSIS_CORE_LPC17xx\Debug\libCMSIS_CORE_LPC17xx.a(system_LPC17xx.o)
                0x000027d8                SystemInit
 .text.memcpy   0x000028bc        0x4 c:/nxp/lpcxpresso_8.2.2_650/lpcxpresso/tools/bin/../lib/gcc/arm-none-eabi/5.4.1/../../../../arm-none-eabi/lib/armv7-m\libcr_c.a(memcpy.o)
                0x000028bc                memcpy
 .text.__weak_main
                0x000028c0        0x4 c:/nxp/lpcxpresso_8.2.2_650/lpcxpresso/tools/bin/../lib/gcc/arm-none-eabi/5.4.1/../../../../arm-none-eabi/lib/armv7-m\libcr_c.a(__weak__main.o)
                0x000028c0                __weak_main
                0x000028c0                __main
 .text.__aeabi_memcpy
                0x000028c4       0x34 c:/nxp/lpcxpresso_8.2.2_650/lpcxpresso/tools/bin/../lib/gcc/arm-none-eabi/5.4.1/armv7-m\libcr_eabihelpers.a(memcpy.o)
                0x000028c4                __aeabi_memcpy
                0x000028ce                __aeabi_memcpy8
                0x000028ce                __aeabi_memcpy4
 *(.rodata .rodata.* .constdata .constdata.*)
 .rodata.CHAR_MAP_G
                0x000028f8        0xa ./src/tasks/menu_1769_003-0_c13a.o
                0x000028f8                CHAR_MAP_G
 *fill*         0x00002902        0x2 ff
 .rodata        0x00002904       0xd2 ./src/tasks/menu_1769_003-0_c13a.o
 *fill*         0x000029d6        0x2 ff
 .rodata.segmentLUT
                0x000029d8        0xa ./src/tasks/spi_7_seg_display_1769_003-0_c13a.o
 *fill*         0x000029e2        0x2 ff
 .rodata.abDescriptors
                0x000029e4       0x8e ./src/bertrik_sikken/lpcusb.o
 *fill*         0x00002a72        0x2 ff
 .rodata        0x00002a74       0x1d ./src/arm-nxp/lpc17xx_ssp.o
                0x00002a94                . = ALIGN (0x4)
 *fill*         0x00002a91        0x3 ff

.glue_7         0x00002a94        0x0
 .glue_7        0x00002a94        0x0 linker stubs

.glue_7t        0x00002a94        0x0
 .glue_7t       0x00002a94        0x0 linker stubs

.vfp11_veneer   0x00002a94        0x0
 .vfp11_veneer  0x00002a94        0x0 linker stubs

.v4_bx          0x00002a94        0x0
 .v4_bx         0x00002a94        0x0 linker stubs

.iplt           0x00002a94        0x0
 .iplt          0x00002a94        0x0 ./src/tasks/heartbeat_1769_003-0_c02a.o

.rel.dyn        0x00002a94        0x0
 .rel.iplt      0x00002a94        0x0 ./src/tasks/heartbeat_1769_003-0_c02a.o

.ARM.extab
 *(.ARM.extab* .gnu.linkonce.armextab.*)
                0x00002a94                __exidx_start = .

.ARM.exidx
 *(.ARM.exidx* .gnu.linkonce.armexidx.*)
                0x00002a94                __exidx_end = .
                0x00002a94                _etext = .

.data_RAM2      0x2007c000        0x0 load address 0x00002a94
 FILL mask 0xff
                [!provide]                PROVIDE (__start_data_RAM2, .)
 *(.ramfunc.$RAM2)
 *(.ramfunc.$RamAHB32)
 *(.data.$RAM2*)
 *(.data.$RamAHB32*)
                0x2007c000                . = ALIGN (0x4)
                [!provide]                PROVIDE (__end_data_RAM2, .)

.uninit_RESERVED
                0x10000000        0x0
 *(.bss.$RESERVED*)
                0x10000000                . = ALIGN (0x4)
                0x10000000                _end_uninit_RESERVED = .

.data           0x10000000       0x10 load address 0x00002a94
 FILL mask 0xff
                0x10000000                _data = .
 *(vtable)
 *(.ramfunc*)
 *(.data*)
 .data.Show_menu_G
                0x10000000        0x4 ./src/tasks/menu_1769_003-0_c13a.o
 .data.LineCoding
                0x10000004        0x8 ./src/bertrik_sikken/lpcusb.o
 .data.SystemCoreClock
                0x1000000c        0x4 D:\Santiago\Universidad\PPS\Workspaces\Pruebas\CMSIS_CORE_LPC17xx\Debug\libCMSIS_CORE_LPC17xx.a(system_LPC17xx.o)
                0x1000000c                SystemCoreClock
                0x10000010                . = ALIGN (0x4)
                0x10000010                _edata = .

.igot.plt       0x10000010        0x0 load address 0x00002aa4
 .igot.plt      0x10000010        0x0 ./src/tasks/heartbeat_1769_003-0_c02a.o

.bss_RAM2       0x2007c000        0x0
                [!provide]                PROVIDE (__start_bss_RAM2, .)
 *(.bss.$RAM2*)
 *(.bss.$RamAHB32*)
                0x2007c000                . = ALIGN ((. != 0x0)?0x4:0x1)
                [!provide]                PROVIDE (__end_bss_RAM2, .)

.bss            0x10000010      0x6fc
                0x10000010                _bss = .
 *(.bss*)
 .bss.Heartbeat_state.5221
                0x10000010        0x4 ./src/tasks/heartbeat_1769_003-0_c02a.o
 .bss.Fault_state.5222
                0x10000014        0x4 ./src/tasks/heartbeat_1769_003-0_c02a.o
 .bss.Display_value_G
                0x10000018        0x4 ./src/tasks/menu_1769_003-0_c13a.o
                0x10000018                Display_value_G
 .bss.Display_value_iG
                0x1000001c        0x4 ./src/tasks/menu_1769_003-0_c13a.o
                0x1000001c                Display_value_iG
 .bss.rxBuff    0x10000020        0x5 ./src/tasks/spi_7_seg_display_1769_003-0_c13a.o
 *fill*         0x10000025        0x3 
 .bss.txBuff    0x10000028        0x5 ./src/tasks/spi_7_seg_display_1769_003-0_c13a.o
 *fill*         0x1000002d        0x3 
 .bss.sspChannelConfig
                0x10000030       0x18 ./src/tasks/spi_7_seg_display_1769_003-0_c13a.o
 .bss.sspDataConfig
                0x10000048       0x18 ./src/tasks/spi_7_seg_display_1769_003-0_c13a.o
 .bss.Sw_pressed_G
                0x10000060        0x4 ./src/tasks/switch_ea-sw3_1769_003-0_c13a.o
                0x10000060                Sw_pressed_G
 .bss.Sw_pressed_iG
                0x10000064        0x4 ./src/tasks/switch_ea-sw3_1769_003-0_c13a.o
                0x10000064                Sw_pressed_iG
 .bss.Duration.5222
                0x10000068        0x4 ./src/tasks/switch_ea-sw3_1769_003-0_c13a.o
 .bss.Current_temperature_x10_G
                0x1000006c        0x4 ./src/system_tests/system_test_mcu_temperature_1769_003-0_c13a.o
                0x1000006c                Current_temperature_x10_G
 .bss.Current_temperature_x10_iG
                0x10000070        0x4 ./src/system_tests/system_test_mcu_temperature_1769_003-0_c13a.o
                0x10000070                Current_temperature_x10_iG
 .bss.old_state.5222
                0x10000074        0x1 ./src/system_tests/system_test_mcu_temperature_1769_003-0_c13a.o
 *fill*         0x10000075        0x3 
 .bss.state_count.5223
                0x10000078        0x4 ./src/system_tests/system_test_mcu_temperature_1769_003-0_c13a.o
 .bss.call_count.5224
                0x1000007c        0x4 ./src/system_tests/system_test_mcu_temperature_1769_003-0_c13a.o
 .bss.System_mode_G
                0x10000080        0x1 ./src/system_mode/system_mode_1769_003-0_c13a.o
                0x10000080                System_mode_G
 *fill*         0x10000081        0x3 
 .bss.Fault_code_G
                0x10000084        0x4 ./src/scheduler/ttc_sch_1769_003-0_c02a.o
                0x10000084                Fault_code_G
 .bss.SCH_tasks_G
                0x10000088      0x190 ./src/scheduler/ttc_sch_1769_003-0_c02a.o
                0x10000088                SCH_tasks_G
 .bss.Tick_count_G
                0x10000218        0x4 ./src/scheduler/ttc_sch_1769_003-0_c02a.o
 .bss.abBulkBuf
                0x1000021c       0x40 ./src/bertrik_sikken/lpcusb.o
 .bss.abClassReqData
                0x1000025c        0x8 ./src/bertrik_sikken/lpcusb.o
 .bss.txdata    0x10000264      0x200 ./src/bertrik_sikken/lpcusb.o
 .bss.rxdata    0x10000464      0x200 ./src/bertrik_sikken/lpcusb.o
 .bss.txfifo    0x10000664        0xc ./src/bertrik_sikken/lpcusb.o
 .bss.rxfifo    0x10000670        0xc ./src/bertrik_sikken/lpcusb.o
 .bss.Setup     0x1000067c        0x8 ./src/arm-nxp/usbcontrol.o
 .bss.pbData    0x10000684        0x4 ./src/arm-nxp/usbcontrol.o
 .bss.iResidue  0x10000688        0x4 ./src/arm-nxp/usbcontrol.o
 .bss.iLen      0x1000068c        0x4 ./src/arm-nxp/usbcontrol.o
 .bss.apfnReqHandlers
                0x10000690       0x10 ./src/arm-nxp/usbcontrol.o
 .bss.apbDataStore
                0x100006a0       0x10 ./src/arm-nxp/usbcontrol.o
 .bss._pfnDevIntHandler
                0x100006b0        0x4 ./src/arm-nxp/usbhw_lpc.o
 .bss._apfnEPIntHandlers
                0x100006b4       0x40 ./src/arm-nxp/usbhw_lpc.o
 .bss._pfnFrameHandler
                0x100006f4        0x4 ./src/arm-nxp/usbhw_lpc.o
 .bss.abStdReqData
                0x100006f8        0x8 ./src/arm-nxp/usbinit.o
 .bss.bConfiguration
                0x10000700        0x1 ./src/arm-nxp/usbstdreq.o
 *fill*         0x10000701        0x3 
 .bss.pfnHandleCustomReq
                0x10000704        0x4 ./src/arm-nxp/usbstdreq.o
 .bss.pabDescrip
                0x10000708        0x4 ./src/arm-nxp/usbstdreq.o
 *(COMMON)
                0x1000070c                . = ALIGN (0x4)
                0x1000070c                _ebss = .
                [!provide]                PROVIDE (end, .)

.noinit_RAM2    0x2007c000        0x0
 *(.noinit.$RAM2*)
 *(.noinit.$RamAHB32*)
                0x2007c000                . = ALIGN (0x4)

.noinit         0x1000070c        0x0
                0x1000070c                _noinit = .
 *(.noinit*)
                0x1000070c                . = ALIGN (0x4)
                0x1000070c                _end_noinit = .
                [!provide]                PROVIDE (_pvHeapStart, DEFINED (__user_heap_base)?__user_heap_base:.)
                0x10008000                PROVIDE (_vStackTop, DEFINED (__user_stack_top)?__user_stack_top:(__top_RamLoc32 - 0x0))
                [!provide]                PROVIDE (__valid_user_code_checksum, (0x0 - ((((((_vStackTop + (ResetISR + 0x1)) + (NMI_Handler + 0x1)) + (HardFault_Handler + 0x1)) + (DEFINED (MemManage_Handler)?MemManage_Handler:0x0 + 0x1)) + (DEFINED (BusFault_Handler)?BusFault_Handler:0x0 + 0x1)) + (DEFINED (UsageFault_Handler)?UsageFault_Handler:0x0 + 0x1))))
OUTPUT(TestTTRD13a.axf elf32-littlearm)

.debug_info     0x00000000     0x5785
 .debug_info    0x00000000       0xf9 ./src/tasks/heartbeat_1769_003-0_c02a.o
 .debug_info    0x000000f9      0x208 ./src/tasks/menu_1769_003-0_c13a.o
 .debug_info    0x00000301      0x478 ./src/tasks/spi_7_seg_display_1769_003-0_c13a.o
 .debug_info    0x00000779      0x118 ./src/tasks/switch_ea-sw3_1769_003-0_c13a.o
 .debug_info    0x00000891      0x1cb ./src/tasks/watchdog_1769_003-0_c02a.o
 .debug_info    0x00000a5c      0x13a ./src/system_tests/system_test_mcu_temperature_1769_003-0_c13a.o
 .debug_info    0x00000b96      0x394 ./src/system_mode/system_mode_1769_003-0_c13a.o
 .debug_info    0x00000f2a      0x794 ./src/scheduler/ttc_sch_1769_003-0_c02a.o
 .debug_info    0x000016be       0xaf ./src/main/main.o
 .debug_info    0x0000176d      0x41a ./src/bertrik_sikken/lpcusb.o
 .debug_info    0x00001b87      0x1a2 ./src/bertrik_sikken/serial_fifo.o
 .debug_info    0x00001d29      0x28f ./src/arm-nxp/cr_startup_lpc176x.o
 .debug_info    0x00001fb8      0x664 ./src/arm-nxp/lpc17xx_clkpwr.o
 .debug_info    0x0000261c      0xd32 ./src/arm-nxp/lpc17xx_gpio.o
 .debug_info    0x0000334e       0xc5 ./src/arm-nxp/lpc17xx_libcfg_default.o
 .debug_info    0x00003413      0x714 ./src/arm-nxp/lpc17xx_ssp.o
 .debug_info    0x00003b27      0x2f3 ./src/arm-nxp/usbcontrol.o
 .debug_info    0x00003e1a     0x1159 ./src/arm-nxp/usbhw_lpc.o
 .debug_info    0x00004f73       0xf4 ./src/arm-nxp/usbinit.o
 .debug_info    0x00005067      0x406 ./src/arm-nxp/usbstdreq.o
 .debug_info    0x0000546d      0x318 D:\Santiago\Universidad\PPS\Workspaces\Pruebas\CMSIS_CORE_LPC17xx\Debug\libCMSIS_CORE_LPC17xx.a(system_LPC17xx.o)

.debug_abbrev   0x00000000     0x19f2
 .debug_abbrev  0x00000000       0xa4 ./src/tasks/heartbeat_1769_003-0_c02a.o
 .debug_abbrev  0x000000a4      0x145 ./src/tasks/menu_1769_003-0_c13a.o
 .debug_abbrev  0x000001e9      0x125 ./src/tasks/spi_7_seg_display_1769_003-0_c13a.o
 .debug_abbrev  0x0000030e       0xa4 ./src/tasks/switch_ea-sw3_1769_003-0_c13a.o
 .debug_abbrev  0x000003b2      0x104 ./src/tasks/watchdog_1769_003-0_c02a.o
 .debug_abbrev  0x000004b6       0xa4 ./src/system_tests/system_test_mcu_temperature_1769_003-0_c13a.o
 .debug_abbrev  0x0000055a      0x138 ./src/system_mode/system_mode_1769_003-0_c13a.o
 .debug_abbrev  0x00000692      0x24c ./src/scheduler/ttc_sch_1769_003-0_c02a.o
 .debug_abbrev  0x000008de       0x6c ./src/main/main.o
 .debug_abbrev  0x0000094a      0x19c ./src/bertrik_sikken/lpcusb.o
 .debug_abbrev  0x00000ae6       0xf8 ./src/bertrik_sikken/serial_fifo.o
 .debug_abbrev  0x00000bde      0x100 ./src/arm-nxp/cr_startup_lpc176x.o
 .debug_abbrev  0x00000cde      0x1cc ./src/arm-nxp/lpc17xx_clkpwr.o
 .debug_abbrev  0x00000eaa      0x211 ./src/arm-nxp/lpc17xx_gpio.o
 .debug_abbrev  0x000010bb       0x6c ./src/arm-nxp/lpc17xx_libcfg_default.o
 .debug_abbrev  0x00001127      0x1c9 ./src/arm-nxp/lpc17xx_ssp.o
 .debug_abbrev  0x000012f0      0x123 ./src/arm-nxp/usbcontrol.o
 .debug_abbrev  0x00001413      0x2c6 ./src/arm-nxp/usbhw_lpc.o
 .debug_abbrev  0x000016d9       0xa9 ./src/arm-nxp/usbinit.o
 .debug_abbrev  0x00001782      0x18a ./src/arm-nxp/usbstdreq.o
 .debug_abbrev  0x0000190c       0xe6 D:\Santiago\Universidad\PPS\Workspaces\Pruebas\CMSIS_CORE_LPC17xx\Debug\libCMSIS_CORE_LPC17xx.a(system_LPC17xx.o)

.debug_aranges  0x00000000      0x698
 .debug_aranges
                0x00000000       0x28 ./src/tasks/heartbeat_1769_003-0_c02a.o
 .debug_aranges
                0x00000028       0x40 ./src/tasks/menu_1769_003-0_c13a.o
 .debug_aranges
                0x00000068       0x28 ./src/tasks/spi_7_seg_display_1769_003-0_c13a.o
 .debug_aranges
                0x00000090       0x28 ./src/tasks/switch_ea-sw3_1769_003-0_c13a.o
 .debug_aranges
                0x000000b8       0x28 ./src/tasks/watchdog_1769_003-0_c02a.o
 .debug_aranges
                0x000000e0       0x28 ./src/system_tests/system_test_mcu_temperature_1769_003-0_c13a.o
 .debug_aranges
                0x00000108       0x38 ./src/system_mode/system_mode_1769_003-0_c13a.o
 .debug_aranges
                0x00000140       0x58 ./src/scheduler/ttc_sch_1769_003-0_c02a.o
 .debug_aranges
                0x00000198       0x20 ./src/main/main.o
 .debug_aranges
                0x000001b8       0x68 ./src/bertrik_sikken/lpcusb.o
 .debug_aranges
                0x00000220       0x40 ./src/bertrik_sikken/serial_fifo.o
 .debug_aranges
                0x00000260       0x80 ./src/arm-nxp/cr_startup_lpc176x.o
 .debug_aranges
                0x000002e0       0x58 ./src/arm-nxp/lpc17xx_clkpwr.o
 .debug_aranges
                0x00000338       0xf8 ./src/arm-nxp/lpc17xx_gpio.o
 .debug_aranges
                0x00000430       0x20 ./src/arm-nxp/lpc17xx_libcfg_default.o
 .debug_aranges
                0x00000450       0xa8 ./src/arm-nxp/lpc17xx_ssp.o
 .debug_aranges
                0x000004f8       0x40 ./src/arm-nxp/usbcontrol.o
 .debug_aranges
                0x00000538       0xb8 ./src/arm-nxp/usbhw_lpc.o
 .debug_aranges
                0x000005f0       0x28 ./src/arm-nxp/usbinit.o
 .debug_aranges
                0x00000618       0x58 ./src/arm-nxp/usbstdreq.o
 .debug_aranges
                0x00000670       0x28 D:\Santiago\Universidad\PPS\Workspaces\Pruebas\CMSIS_CORE_LPC17xx\Debug\libCMSIS_CORE_LPC17xx.a(system_LPC17xx.o)

.debug_ranges   0x00000000      0x548
 .debug_ranges  0x00000000       0x18 ./src/tasks/heartbeat_1769_003-0_c02a.o
 .debug_ranges  0x00000018       0x30 ./src/tasks/menu_1769_003-0_c13a.o
 .debug_ranges  0x00000048       0x18 ./src/tasks/spi_7_seg_display_1769_003-0_c13a.o
 .debug_ranges  0x00000060       0x18 ./src/tasks/switch_ea-sw3_1769_003-0_c13a.o
 .debug_ranges  0x00000078       0x18 ./src/tasks/watchdog_1769_003-0_c02a.o
 .debug_ranges  0x00000090       0x18 ./src/system_tests/system_test_mcu_temperature_1769_003-0_c13a.o
 .debug_ranges  0x000000a8       0x28 ./src/system_mode/system_mode_1769_003-0_c13a.o
 .debug_ranges  0x000000d0       0x48 ./src/scheduler/ttc_sch_1769_003-0_c02a.o
 .debug_ranges  0x00000118       0x10 ./src/main/main.o
 .debug_ranges  0x00000128       0x58 ./src/bertrik_sikken/lpcusb.o
 .debug_ranges  0x00000180       0x30 ./src/bertrik_sikken/serial_fifo.o
 .debug_ranges  0x000001b0       0x70 ./src/arm-nxp/cr_startup_lpc176x.o
 .debug_ranges  0x00000220       0x48 ./src/arm-nxp/lpc17xx_clkpwr.o
 .debug_ranges  0x00000268       0xe8 ./src/arm-nxp/lpc17xx_gpio.o
 .debug_ranges  0x00000350       0x10 ./src/arm-nxp/lpc17xx_libcfg_default.o
 .debug_ranges  0x00000360       0x98 ./src/arm-nxp/lpc17xx_ssp.o
 .debug_ranges  0x000003f8       0x30 ./src/arm-nxp/usbcontrol.o
 .debug_ranges  0x00000428       0xa8 ./src/arm-nxp/usbhw_lpc.o
 .debug_ranges  0x000004d0       0x18 ./src/arm-nxp/usbinit.o
 .debug_ranges  0x000004e8       0x48 ./src/arm-nxp/usbstdreq.o
 .debug_ranges  0x00000530       0x18 D:\Santiago\Universidad\PPS\Workspaces\Pruebas\CMSIS_CORE_LPC17xx\Debug\libCMSIS_CORE_LPC17xx.a(system_LPC17xx.o)

.debug_macro    0x00000000     0x4d87
 .debug_macro   0x00000000       0xf6 ./src/tasks/heartbeat_1769_003-0_c02a.o
 .debug_macro   0x000000f6      0x88c ./src/tasks/heartbeat_1769_003-0_c02a.o
 .debug_macro   0x00000982       0x1c ./src/tasks/heartbeat_1769_003-0_c02a.o
 .debug_macro   0x0000099e       0x3a ./src/tasks/heartbeat_1769_003-0_c02a.o
 .debug_macro   0x000009d8       0x10 ./src/tasks/heartbeat_1769_003-0_c02a.o
 .debug_macro   0x000009e8      0x12d ./src/tasks/heartbeat_1769_003-0_c02a.o
 .debug_macro   0x00000b15      0x5b2 ./src/tasks/heartbeat_1769_003-0_c02a.o
 .debug_macro   0x000010c7       0x2d ./src/tasks/heartbeat_1769_003-0_c02a.o
 .debug_macro   0x000010f4      0xbb1 ./src/tasks/heartbeat_1769_003-0_c02a.o
 .debug_macro   0x00001ca5      0x2c7 ./src/tasks/heartbeat_1769_003-0_c02a.o
 .debug_macro   0x00001f6c       0x82 ./src/tasks/heartbeat_1769_003-0_c02a.o
 .debug_macro   0x00001fee       0x34 ./src/tasks/heartbeat_1769_003-0_c02a.o
 .debug_macro   0x00002022       0x66 ./src/tasks/heartbeat_1769_003-0_c02a.o
 .debug_macro   0x00002088       0x4c ./src/tasks/heartbeat_1769_003-0_c02a.o
 .debug_macro   0x000020d4       0x46 ./src/tasks/heartbeat_1769_003-0_c02a.o
 .debug_macro   0x0000211a       0x1c ./src/tasks/heartbeat_1769_003-0_c02a.o
 .debug_macro   0x00002136      0x116 ./src/tasks/menu_1769_003-0_c13a.o
 .debug_macro   0x0000224c       0xa0 ./src/tasks/menu_1769_003-0_c13a.o
 .debug_macro   0x000022ec       0xc4 ./src/tasks/menu_1769_003-0_c13a.o
 .debug_macro   0x000023b0       0x5f ./src/tasks/menu_1769_003-0_c13a.o
 .debug_macro   0x0000240f       0xff ./src/tasks/spi_7_seg_display_1769_003-0_c13a.o
 .debug_macro   0x0000250e      0x2a7 ./src/tasks/spi_7_seg_display_1769_003-0_c13a.o
 .debug_macro   0x000027b5       0xfc ./src/tasks/switch_ea-sw3_1769_003-0_c13a.o
 .debug_macro   0x000028b1      0x104 ./src/tasks/watchdog_1769_003-0_c02a.o
 .debug_macro   0x000029b5       0x70 ./src/tasks/watchdog_1769_003-0_c02a.o
 .debug_macro   0x00002a25       0x22 ./src/tasks/watchdog_1769_003-0_c02a.o
 .debug_macro   0x00002a47      0x102 ./src/system_tests/system_test_mcu_temperature_1769_003-0_c13a.o
 .debug_macro   0x00002b49      0x13d ./src/system_mode/system_mode_1769_003-0_c13a.o
 .debug_macro   0x00002c86       0xec ./src/scheduler/ttc_sch_1769_003-0_c02a.o
 .debug_macro   0x00002d72       0xec ./src/main/main.o
 .debug_macro   0x00002e5e      0x123 ./src/bertrik_sikken/lpcusb.o
 .debug_macro   0x00002f81       0x1c ./src/bertrik_sikken/lpcusb.o
 .debug_macro   0x00002f9d      0x2c7 ./src/bertrik_sikken/lpcusb.o
 .debug_macro   0x00003264       0x16 ./src/bertrik_sikken/lpcusb.o
 .debug_macro   0x0000327a      0x11e ./src/bertrik_sikken/lpcusb.o
 .debug_macro   0x00003398       0x5e ./src/bertrik_sikken/lpcusb.o
 .debug_macro   0x000033f6       0x9a ./src/bertrik_sikken/lpcusb.o
 .debug_macro   0x00003490       0x10 ./src/bertrik_sikken/lpcusb.o
 .debug_macro   0x000034a0       0x2e ./src/bertrik_sikken/serial_fifo.o
 .debug_macro   0x000034ce       0x1c ./src/bertrik_sikken/serial_fifo.o
 .debug_macro   0x000034ea       0x52 ./src/arm-nxp/cr_startup_lpc176x.o
 .debug_macro   0x0000353c       0x90 ./src/arm-nxp/lpc17xx_clkpwr.o
 .debug_macro   0x000035cc      0x2f6 ./src/arm-nxp/lpc17xx_clkpwr.o
 .debug_macro   0x000038c2       0x99 ./src/arm-nxp/lpc17xx_gpio.o
 .debug_macro   0x0000395b       0x5a ./src/arm-nxp/lpc17xx_libcfg_default.o
 .debug_macro   0x000039b5       0xdb ./src/arm-nxp/lpc17xx_libcfg_default.o
 .debug_macro   0x00003a90       0xa2 ./src/arm-nxp/lpc17xx_ssp.o
 .debug_macro   0x00003b32      0x2a1 ./src/arm-nxp/lpc17xx_ssp.o
 .debug_macro   0x00003dd3       0xa2 ./src/arm-nxp/usbcontrol.o
 .debug_macro   0x00003e75      0x118 ./src/arm-nxp/usbcontrol.o
 .debug_macro   0x00003f8d      0x12a ./src/arm-nxp/usbhw_lpc.o
 .debug_macro   0x000040b7      0x1bf ./src/arm-nxp/usbhw_lpc.o
 .debug_macro   0x00004276       0x8c ./src/arm-nxp/usbinit.o
 .debug_macro   0x00004302       0xcc ./src/arm-nxp/usbstdreq.o
 .debug_macro   0x000043ce      0x12d D:\Santiago\Universidad\PPS\Workspaces\Pruebas\CMSIS_CORE_LPC17xx\Debug\libCMSIS_CORE_LPC17xx.a(system_LPC17xx.o)
 .debug_macro   0x000044fb      0x88c D:\Santiago\Universidad\PPS\Workspaces\Pruebas\CMSIS_CORE_LPC17xx\Debug\libCMSIS_CORE_LPC17xx.a(system_LPC17xx.o)

.debug_line     0x00000000     0x4be2
 .debug_line    0x00000000      0x453 ./src/tasks/heartbeat_1769_003-0_c02a.o
 .debug_line    0x00000453      0x4e3 ./src/tasks/menu_1769_003-0_c13a.o
 .debug_line    0x00000936      0x45b ./src/tasks/spi_7_seg_display_1769_003-0_c13a.o
 .debug_line    0x00000d91      0x441 ./src/tasks/switch_ea-sw3_1769_003-0_c13a.o
 .debug_line    0x000011d2      0x46c ./src/tasks/watchdog_1769_003-0_c02a.o
 .debug_line    0x0000163e      0x4ab ./src/system_tests/system_test_mcu_temperature_1769_003-0_c13a.o
 .debug_line    0x00001ae9      0x5ec ./src/system_mode/system_mode_1769_003-0_c13a.o
 .debug_line    0x000020d5      0x531 ./src/scheduler/ttc_sch_1769_003-0_c02a.o
 .debug_line    0x00002606      0x3ac ./src/main/main.o
 .debug_line    0x000029b2      0x34d ./src/bertrik_sikken/lpcusb.o
 .debug_line    0x00002cff      0x113 ./src/bertrik_sikken/serial_fifo.o
 .debug_line    0x00002e12      0x1f4 ./src/arm-nxp/cr_startup_lpc176x.o
 .debug_line    0x00003006      0x2de ./src/arm-nxp/lpc17xx_clkpwr.o
 .debug_line    0x000032e4      0x4ef ./src/arm-nxp/lpc17xx_gpio.o
 .debug_line    0x000037d3      0x184 ./src/arm-nxp/lpc17xx_libcfg_default.o
 .debug_line    0x00003957      0x599 ./src/arm-nxp/lpc17xx_ssp.o
 .debug_line    0x00003ef0      0x222 ./src/arm-nxp/usbcontrol.o
 .debug_line    0x00004112      0x45c ./src/arm-nxp/usbhw_lpc.o
 .debug_line    0x0000456e      0x1bd ./src/arm-nxp/usbinit.o
 .debug_line    0x0000472b      0x2a5 ./src/arm-nxp/usbstdreq.o
 .debug_line    0x000049d0      0x212 D:\Santiago\Universidad\PPS\Workspaces\Pruebas\CMSIS_CORE_LPC17xx\Debug\libCMSIS_CORE_LPC17xx.a(system_LPC17xx.o)

.debug_str      0x00000000     0xff63
 .debug_str     0x00000000     0xa05f ./src/tasks/heartbeat_1769_003-0_c02a.o
                               0xa0e5 (size before relaxing)
 .debug_str     0x0000a05f      0x82b ./src/tasks/menu_1769_003-0_c13a.o
                               0xa890 (size before relaxing)
 .debug_str     0x0000a88a     0x12af ./src/tasks/spi_7_seg_display_1769_003-0_c13a.o
                               0xb339 (size before relaxing)
 .debug_str     0x0000bb39       0x7e ./src/tasks/switch_ea-sw3_1769_003-0_c13a.o
                               0xa105 (size before relaxing)
 .debug_str     0x0000bbb7      0x3d0 ./src/tasks/watchdog_1769_003-0_c02a.o
                               0xa446 (size before relaxing)
 .debug_str     0x0000bf87       0xe1 ./src/system_tests/system_test_mcu_temperature_1769_003-0_c13a.o
                               0xa188 (size before relaxing)
 .debug_str     0x0000c068      0x20a ./src/system_mode/system_mode_1769_003-0_c13a.o
                               0xb5eb (size before relaxing)
 .debug_str     0x0000c272      0x3c1 ./src/scheduler/ttc_sch_1769_003-0_c02a.o
                               0xa49e (size before relaxing)
 .debug_str     0x0000c633       0x18 ./src/main/main.o
                               0xa073 (size before relaxing)
 .debug_str     0x0000c64b      0x844 ./src/bertrik_sikken/lpcusb.o
                               0xa022 (size before relaxing)
 .debug_str     0x0000ce8f       0x5a ./src/bertrik_sikken/serial_fifo.o
                               0x25cf (size before relaxing)
 .debug_str     0x0000cee9      0x1ba ./src/arm-nxp/cr_startup_lpc176x.o
                               0x3e21 (size before relaxing)
 .debug_str     0x0000d0a3     0x12e9 ./src/arm-nxp/lpc17xx_clkpwr.o
                               0xabcb (size before relaxing)
 .debug_str     0x0000e38c      0x594 ./src/arm-nxp/lpc17xx_gpio.o
                               0x9f40 (size before relaxing)
 .debug_str     0x0000e920       0x3a ./src/arm-nxp/lpc17xx_libcfg_default.o
                               0x3f7a (size before relaxing)
 .debug_str     0x0000e95a      0x1fc ./src/arm-nxp/lpc17xx_ssp.o
                               0xbd9c (size before relaxing)
 .debug_str     0x0000eb56       0xf5 ./src/arm-nxp/usbcontrol.o
                               0x4714 (size before relaxing)
 .debug_str     0x0000ec4b      0xc87 ./src/arm-nxp/usbhw_lpc.o
                               0xaf4f (size before relaxing)
 .debug_str     0x0000f8d2       0x48 ./src/arm-nxp/usbinit.o
                               0x45fa (size before relaxing)
 .debug_str     0x0000f91a      0x251 ./src/arm-nxp/usbstdreq.o
                               0x486c (size before relaxing)
 .debug_str     0x0000fb6b      0x3f8 D:\Santiago\Universidad\PPS\Workspaces\Pruebas\CMSIS_CORE_LPC17xx\Debug\libCMSIS_CORE_LPC17xx.a(system_LPC17xx.o)
                               0x99b0 (size before relaxing)

.comment        0x00000000       0xdc
 .comment       0x00000000       0x6e ./src/tasks/heartbeat_1769_003-0_c02a.o
                                 0x6f (size before relaxing)
 .comment       0x0000006e       0x6f ./src/tasks/menu_1769_003-0_c13a.o
 .comment       0x0000006e       0x6f ./src/tasks/spi_7_seg_display_1769_003-0_c13a.o
 .comment       0x0000006e       0x6f ./src/tasks/switch_ea-sw3_1769_003-0_c13a.o
 .comment       0x0000006e       0x6f ./src/tasks/watchdog_1769_003-0_c02a.o
 .comment       0x0000006e       0x6f ./src/system_tests/system_test_mcu_temperature_1769_003-0_c13a.o
 .comment       0x0000006e       0x6f ./src/system_mode/system_mode_1769_003-0_c13a.o
 .comment       0x0000006e       0x6f ./src/scheduler/ttc_sch_1769_003-0_c02a.o
 .comment       0x0000006e       0x6f ./src/main/main.o
 .comment       0x0000006e       0x6f ./src/bertrik_sikken/lpcusb.o
 .comment       0x0000006e       0x6f ./src/bertrik_sikken/serial_fifo.o
 .comment       0x0000006e       0x6f ./src/arm-nxp/cr_startup_lpc176x.o
 .comment       0x0000006e       0x6f ./src/arm-nxp/lpc17xx_clkpwr.o
 .comment       0x0000006e       0x6f ./src/arm-nxp/lpc17xx_gpio.o
 .comment       0x0000006e       0x6f ./src/arm-nxp/lpc17xx_libcfg_default.o
 .comment       0x0000006e       0x6f ./src/arm-nxp/lpc17xx_ssp.o
 .comment       0x0000006e       0x6f ./src/arm-nxp/usbcontrol.o
 .comment       0x0000006e       0x6f ./src/arm-nxp/usbhw_lpc.o
 .comment       0x0000006e       0x6f ./src/arm-nxp/usbinit.o
 .comment       0x0000006e       0x6f ./src/arm-nxp/usbstdreq.o
 .comment       0x0000006e       0x6f D:\Santiago\Universidad\PPS\Workspaces\Pruebas\CMSIS_CORE_LPC17xx\Debug\libCMSIS_CORE_LPC17xx.a(system_LPC17xx.o)
 .comment       0x0000006e       0x6e c:/nxp/lpcxpresso_8.2.2_650/lpcxpresso/tools/bin/../lib/gcc/arm-none-eabi/5.4.1/../../../../arm-none-eabi/lib/armv7-m\libcr_c.a(memcpy.o)
                                 0x6f (size before relaxing)
 .comment       0x000000dc       0x6f c:/nxp/lpcxpresso_8.2.2_650/lpcxpresso/tools/bin/../lib/gcc/arm-none-eabi/5.4.1/../../../../arm-none-eabi/lib/armv7-m\libcr_c.a(__weak__main.o)

.ARM.attributes
                0x00000000       0x31
 .ARM.attributes
                0x00000000       0x33 ./src/tasks/heartbeat_1769_003-0_c02a.o
 .ARM.attributes
                0x00000033       0x33 ./src/tasks/menu_1769_003-0_c13a.o
 .ARM.attributes
                0x00000066       0x33 ./src/tasks/spi_7_seg_display_1769_003-0_c13a.o
 .ARM.attributes
                0x00000099       0x33 ./src/tasks/switch_ea-sw3_1769_003-0_c13a.o
 .ARM.attributes
                0x000000cc       0x33 ./src/tasks/watchdog_1769_003-0_c02a.o
 .ARM.attributes
                0x000000ff       0x33 ./src/system_tests/system_test_mcu_temperature_1769_003-0_c13a.o
 .ARM.attributes
                0x00000132       0x33 ./src/system_mode/system_mode_1769_003-0_c13a.o
 .ARM.attributes
                0x00000165       0x33 ./src/scheduler/ttc_sch_1769_003-0_c02a.o
 .ARM.attributes
                0x00000198       0x33 ./src/main/main.o
 .ARM.attributes
                0x000001cb       0x33 ./src/bertrik_sikken/lpcusb.o
 .ARM.attributes
                0x000001fe       0x33 ./src/bertrik_sikken/serial_fifo.o
 .ARM.attributes
                0x00000231       0x33 ./src/arm-nxp/cr_startup_lpc176x.o
 .ARM.attributes
                0x00000264       0x33 ./src/arm-nxp/lpc17xx_clkpwr.o
 .ARM.attributes
                0x00000297       0x33 ./src/arm-nxp/lpc17xx_gpio.o
 .ARM.attributes
                0x000002ca       0x33 ./src/arm-nxp/lpc17xx_libcfg_default.o
 .ARM.attributes
                0x000002fd       0x33 ./src/arm-nxp/lpc17xx_ssp.o
 .ARM.attributes
                0x00000330       0x33 ./src/arm-nxp/usbcontrol.o
 .ARM.attributes
                0x00000363       0x33 ./src/arm-nxp/usbhw_lpc.o
 .ARM.attributes
                0x00000396       0x33 ./src/arm-nxp/usbinit.o
 .ARM.attributes
                0x000003c9       0x33 ./src/arm-nxp/usbstdreq.o
 .ARM.attributes
                0x000003fc       0x33 D:\Santiago\Universidad\PPS\Workspaces\Pruebas\CMSIS_CORE_LPC17xx\Debug\libCMSIS_CORE_LPC17xx.a(system_LPC17xx.o)
 .ARM.attributes
                0x0000042f       0x33 c:/nxp/lpcxpresso_8.2.2_650/lpcxpresso/tools/bin/../lib/gcc/arm-none-eabi/5.4.1/../../../../arm-none-eabi/lib/armv7-m\libcr_c.a(memcpy.o)
 .ARM.attributes
                0x00000462       0x33 c:/nxp/lpcxpresso_8.2.2_650/lpcxpresso/tools/bin/../lib/gcc/arm-none-eabi/5.4.1/../../../../arm-none-eabi/lib/armv7-m\libcr_c.a(__weak__main.o)
 .ARM.attributes
                0x00000495       0x21 c:/nxp/lpcxpresso_8.2.2_650/lpcxpresso/tools/bin/../lib/gcc/arm-none-eabi/5.4.1/armv7-m\libcr_eabihelpers.a(memcpy.o)

.debug_frame    0x00000000     0x156c
 .debug_frame   0x00000000       0x48 ./src/tasks/heartbeat_1769_003-0_c02a.o
 .debug_frame   0x00000048       0xbc ./src/tasks/menu_1769_003-0_c13a.o
 .debug_frame   0x00000104       0x48 ./src/tasks/spi_7_seg_display_1769_003-0_c13a.o
 .debug_frame   0x0000014c       0x50 ./src/tasks/switch_ea-sw3_1769_003-0_c13a.o
 .debug_frame   0x0000019c       0x54 ./src/tasks/watchdog_1769_003-0_c02a.o
 .debug_frame   0x000001f0       0x50 ./src/system_tests/system_test_mcu_temperature_1769_003-0_c13a.o
 .debug_frame   0x00000240       0x98 ./src/system_mode/system_mode_1769_003-0_c13a.o
 .debug_frame   0x000002d8      0x12c ./src/scheduler/ttc_sch_1769_003-0_c02a.o
 .debug_frame   0x00000404       0x2c ./src/main/main.o
 .debug_frame   0x00000430      0x158 ./src/bertrik_sikken/lpcusb.o
 .debug_frame   0x00000588       0xd4 ./src/bertrik_sikken/serial_fifo.o
 .debug_frame   0x0000065c      0x170 ./src/arm-nxp/cr_startup_lpc176x.o
 .debug_frame   0x000007cc      0x12c ./src/arm-nxp/lpc17xx_clkpwr.o
 .debug_frame   0x000008f8      0x428 ./src/arm-nxp/lpc17xx_gpio.o
 .debug_frame   0x00000d20       0x2c ./src/arm-nxp/lpc17xx_libcfg_default.o
 .debug_frame   0x00000d4c      0x2a0 ./src/arm-nxp/lpc17xx_ssp.o
 .debug_frame   0x00000fec       0xc8 ./src/arm-nxp/usbcontrol.o
 .debug_frame   0x000010b4      0x2e8 ./src/arm-nxp/usbhw_lpc.o
 .debug_frame   0x0000139c       0x54 ./src/arm-nxp/usbinit.o
 .debug_frame   0x000013f0      0x140 ./src/arm-nxp/usbstdreq.o
 .debug_frame   0x00001530       0x3c D:\Santiago\Universidad\PPS\Workspaces\Pruebas\CMSIS_CORE_LPC17xx\Debug\libCMSIS_CORE_LPC17xx.a(system_LPC17xx.o)
