18:09:34 **** Incremental Build of configuration Debug for project DCS ****
make -r all 
Building file: ../tasks/wifi_esp8266.c
Invoking: MCU C Compiler
arm-none-eabi-gcc -DDEBUG -D__CODE_RED -DCORE_M3 -D__USE_CMSIS=CMSIS_CORE_LPC17xx -DCR_INTEGER_PRINTF -DCR_PRINTF_CHAR -D__LPC17XX__ -D__REDLIB__ -I"D:\Santiago\Universidad\PPS\Workspaces\Pruebas\CMSIS_CORE_LPC17xx\inc" -O0 -fno-common -g3 -Wall -c -fmessage-length=0 -fno-builtin -ffunction-sections -fdata-sections -mcpu=cortex-m3 -mthumb -specs=redlib.specs -MMD -MP -MF"tasks/wifi_esp8266.d" -MT"tasks/wifi_esp8266.o" -MT"tasks/wifi_esp8266.d" -o "tasks/wifi_esp8266.o" "../tasks/wifi_esp8266.c"
Finished building: ../tasks/wifi_esp8266.c
 
Building target: DCS.axf
Invoking: MCU Linker
arm-none-eabi-gcc -nostdlib -L"D:\Santiago\Universidad\PPS\Workspaces\Pruebas\CMSIS_CORE_LPC17xx\Debug" -Xlinker -Map="DCS.map" -Xlinker --gc-sections -Xlinker -print-memory-usage -mcpu=cortex-m3 -mthumb -T "DCS_Debug.ld" -o "DCS.axf"  ./tasks/heartbeat_1769_003-0_c02a.o ./tasks/led.o ./tasks/ptt.o ./tasks/watchdog_1769_003-0_c02a.o ./tasks/wifi_esp8266.o  ./task_support/DCS_buffer.o ./task_support/uart.o  ./system/system_1769_003-0_c03a.o  ./scheduler/ttc_sch_od_1769_003-0_c02b.o  ./main/main.o  ./arm-nxp/cr_startup_lpc176x.o   -lCMSIS_CORE_LPC17xx
Memory region         Used Size  Region Size  %age Used
       MFlash512:        9516 B       512 KB      1.82%
        RamLoc32:        1864 B        32 KB      5.69%
        RamAHB32:          0 GB        32 KB      0.00%
Finished building target: DCS.axf
 
make --no-print-directory post-build
Performing post-build steps
arm-none-eabi-size "DCS.axf"; # arm-none-eabi-objcopy -v -O binary "DCS.axf" "DCS.bin" ; # checksum -p LPC1769 -d "DCS.bin";
   text	   data	    bss	    dec	    hex	filename
   9308	    208	   1656	  11172	   2ba4	DCS.axf
 

18:09:35 Build Finished (took 1s.235ms)

