09:25:52 **** Incremental Build of configuration Debug for project CMSIS_CORE_LPC17xx ****
make -r all 
make: Nothing to be done for `all'.
09:25:54 **** Incremental Build of configuration Debug for project DCS ****
make -r all 
Building file: ../tasks/wifi_esp8266.c
Invoking: MCU C Compiler
arm-none-eabi-gcc -DDEBUG -D__CODE_RED -DCORE_M3 -D__USE_CMSIS=CMSIS_CORE_LPC17xx -DCR_INTEGER_PRINTF -DCR_PRINTF_CHAR -D__LPC17XX__ -D__REDLIB__ -I"D:\Santiago\Universidad\PPS\Workspaces\Pruebas\CMSIS_CORE_LPC17xx\inc" -O0 -fno-common -g3 -Wall -c -fmessage-length=0 -fno-builtin -ffunction-sections -fdata-sections -mcpu=cortex-m3 -mthumb -specs=redlib.specs -MMD -MP -MF"tasks/wifi_esp8266.d" -MT"tasks/wifi_esp8266.o" -MT"tasks/wifi_esp8266.d" -o "tasks/wifi_esp8266.o" "../tasks/wifi_esp8266.c"
Finished building: ../tasks/wifi_esp8266.c
 
Building target: DCS.axf
Invoking: MCU Linker
arm-none-eabi-gcc -nostdlib -L"D:\Santiago\Universidad\PPS\Workspaces\Pruebas\CMSIS_CORE_LPC17xx\Debug" -Xlinker -Map="DCS.map" -Xlinker --gc-sections -Xlinker -print-memory-usage -mcpu=cortex-m3 -mthumb -T "DCS_Debug.ld" -o "DCS.axf"  ./tasks/heartbeat_1769_003-0_c02a.o ./tasks/ptt.o ./tasks/watchdog_1769_003-0_c02a.o ./tasks/wifi_esp8266.o  ./task_support/DCS_buffer.o ./task_support/uart.o  ./system/system_1769_003-0_c03a.o  ./scheduler/ttc_sch_od_1769_003-0_c02b.o  ./main/main.o  ./arm-nxp/cr_startup_lpc176x.o   -lCMSIS_CORE_LPC17xx
Memory region         Used Size  Region Size  %age Used
       MFlash512:        9444 B       512 KB      1.80%
        RamLoc32:        1864 B        32 KB      5.69%
        RamAHB32:          0 GB        32 KB      0.00%
Finished building target: DCS.axf
 
make --no-print-directory post-build
Performing post-build steps
arm-none-eabi-size "DCS.axf"; # arm-none-eabi-objcopy -v -O binary "DCS.axf" "DCS.bin" ; # checksum -p LPC1769 -d "DCS.bin";
   text	   data	    bss	    dec	    hex	filename
   9236	    208	   1656	  11100	   2b5c	DCS.axf
 
09:25:59 **** Incremental Build of configuration Debug for project DCS ****
make -r all 
make: Nothing to be done for `all'.
15:29:47 **** Incremental Build of configuration Debug for project DCS ****
make -r all 
Building file: ../tasks/ptt.c
Invoking: MCU C Compiler
arm-none-eabi-gcc -DDEBUG -D__CODE_RED -DCORE_M3 -D__USE_CMSIS=CMSIS_CORE_LPC17xx -DCR_INTEGER_PRINTF -DCR_PRINTF_CHAR -D__LPC17XX__ -D__REDLIB__ -I"D:\Santiago\Universidad\PPS\Workspaces\Pruebas\CMSIS_CORE_LPC17xx\inc" -O0 -fno-common -g3 -Wall -c -fmessage-length=0 -fno-builtin -ffunction-sections -fdata-sections -mcpu=cortex-m3 -mthumb -specs=redlib.specs -MMD -MP -MF"tasks/ptt.d" -MT"tasks/ptt.o" -MT"tasks/ptt.d" -o "tasks/ptt.o" "../tasks/ptt.c"
../tasks/ptt.c: In function 'PTT_StMode':
../tasks/ptt.c:37:37: warning: suggest parentheses around comparison in operand of '|' [-Wparentheses]
  BUFFER_Push(Ptt_Tx,StMode | buffer < 1 | autorepeat);
                                     ^
../tasks/ptt.c: In function 'PTT_StData':
../tasks/ptt.c:65:22: error: 'STDATA' undeclared (first use in this function)
  BUFFER_Push(Ptt_Tx, STDATA | buffer);
                      ^
../tasks/ptt.c:65:22: note: each undeclared identifier is reported only once for each function it appears in
../tasks/ptt.c: In function 'PTT_Task':
../tasks/ptt.c:96:19: warning: unused variable 'Ptt_Old_State' [-Wunused-variable]
  static Ptt_State Ptt_Old_State;
                   ^
make: *** [tasks/ptt.o] Error 1
15:30:30 **** Incremental Build of configuration Debug for project DCS ****
make -r all 
Building file: ../tasks/ptt.c
Invoking: MCU C Compiler
arm-none-eabi-gcc -DDEBUG -D__CODE_RED -DCORE_M3 -D__USE_CMSIS=CMSIS_CORE_LPC17xx -DCR_INTEGER_PRINTF -DCR_PRINTF_CHAR -D__LPC17XX__ -D__REDLIB__ -I"D:\Santiago\Universidad\PPS\Workspaces\Pruebas\CMSIS_CORE_LPC17xx\inc" -O0 -fno-common -g3 -Wall -c -fmessage-length=0 -fno-builtin -ffunction-sections -fdata-sections -mcpu=cortex-m3 -mthumb -specs=redlib.specs -MMD -MP -MF"tasks/ptt.d" -MT"tasks/ptt.o" -MT"tasks/ptt.d" -o "tasks/ptt.o" "../tasks/ptt.c"
../tasks/ptt.c: In function 'PTT_StMode':
../tasks/ptt.c:37:37: warning: suggest parentheses around comparison in operand of '|' [-Wparentheses]
  BUFFER_Push(Ptt_Tx,StMode | buffer < 1 | autorepeat);
                                     ^
../tasks/ptt.c: In function 'PTT_Task':
../tasks/ptt.c:96:19: warning: unused variable 'Ptt_Old_State' [-Wunused-variable]
  static Ptt_State Ptt_Old_State;
                   ^
Finished building: ../tasks/ptt.c
 
Building target: DCS.axf
Invoking: MCU Linker
arm-none-eabi-gcc -nostdlib -L"D:\Santiago\Universidad\PPS\Workspaces\Pruebas\CMSIS_CORE_LPC17xx\Debug" -Xlinker -Map="DCS.map" -Xlinker --gc-sections -Xlinker -print-memory-usage -mcpu=cortex-m3 -mthumb -T "DCS_Debug.ld" -o "DCS.axf"  ./tasks/heartbeat_1769_003-0_c02a.o ./tasks/ptt.o ./tasks/watchdog_1769_003-0_c02a.o ./tasks/wifi_esp8266.o  ./task_support/DCS_buffer.o ./task_support/uart.o  ./system/system_1769_003-0_c03a.o  ./scheduler/ttc_sch_od_1769_003-0_c02b.o  ./main/main.o  ./arm-nxp/cr_startup_lpc176x.o   -lCMSIS_CORE_LPC17xx
Memory region         Used Size  Region Size  %age Used
       MFlash512:        9444 B       512 KB      1.80%
        RamLoc32:        1864 B        32 KB      5.69%
        RamAHB32:          0 GB        32 KB      0.00%
Finished building target: DCS.axf
 
make --no-print-directory post-build
Performing post-build steps
arm-none-eabi-size "DCS.axf"; # arm-none-eabi-objcopy -v -O binary "DCS.axf" "DCS.bin" ; # checksum -p LPC1769 -d "DCS.bin";
   text	   data	    bss	    dec	    hex	filename
   9236	    208	   1656	  11100	   2b5c	DCS.axf
 
15:31:36 **** Incremental Build of configuration Debug for project DCS ****
make -r all 
make: Nothing to be done for `all'.
15:39:04 **** Incremental Build of configuration Debug for project DCS ****
make -r all 
Building file: ../tasks/heartbeat_1769_003-0_c02a.c
Invoking: MCU C Compiler
arm-none-eabi-gcc -DDEBUG -D__CODE_RED -DCORE_M3 -D__USE_CMSIS=CMSIS_CORE_LPC17xx -DCR_INTEGER_PRINTF -DCR_PRINTF_CHAR -D__LPC17XX__ -D__REDLIB__ -I"D:\Santiago\Universidad\PPS\Workspaces\Pruebas\CMSIS_CORE_LPC17xx\inc" -O0 -fno-common -g3 -Wall -c -fmessage-length=0 -fno-builtin -ffunction-sections -fdata-sections -mcpu=cortex-m3 -mthumb -specs=redlib.specs -MMD -MP -MF"tasks/heartbeat_1769_003-0_c02a.d" -MT"tasks/heartbeat_1769_003-0_c02a.o" -MT"tasks/heartbeat_1769_003-0_c02a.d" -o "tasks/heartbeat_1769_003-0_c02a.o" "../tasks/heartbeat_1769_003-0_c02a.c"
Finished building: ../tasks/heartbeat_1769_003-0_c02a.c
 
Building file: ../tasks/watchdog_1769_003-0_c02a.c
Invoking: MCU C Compiler
arm-none-eabi-gcc -DDEBUG -D__CODE_RED -DCORE_M3 -D__USE_CMSIS=CMSIS_CORE_LPC17xx -DCR_INTEGER_PRINTF -DCR_PRINTF_CHAR -D__LPC17XX__ -D__REDLIB__ -I"D:\Santiago\Universidad\PPS\Workspaces\Pruebas\CMSIS_CORE_LPC17xx\inc" -O0 -fno-common -g3 -Wall -c -fmessage-length=0 -fno-builtin -ffunction-sections -fdata-sections -mcpu=cortex-m3 -mthumb -specs=redlib.specs -MMD -MP -MF"tasks/watchdog_1769_003-0_c02a.d" -MT"tasks/watchdog_1769_003-0_c02a.o" -MT"tasks/watchdog_1769_003-0_c02a.d" -o "tasks/watchdog_1769_003-0_c02a.o" "../tasks/watchdog_1769_003-0_c02a.c"
Finished building: ../tasks/watchdog_1769_003-0_c02a.c
 
Building file: ../task_support/DCS_buffer.c
Invoking: MCU C Compiler
arm-none-eabi-gcc -DDEBUG -D__CODE_RED -DCORE_M3 -D__USE_CMSIS=CMSIS_CORE_LPC17xx -DCR_INTEGER_PRINTF -DCR_PRINTF_CHAR -D__LPC17XX__ -D__REDLIB__ -I"D:\Santiago\Universidad\PPS\Workspaces\Pruebas\CMSIS_CORE_LPC17xx\inc" -O0 -fno-common -g3 -Wall -c -fmessage-length=0 -fno-builtin -ffunction-sections -fdata-sections -mcpu=cortex-m3 -mthumb -specs=redlib.specs -MMD -MP -MF"task_support/DCS_buffer.d" -MT"task_support/DCS_buffer.o" -MT"task_support/DCS_buffer.d" -o "task_support/DCS_buffer.o" "../task_support/DCS_buffer.c"
Finished building: ../task_support/DCS_buffer.c
 
Building file: ../system/system_1769_003-0_c03a.c
Invoking: MCU C Compiler
arm-none-eabi-gcc -DDEBUG -D__CODE_RED -DCORE_M3 -D__USE_CMSIS=CMSIS_CORE_LPC17xx -DCR_INTEGER_PRINTF -DCR_PRINTF_CHAR -D__LPC17XX__ -D__REDLIB__ -I"D:\Santiago\Universidad\PPS\Workspaces\Pruebas\CMSIS_CORE_LPC17xx\inc" -O0 -fno-common -g3 -Wall -c -fmessage-length=0 -fno-builtin -ffunction-sections -fdata-sections -mcpu=cortex-m3 -mthumb -specs=redlib.specs -MMD -MP -MF"system/system_1769_003-0_c03a.d" -MT"system/system_1769_003-0_c03a.o" -MT"system/system_1769_003-0_c03a.d" -o "system/system_1769_003-0_c03a.o" "../system/system_1769_003-0_c03a.c"
Finished building: ../system/system_1769_003-0_c03a.c
 
Building file: ../scheduler/ttc_sch_od_1769_003-0_c02b.c
Invoking: MCU C Compiler
arm-none-eabi-gcc -DDEBUG -D__CODE_RED -DCORE_M3 -D__USE_CMSIS=CMSIS_CORE_LPC17xx -DCR_INTEGER_PRINTF -DCR_PRINTF_CHAR -D__LPC17XX__ -D__REDLIB__ -I"D:\Santiago\Universidad\PPS\Workspaces\Pruebas\CMSIS_CORE_LPC17xx\inc" -O0 -fno-common -g3 -Wall -c -fmessage-length=0 -fno-builtin -ffunction-sections -fdata-sections -mcpu=cortex-m3 -mthumb -specs=redlib.specs -MMD -MP -MF"scheduler/ttc_sch_od_1769_003-0_c02b.d" -MT"scheduler/ttc_sch_od_1769_003-0_c02b.o" -MT"scheduler/ttc_sch_od_1769_003-0_c02b.d" -o "scheduler/ttc_sch_od_1769_003-0_c02b.o" "../scheduler/ttc_sch_od_1769_003-0_c02b.c"
Finished building: ../scheduler/ttc_sch_od_1769_003-0_c02b.c
 
Building file: ../main/main.c
Invoking: MCU C Compiler
arm-none-eabi-gcc -DDEBUG -D__CODE_RED -DCORE_M3 -D__USE_CMSIS=CMSIS_CORE_LPC17xx -DCR_INTEGER_PRINTF -DCR_PRINTF_CHAR -D__LPC17XX__ -D__REDLIB__ -I"D:\Santiago\Universidad\PPS\Workspaces\Pruebas\CMSIS_CORE_LPC17xx\inc" -O0 -fno-common -g3 -Wall -c -fmessage-length=0 -fno-builtin -ffunction-sections -fdata-sections -mcpu=cortex-m3 -mthumb -specs=redlib.specs -MMD -MP -MF"main/main.d" -MT"main/main.o" -MT"main/main.d" -o "main/main.o" "../main/main.c"
Finished building: ../main/main.c
 
Building target: DCS.axf
Invoking: MCU Linker
arm-none-eabi-gcc -nostdlib -L"D:\Santiago\Universidad\PPS\Workspaces\Pruebas\CMSIS_CORE_LPC17xx\Debug" -Xlinker -Map="DCS.map" -Xlinker --gc-sections -Xlinker -print-memory-usage -mcpu=cortex-m3 -mthumb -T "DCS_Debug.ld" -o "DCS.axf"  ./tasks/heartbeat_1769_003-0_c02a.o ./tasks/ptt.o ./tasks/watchdog_1769_003-0_c02a.o ./tasks/wifi_esp8266.o  ./task_support/DCS_buffer.o ./task_support/uart.o  ./system/system_1769_003-0_c03a.o  ./scheduler/ttc_sch_od_1769_003-0_c02b.o  ./main/main.o  ./arm-nxp/cr_startup_lpc176x.o   -lCMSIS_CORE_LPC17xx
Memory region         Used Size  Region Size  %age Used
       MFlash512:        9448 B       512 KB      1.80%
        RamLoc32:        1864 B        32 KB      5.69%
        RamAHB32:          0 GB        32 KB      0.00%
Finished building target: DCS.axf
 
make --no-print-directory post-build
Performing post-build steps
arm-none-eabi-size "DCS.axf"; # arm-none-eabi-objcopy -v -O binary "DCS.axf" "DCS.bin" ; # checksum -p LPC1769 -d "DCS.bin";
   text	   data	    bss	    dec	    hex	filename
   9240	    208	   1656	  11104	   2b60	DCS.axf
 
15:40:44 **** Incremental Build of configuration Debug for project DCS ****
make -r all 
make: Nothing to be done for `all'.
15:43:07 **** Incremental Build of configuration Debug for project DCS ****
make -r all 
make: Nothing to be done for `all'.
15:45:35 **** Incremental Build of configuration Debug for project DCS ****
make -r all 
make: Nothing to be done for `all'.
15:55:34 **** Incremental Build of configuration Debug for project DCS ****
make -r all 
Building file: ../tasks/wifi_esp8266.c
Invoking: MCU C Compiler
arm-none-eabi-gcc -DDEBUG -D__CODE_RED -DCORE_M3 -D__USE_CMSIS=CMSIS_CORE_LPC17xx -DCR_INTEGER_PRINTF -DCR_PRINTF_CHAR -D__LPC17XX__ -D__REDLIB__ -I"D:\Santiago\Universidad\PPS\Workspaces\Pruebas\CMSIS_CORE_LPC17xx\inc" -O0 -fno-common -g3 -Wall -c -fmessage-length=0 -fno-builtin -ffunction-sections -fdata-sections -mcpu=cortex-m3 -mthumb -specs=redlib.specs -MMD -MP -MF"tasks/wifi_esp8266.d" -MT"tasks/wifi_esp8266.o" -MT"tasks/wifi_esp8266.d" -o "tasks/wifi_esp8266.o" "../tasks/wifi_esp8266.c"
Finished building: ../tasks/wifi_esp8266.c
 
Building target: DCS.axf
Invoking: MCU Linker
arm-none-eabi-gcc -nostdlib -L"D:\Santiago\Universidad\PPS\Workspaces\Pruebas\CMSIS_CORE_LPC17xx\Debug" -Xlinker -Map="DCS.map" -Xlinker --gc-sections -Xlinker -print-memory-usage -mcpu=cortex-m3 -mthumb -T "DCS_Debug.ld" -o "DCS.axf"  ./tasks/heartbeat_1769_003-0_c02a.o ./tasks/ptt.o ./tasks/watchdog_1769_003-0_c02a.o ./tasks/wifi_esp8266.o  ./task_support/DCS_buffer.o ./task_support/uart.o  ./system/system_1769_003-0_c03a.o  ./scheduler/ttc_sch_od_1769_003-0_c02b.o  ./main/main.o  ./arm-nxp/cr_startup_lpc176x.o   -lCMSIS_CORE_LPC17xx
Memory region         Used Size  Region Size  %age Used
       MFlash512:        9444 B       512 KB      1.80%
        RamLoc32:        1864 B        32 KB      5.69%
        RamAHB32:          0 GB        32 KB      0.00%
Finished building target: DCS.axf
 
make --no-print-directory post-build
Performing post-build steps
arm-none-eabi-size "DCS.axf"; # arm-none-eabi-objcopy -v -O binary "DCS.axf" "DCS.bin" ; # checksum -p LPC1769 -d "DCS.bin";
   text	   data	    bss	    dec	    hex	filename
   9236	    208	   1656	  11100	   2b5c	DCS.axf
 
16:12:43 **** Incremental Build of configuration Debug for project TestTTRD13a ****
make -r all 
Building target: TestTTRD13a.axf
Invoking: MCU Linker
arm-none-eabi-gcc -nostdlib -L"D:\Santiago\Universidad\PPS\Workspaces\Pruebas\CMSIS_CORE_LPC17xx\Debug" -Xlinker -Map="TestTTRD13a.map" -Xlinker --gc-sections -Xlinker -print-memory-usage -mcpu=cortex-m3 -mthumb -T "TestTTRD13a_Debug.ld" -o "TestTTRD13a.axf"  ./src/tasks/heartbeat_1769_003-0_c02a.o ./src/tasks/menu_1769_003-0_c13a.o ./src/tasks/spi_7_seg_display_1769_003-0_c13a.o ./src/tasks/switch_ea-sw3_1769_003-0_c13a.o ./src/tasks/watchdog_1769_003-0_c02a.o  ./src/system_tests/system_test_mcu_temperature_1769_003-0_c13a.o  ./src/system_mode/system_mode_1769_003-0_c13a.o  ./src/scheduler/ttc_sch_1769_003-0_c02a.o  ./src/main/main.o  ./src/bertrik_sikken/lpcusb.o ./src/bertrik_sikken/serial_fifo.o  ./src/arm-nxp/cr_startup_lpc176x.o ./src/arm-nxp/lpc17xx_adc.o ./src/arm-nxp/lpc17xx_can.o ./src/arm-nxp/lpc17xx_clkpwr.o ./src/arm-nxp/lpc17xx_dac.o ./src/arm-nxp/lpc17xx_emac.o ./src/arm-nxp/lpc17xx_exti.o ./src/arm-nxp/lpc17xx_gpdma.o ./src/arm-nxp/lpc17xx_gpio.o ./src/arm-nxp/lpc17xx_i2c.o ./src/arm-nxp/lpc17xx_i2s.o ./src/arm-nxp/lpc17xx_iap.o ./src/arm-nxp/lpc17xx_libcfg_default.o ./src/arm-nxp/lpc17xx_mcpwm.o ./src/arm-nxp/lpc17xx_nvic.o ./src/arm-nxp/lpc17xx_pinsel.o ./src/arm-nxp/lpc17xx_pwm.o ./src/arm-nxp/lpc17xx_qei.o ./src/arm-nxp/lpc17xx_rit.o ./src/arm-nxp/lpc17xx_rtc.o ./src/arm-nxp/lpc17xx_spi.o ./src/arm-nxp/lpc17xx_ssp.o ./src/arm-nxp/lpc17xx_systick.o ./src/arm-nxp/lpc17xx_timer.o ./src/arm-nxp/lpc17xx_uart.o ./src/arm-nxp/lpc17xx_wdt.o ./src/arm-nxp/usbcontrol.o ./src/arm-nxp/usbhw_lpc.o ./src/arm-nxp/usbinit.o ./src/arm-nxp/usbstdreq.o  ./src/crp.o   -lCMSIS_CORE_LPC17xx
Memory region         Used Size  Region Size  %age Used
       MFlash512:       10916 B       512 KB      2.08%
        RamLoc32:        1804 B        32 KB      5.51%
        RamAHB32:          0 GB        32 KB      0.00%
Finished building target: TestTTRD13a.axf
 
make --no-print-directory post-build
Performing post-build steps
arm-none-eabi-size "TestTTRD13a.axf"; # arm-none-eabi-objcopy -v -O binary "TestTTRD13a.axf" "TestTTRD13a.bin" ; # checksum -p LPC1769 -d "TestTTRD13a.bin";
   text	   data	    bss	    dec	    hex	filename
  10900	     16	   1788	  12704	   31a0	TestTTRD13a.axf
 
16:21:58 **** Incremental Build of configuration Debug for project TestTTRD13a ****
make -r all 
make: Nothing to be done for `all'.
16:22:45 **** Incremental Build of configuration Debug for project TestTTRD13a ****
make -r all 
Building file: ../src/system_mode/system_mode_1769_003-0_c13a.c
Invoking: MCU C Compiler
arm-none-eabi-gcc -DDEBUG -D__CODE_RED -DCORE_M3 -D__USE_CMSIS=CMSIS_CORE_LPC17xx -D__LPC17XX__ -D__REDLIB__ -I"D:\Santiago\Universidad\PPS\Workspaces\Pruebas\TestTTRD13a\inc" -I"D:\Santiago\Universidad\PPS\Workspaces\Pruebas\CMSIS_CORE_LPC17xx\inc" -O0 -fno-common -g3 -Wall -c -fmessage-length=0 -fno-builtin -ffunction-sections -fdata-sections -mcpu=cortex-m3 -mthumb -specs=redlib.specs -MMD -MP -MF"src/system_mode/system_mode_1769_003-0_c13a.d" -MT"src/system_mode/system_mode_1769_003-0_c13a.o" -MT"src/system_mode/system_mode_1769_003-0_c13a.d" -o "src/system_mode/system_mode_1769_003-0_c13a.o" "../src/system_mode/system_mode_1769_003-0_c13a.c"
Finished building: ../src/system_mode/system_mode_1769_003-0_c13a.c
 
Building target: TestTTRD13a.axf
Invoking: MCU Linker
arm-none-eabi-gcc -nostdlib -L"D:\Santiago\Universidad\PPS\Workspaces\Pruebas\CMSIS_CORE_LPC17xx\Debug" -Xlinker -Map="TestTTRD13a.map" -Xlinker --gc-sections -Xlinker -print-memory-usage -mcpu=cortex-m3 -mthumb -T "TestTTRD13a_Debug.ld" -o "TestTTRD13a.axf"  ./src/tasks/heartbeat_1769_003-0_c02a.o ./src/tasks/menu_1769_003-0_c13a.o ./src/tasks/spi_7_seg_display_1769_003-0_c13a.o ./src/tasks/switch_ea-sw3_1769_003-0_c13a.o ./src/tasks/watchdog_1769_003-0_c02a.o  ./src/system_tests/system_test_mcu_temperature_1769_003-0_c13a.o  ./src/system_mode/system_mode_1769_003-0_c13a.o  ./src/scheduler/ttc_sch_1769_003-0_c02a.o  ./src/main/main.o  ./src/bertrik_sikken/lpcusb.o ./src/bertrik_sikken/serial_fifo.o  ./src/arm-nxp/cr_startup_lpc176x.o ./src/arm-nxp/lpc17xx_adc.o ./src/arm-nxp/lpc17xx_can.o ./src/arm-nxp/lpc17xx_clkpwr.o ./src/arm-nxp/lpc17xx_dac.o ./src/arm-nxp/lpc17xx_emac.o ./src/arm-nxp/lpc17xx_exti.o ./src/arm-nxp/lpc17xx_gpdma.o ./src/arm-nxp/lpc17xx_gpio.o ./src/arm-nxp/lpc17xx_i2c.o ./src/arm-nxp/lpc17xx_i2s.o ./src/arm-nxp/lpc17xx_iap.o ./src/arm-nxp/lpc17xx_libcfg_default.o ./src/arm-nxp/lpc17xx_mcpwm.o ./src/arm-nxp/lpc17xx_nvic.o ./src/arm-nxp/lpc17xx_pinsel.o ./src/arm-nxp/lpc17xx_pwm.o ./src/arm-nxp/lpc17xx_qei.o ./src/arm-nxp/lpc17xx_rit.o ./src/arm-nxp/lpc17xx_rtc.o ./src/arm-nxp/lpc17xx_spi.o ./src/arm-nxp/lpc17xx_ssp.o ./src/arm-nxp/lpc17xx_systick.o ./src/arm-nxp/lpc17xx_timer.o ./src/arm-nxp/lpc17xx_uart.o ./src/arm-nxp/lpc17xx_wdt.o ./src/arm-nxp/usbcontrol.o ./src/arm-nxp/usbhw_lpc.o ./src/arm-nxp/usbinit.o ./src/arm-nxp/usbstdreq.o  ./src/crp.o   -lCMSIS_CORE_LPC17xx
Memory region         Used Size  Region Size  %age Used
       MFlash512:       10916 B       512 KB      2.08%
        RamLoc32:        1804 B        32 KB      5.51%
        RamAHB32:          0 GB        32 KB      0.00%
Finished building target: TestTTRD13a.axf
 
make --no-print-directory post-build
Performing post-build steps
arm-none-eabi-size "TestTTRD13a.axf"; # arm-none-eabi-objcopy -v -O binary "TestTTRD13a.axf" "TestTTRD13a.bin" ; # checksum -p LPC1769 -d "TestTTRD13a.bin";
   text	   data	    bss	    dec	    hex	filename
  10900	     16	   1788	  12704	   31a0	TestTTRD13a.axf
 
16:23:31 **** Incremental Build of configuration Debug for project TestTTRD13a ****
make -r all 
Building file: ../src/system_mode/system_mode_1769_003-0_c13a.c
Invoking: MCU C Compiler
arm-none-eabi-gcc -DDEBUG -D__CODE_RED -DCORE_M3 -D__USE_CMSIS=CMSIS_CORE_LPC17xx -D__LPC17XX__ -D__REDLIB__ -I"D:\Santiago\Universidad\PPS\Workspaces\Pruebas\TestTTRD13a\inc" -I"D:\Santiago\Universidad\PPS\Workspaces\Pruebas\CMSIS_CORE_LPC17xx\inc" -O0 -fno-common -g3 -Wall -c -fmessage-length=0 -fno-builtin -ffunction-sections -fdata-sections -mcpu=cortex-m3 -mthumb -specs=redlib.specs -MMD -MP -MF"src/system_mode/system_mode_1769_003-0_c13a.d" -MT"src/system_mode/system_mode_1769_003-0_c13a.o" -MT"src/system_mode/system_mode_1769_003-0_c13a.d" -o "src/system_mode/system_mode_1769_003-0_c13a.o" "../src/system_mode/system_mode_1769_003-0_c13a.c"
Finished building: ../src/system_mode/system_mode_1769_003-0_c13a.c
 
Building target: TestTTRD13a.axf
Invoking: MCU Linker
arm-none-eabi-gcc -nostdlib -L"D:\Santiago\Universidad\PPS\Workspaces\Pruebas\CMSIS_CORE_LPC17xx\Debug" -Xlinker -Map="TestTTRD13a.map" -Xlinker --gc-sections -Xlinker -print-memory-usage -mcpu=cortex-m3 -mthumb -T "TestTTRD13a_Debug.ld" -o "TestTTRD13a.axf"  ./src/tasks/heartbeat_1769_003-0_c02a.o ./src/tasks/menu_1769_003-0_c13a.o ./src/tasks/spi_7_seg_display_1769_003-0_c13a.o ./src/tasks/switch_ea-sw3_1769_003-0_c13a.o ./src/tasks/watchdog_1769_003-0_c02a.o  ./src/system_tests/system_test_mcu_temperature_1769_003-0_c13a.o  ./src/system_mode/system_mode_1769_003-0_c13a.o  ./src/scheduler/ttc_sch_1769_003-0_c02a.o  ./src/main/main.o  ./src/bertrik_sikken/lpcusb.o ./src/bertrik_sikken/serial_fifo.o  ./src/arm-nxp/cr_startup_lpc176x.o ./src/arm-nxp/lpc17xx_adc.o ./src/arm-nxp/lpc17xx_can.o ./src/arm-nxp/lpc17xx_clkpwr.o ./src/arm-nxp/lpc17xx_dac.o ./src/arm-nxp/lpc17xx_emac.o ./src/arm-nxp/lpc17xx_exti.o ./src/arm-nxp/lpc17xx_gpdma.o ./src/arm-nxp/lpc17xx_gpio.o ./src/arm-nxp/lpc17xx_i2c.o ./src/arm-nxp/lpc17xx_i2s.o ./src/arm-nxp/lpc17xx_iap.o ./src/arm-nxp/lpc17xx_libcfg_default.o ./src/arm-nxp/lpc17xx_mcpwm.o ./src/arm-nxp/lpc17xx_nvic.o ./src/arm-nxp/lpc17xx_pinsel.o ./src/arm-nxp/lpc17xx_pwm.o ./src/arm-nxp/lpc17xx_qei.o ./src/arm-nxp/lpc17xx_rit.o ./src/arm-nxp/lpc17xx_rtc.o ./src/arm-nxp/lpc17xx_spi.o ./src/arm-nxp/lpc17xx_ssp.o ./src/arm-nxp/lpc17xx_systick.o ./src/arm-nxp/lpc17xx_timer.o ./src/arm-nxp/lpc17xx_uart.o ./src/arm-nxp/lpc17xx_wdt.o ./src/arm-nxp/usbcontrol.o ./src/arm-nxp/usbhw_lpc.o ./src/arm-nxp/usbinit.o ./src/arm-nxp/usbstdreq.o  ./src/crp.o   -lCMSIS_CORE_LPC17xx
Memory region         Used Size  Region Size  %age Used
       MFlash512:       10916 B       512 KB      2.08%
        RamLoc32:        1804 B        32 KB      5.51%
        RamAHB32:          0 GB        32 KB      0.00%
Finished building target: TestTTRD13a.axf
 
make --no-print-directory post-build
Performing post-build steps
arm-none-eabi-size "TestTTRD13a.axf"; # arm-none-eabi-objcopy -v -O binary "TestTTRD13a.axf" "TestTTRD13a.bin" ; # checksum -p LPC1769 -d "TestTTRD13a.bin";
   text	   data	    bss	    dec	    hex	filename
  10900	     16	   1788	  12704	   31a0	TestTTRD13a.axf
 
16:24:10 **** Incremental Build of configuration Debug for project DCS ****
make -r all 
Building target: DCS.axf
Invoking: MCU Linker
arm-none-eabi-gcc -nostdlib -L"D:\Santiago\Universidad\PPS\Workspaces\Pruebas\CMSIS_CORE_LPC17xx\Debug" -Xlinker -Map="DCS.map" -Xlinker --gc-sections -Xlinker -print-memory-usage -mcpu=cortex-m3 -mthumb -T "DCS_Debug.ld" -o "DCS.axf"  ./tasks/heartbeat_1769_003-0_c02a.o ./tasks/ptt.o ./tasks/watchdog_1769_003-0_c02a.o ./tasks/wifi_esp8266.o  ./task_support/DCS_buffer.o ./task_support/uart.o  ./system/system_1769_003-0_c03a.o  ./scheduler/ttc_sch_od_1769_003-0_c02b.o  ./main/main.o  ./arm-nxp/cr_startup_lpc176x.o   -lCMSIS_CORE_LPC17xx
Memory region         Used Size  Region Size  %age Used
       MFlash512:        9444 B       512 KB      1.80%
        RamLoc32:        1864 B        32 KB      5.69%
        RamAHB32:          0 GB        32 KB      0.00%
Finished building target: DCS.axf
 
make --no-print-directory post-build
Performing post-build steps
arm-none-eabi-size "DCS.axf"; # arm-none-eabi-objcopy -v -O binary "DCS.axf" "DCS.bin" ; # checksum -p LPC1769 -d "DCS.bin";
   text	   data	    bss	    dec	    hex	filename
   9236	    208	   1656	  11100	   2b5c	DCS.axf
 
16:24:36 **** Incremental Build of configuration Debug for project DCS ****
make -r all 
make: Nothing to be done for `all'.
16:44:54 **** Incremental Build of configuration Debug for project DCS ****
make -r all 
make: Nothing to be done for `all'.
16:48:41 **** Incremental Build of configuration Debug for project DCS ****
make -r all 
Building file: ../system/system_1769_003-0_c03a.c
Invoking: MCU C Compiler
arm-none-eabi-gcc -DDEBUG -D__CODE_RED -DCORE_M3 -D__USE_CMSIS=CMSIS_CORE_LPC17xx -DCR_INTEGER_PRINTF -DCR_PRINTF_CHAR -D__LPC17XX__ -D__REDLIB__ -I"D:\Santiago\Universidad\PPS\Workspaces\Pruebas\CMSIS_CORE_LPC17xx\inc" -O0 -fno-common -g3 -Wall -c -fmessage-length=0 -fno-builtin -ffunction-sections -fdata-sections -mcpu=cortex-m3 -mthumb -specs=redlib.specs -MMD -MP -MF"system/system_1769_003-0_c03a.d" -MT"system/system_1769_003-0_c03a.o" -MT"system/system_1769_003-0_c03a.d" -o "system/system_1769_003-0_c03a.o" "../system/system_1769_003-0_c03a.c"
Finished building: ../system/system_1769_003-0_c03a.c
 
Building target: DCS.axf
Invoking: MCU Linker
arm-none-eabi-gcc -nostdlib -L"D:\Santiago\Universidad\PPS\Workspaces\Pruebas\CMSIS_CORE_LPC17xx\Debug" -Xlinker -Map="DCS.map" -Xlinker --gc-sections -Xlinker -print-memory-usage -mcpu=cortex-m3 -mthumb -T "DCS_Debug.ld" -o "DCS.axf"  ./tasks/heartbeat_1769_003-0_c02a.o ./tasks/ptt.o ./tasks/watchdog_1769_003-0_c02a.o ./tasks/wifi_esp8266.o  ./task_support/DCS_buffer.o ./task_support/uart.o  ./system/system_1769_003-0_c03a.o  ./scheduler/ttc_sch_od_1769_003-0_c02b.o  ./main/main.o  ./arm-nxp/cr_startup_lpc176x.o   -lCMSIS_CORE_LPC17xx
Memory region         Used Size  Region Size  %age Used
       MFlash512:        9452 B       512 KB      1.80%
        RamLoc32:        1864 B        32 KB      5.69%
        RamAHB32:          0 GB        32 KB      0.00%
Finished building target: DCS.axf
 
make --no-print-directory post-build
Performing post-build steps
arm-none-eabi-size "DCS.axf"; # arm-none-eabi-objcopy -v -O binary "DCS.axf" "DCS.bin" ; # checksum -p LPC1769 -d "DCS.bin";
   text	   data	    bss	    dec	    hex	filename
   9244	    208	   1656	  11108	   2b64	DCS.axf
 
16:49:25 **** Incremental Build of configuration Debug for project DCS ****
make -r all 
Building file: ../system/system_1769_003-0_c03a.c
Invoking: MCU C Compiler
arm-none-eabi-gcc -DDEBUG -D__CODE_RED -DCORE_M3 -D__USE_CMSIS=CMSIS_CORE_LPC17xx -DCR_INTEGER_PRINTF -DCR_PRINTF_CHAR -D__LPC17XX__ -D__REDLIB__ -I"D:\Santiago\Universidad\PPS\Workspaces\Pruebas\CMSIS_CORE_LPC17xx\inc" -O0 -fno-common -g3 -Wall -c -fmessage-length=0 -fno-builtin -ffunction-sections -fdata-sections -mcpu=cortex-m3 -mthumb -specs=redlib.specs -MMD -MP -MF"system/system_1769_003-0_c03a.d" -MT"system/system_1769_003-0_c03a.o" -MT"system/system_1769_003-0_c03a.d" -o "system/system_1769_003-0_c03a.o" "../system/system_1769_003-0_c03a.c"
Finished building: ../system/system_1769_003-0_c03a.c
 
Building target: DCS.axf
Invoking: MCU Linker
arm-none-eabi-gcc -nostdlib -L"D:\Santiago\Universidad\PPS\Workspaces\Pruebas\CMSIS_CORE_LPC17xx\Debug" -Xlinker -Map="DCS.map" -Xlinker --gc-sections -Xlinker -print-memory-usage -mcpu=cortex-m3 -mthumb -T "DCS_Debug.ld" -o "DCS.axf"  ./tasks/heartbeat_1769_003-0_c02a.o ./tasks/ptt.o ./tasks/watchdog_1769_003-0_c02a.o ./tasks/wifi_esp8266.o  ./task_support/DCS_buffer.o ./task_support/uart.o  ./system/system_1769_003-0_c03a.o  ./scheduler/ttc_sch_od_1769_003-0_c02b.o  ./main/main.o  ./arm-nxp/cr_startup_lpc176x.o   -lCMSIS_CORE_LPC17xx
Memory region         Used Size  Region Size  %age Used
       MFlash512:        9452 B       512 KB      1.80%
        RamLoc32:        1864 B        32 KB      5.69%
        RamAHB32:          0 GB        32 KB      0.00%
Finished building target: DCS.axf
 
make --no-print-directory post-build
Performing post-build steps
arm-none-eabi-size "DCS.axf"; # arm-none-eabi-objcopy -v -O binary "DCS.axf" "DCS.bin" ; # checksum -p LPC1769 -d "DCS.bin";
   text	   data	    bss	    dec	    hex	filename
   9244	    208	   1656	  11108	   2b64	DCS.axf
 
16:50:37 **** Incremental Build of configuration Debug for project DCS ****
make -r all 
make: Nothing to be done for `all'.
16:51:22 **** Incremental Build of configuration Debug for project DCS ****
make -r all 
make: Nothing to be done for `all'.
16:53:59 **** Incremental Build of configuration Debug for project DCS ****
make -r all 
make: Nothing to be done for `all'.
16:54:10 **** Incremental Build of configuration Debug for project DCS ****
make -r all 
make: Nothing to be done for `all'.
16:54:31 **** Incremental Build of configuration Debug for project DCS ****
make -r all 
make: Nothing to be done for `all'.
16:55:04 **** Incremental Build of configuration Debug for project DCS ****
make -r all 
Building file: ../system/system_1769_003-0_c03a.c
Invoking: MCU C Compiler
arm-none-eabi-gcc -DDEBUG -D__CODE_RED -DCORE_M3 -D__USE_CMSIS=CMSIS_CORE_LPC17xx -DCR_INTEGER_PRINTF -DCR_PRINTF_CHAR -D__LPC17XX__ -D__REDLIB__ -I"D:\Santiago\Universidad\PPS\Workspaces\Pruebas\CMSIS_CORE_LPC17xx\inc" -O0 -fno-common -g3 -Wall -c -fmessage-length=0 -fno-builtin -ffunction-sections -fdata-sections -mcpu=cortex-m3 -mthumb -specs=redlib.specs -MMD -MP -MF"system/system_1769_003-0_c03a.d" -MT"system/system_1769_003-0_c03a.o" -MT"system/system_1769_003-0_c03a.d" -o "system/system_1769_003-0_c03a.o" "../system/system_1769_003-0_c03a.c"
Finished building: ../system/system_1769_003-0_c03a.c
 
Building target: DCS.axf
Invoking: MCU Linker
arm-none-eabi-gcc -nostdlib -L"D:\Santiago\Universidad\PPS\Workspaces\Pruebas\CMSIS_CORE_LPC17xx\Debug" -Xlinker -Map="DCS.map" -Xlinker --gc-sections -Xlinker -print-memory-usage -mcpu=cortex-m3 -mthumb -T "DCS_Debug.ld" -o "DCS.axf"  ./tasks/heartbeat_1769_003-0_c02a.o ./tasks/ptt.o ./tasks/watchdog_1769_003-0_c02a.o ./tasks/wifi_esp8266.o  ./task_support/DCS_buffer.o ./task_support/uart.o  ./system/system_1769_003-0_c03a.o  ./scheduler/ttc_sch_od_1769_003-0_c02b.o  ./main/main.o  ./arm-nxp/cr_startup_lpc176x.o   -lCMSIS_CORE_LPC17xx
Memory region         Used Size  Region Size  %age Used
       MFlash512:        9444 B       512 KB      1.80%
        RamLoc32:        1864 B        32 KB      5.69%
        RamAHB32:          0 GB        32 KB      0.00%
Finished building target: DCS.axf
 
make --no-print-directory post-build
Performing post-build steps
arm-none-eabi-size "DCS.axf"; # arm-none-eabi-objcopy -v -O binary "DCS.axf" "DCS.bin" ; # checksum -p LPC1769 -d "DCS.bin";
   text	   data	    bss	    dec	    hex	filename
   9236	    208	   1656	  11100	   2b5c	DCS.axf
 
16:55:27 **** Incremental Build of configuration Debug for project DCS ****
make -r all 
make: Nothing to be done for `all'.
16:56:33 **** Incremental Build of configuration Debug for project DCS ****
make -r all 
Building file: ../tasks/heartbeat_1769_003-0_c02a.c
Invoking: MCU C Compiler
arm-none-eabi-gcc -DDEBUG -D__CODE_RED -DCORE_M3 -D__USE_CMSIS=CMSIS_CORE_LPC17xx -DCR_INTEGER_PRINTF -DCR_PRINTF_CHAR -D__LPC17XX__ -D__REDLIB__ -I"D:\Santiago\Universidad\PPS\Workspaces\Pruebas\CMSIS_CORE_LPC17xx\inc" -O0 -fno-common -g3 -Wall -c -fmessage-length=0 -fno-builtin -ffunction-sections -fdata-sections -mcpu=cortex-m3 -mthumb -specs=redlib.specs -MMD -MP -MF"tasks/heartbeat_1769_003-0_c02a.d" -MT"tasks/heartbeat_1769_003-0_c02a.o" -MT"tasks/heartbeat_1769_003-0_c02a.d" -o "tasks/heartbeat_1769_003-0_c02a.o" "../tasks/heartbeat_1769_003-0_c02a.c"
Finished building: ../tasks/heartbeat_1769_003-0_c02a.c
 
Building file: ../tasks/watchdog_1769_003-0_c02a.c
Invoking: MCU C Compiler
arm-none-eabi-gcc -DDEBUG -D__CODE_RED -DCORE_M3 -D__USE_CMSIS=CMSIS_CORE_LPC17xx -DCR_INTEGER_PRINTF -DCR_PRINTF_CHAR -D__LPC17XX__ -D__REDLIB__ -I"D:\Santiago\Universidad\PPS\Workspaces\Pruebas\CMSIS_CORE_LPC17xx\inc" -O0 -fno-common -g3 -Wall -c -fmessage-length=0 -fno-builtin -ffunction-sections -fdata-sections -mcpu=cortex-m3 -mthumb -specs=redlib.specs -MMD -MP -MF"tasks/watchdog_1769_003-0_c02a.d" -MT"tasks/watchdog_1769_003-0_c02a.o" -MT"tasks/watchdog_1769_003-0_c02a.d" -o "tasks/watchdog_1769_003-0_c02a.o" "../tasks/watchdog_1769_003-0_c02a.c"
Finished building: ../tasks/watchdog_1769_003-0_c02a.c
 
Building file: ../task_support/DCS_buffer.c
Invoking: MCU C Compiler
arm-none-eabi-gcc -DDEBUG -D__CODE_RED -DCORE_M3 -D__USE_CMSIS=CMSIS_CORE_LPC17xx -DCR_INTEGER_PRINTF -DCR_PRINTF_CHAR -D__LPC17XX__ -D__REDLIB__ -I"D:\Santiago\Universidad\PPS\Workspaces\Pruebas\CMSIS_CORE_LPC17xx\inc" -O0 -fno-common -g3 -Wall -c -fmessage-length=0 -fno-builtin -ffunction-sections -fdata-sections -mcpu=cortex-m3 -mthumb -specs=redlib.specs -MMD -MP -MF"task_support/DCS_buffer.d" -MT"task_support/DCS_buffer.o" -MT"task_support/DCS_buffer.d" -o "task_support/DCS_buffer.o" "../task_support/DCS_buffer.c"
Finished building: ../task_support/DCS_buffer.c
 
Building file: ../system/system_1769_003-0_c03a.c
Invoking: MCU C Compiler
arm-none-eabi-gcc -DDEBUG -D__CODE_RED -DCORE_M3 -D__USE_CMSIS=CMSIS_CORE_LPC17xx -DCR_INTEGER_PRINTF -DCR_PRINTF_CHAR -D__LPC17XX__ -D__REDLIB__ -I"D:\Santiago\Universidad\PPS\Workspaces\Pruebas\CMSIS_CORE_LPC17xx\inc" -O0 -fno-common -g3 -Wall -c -fmessage-length=0 -fno-builtin -ffunction-sections -fdata-sections -mcpu=cortex-m3 -mthumb -specs=redlib.specs -MMD -MP -MF"system/system_1769_003-0_c03a.d" -MT"system/system_1769_003-0_c03a.o" -MT"system/system_1769_003-0_c03a.d" -o "system/system_1769_003-0_c03a.o" "../system/system_1769_003-0_c03a.c"
Finished building: ../system/system_1769_003-0_c03a.c
 
Building file: ../scheduler/ttc_sch_od_1769_003-0_c02b.c
Invoking: MCU C Compiler
arm-none-eabi-gcc -DDEBUG -D__CODE_RED -DCORE_M3 -D__USE_CMSIS=CMSIS_CORE_LPC17xx -DCR_INTEGER_PRINTF -DCR_PRINTF_CHAR -D__LPC17XX__ -D__REDLIB__ -I"D:\Santiago\Universidad\PPS\Workspaces\Pruebas\CMSIS_CORE_LPC17xx\inc" -O0 -fno-common -g3 -Wall -c -fmessage-length=0 -fno-builtin -ffunction-sections -fdata-sections -mcpu=cortex-m3 -mthumb -specs=redlib.specs -MMD -MP -MF"scheduler/ttc_sch_od_1769_003-0_c02b.d" -MT"scheduler/ttc_sch_od_1769_003-0_c02b.o" -MT"scheduler/ttc_sch_od_1769_003-0_c02b.d" -o "scheduler/ttc_sch_od_1769_003-0_c02b.o" "../scheduler/ttc_sch_od_1769_003-0_c02b.c"
Finished building: ../scheduler/ttc_sch_od_1769_003-0_c02b.c
 
Building file: ../main/main.c
Invoking: MCU C Compiler
arm-none-eabi-gcc -DDEBUG -D__CODE_RED -DCORE_M3 -D__USE_CMSIS=CMSIS_CORE_LPC17xx -DCR_INTEGER_PRINTF -DCR_PRINTF_CHAR -D__LPC17XX__ -D__REDLIB__ -I"D:\Santiago\Universidad\PPS\Workspaces\Pruebas\CMSIS_CORE_LPC17xx\inc" -O0 -fno-common -g3 -Wall -c -fmessage-length=0 -fno-builtin -ffunction-sections -fdata-sections -mcpu=cortex-m3 -mthumb -specs=redlib.specs -MMD -MP -MF"main/main.d" -MT"main/main.o" -MT"main/main.d" -o "main/main.o" "../main/main.c"
Finished building: ../main/main.c
 
Building target: DCS.axf
Invoking: MCU Linker
arm-none-eabi-gcc -nostdlib -L"D:\Santiago\Universidad\PPS\Workspaces\Pruebas\CMSIS_CORE_LPC17xx\Debug" -Xlinker -Map="DCS.map" -Xlinker --gc-sections -Xlinker -print-memory-usage -mcpu=cortex-m3 -mthumb -T "DCS_Debug.ld" -o "DCS.axf"  ./tasks/heartbeat_1769_003-0_c02a.o ./tasks/ptt.o ./tasks/watchdog_1769_003-0_c02a.o ./tasks/wifi_esp8266.o  ./task_support/DCS_buffer.o ./task_support/uart.o  ./system/system_1769_003-0_c03a.o  ./scheduler/ttc_sch_od_1769_003-0_c02b.o  ./main/main.o  ./arm-nxp/cr_startup_lpc176x.o   -lCMSIS_CORE_LPC17xx
Memory region         Used Size  Region Size  %age Used
       MFlash512:        9444 B       512 KB      1.80%
        RamLoc32:        1864 B        32 KB      5.69%
        RamAHB32:          0 GB        32 KB      0.00%
Finished building target: DCS.axf
 
make --no-print-directory post-build
Performing post-build steps
arm-none-eabi-size "DCS.axf"; # arm-none-eabi-objcopy -v -O binary "DCS.axf" "DCS.bin" ; # checksum -p LPC1769 -d "DCS.bin";
   text	   data	    bss	    dec	    hex	filename
   9236	    208	   1656	  11100	   2b5c	DCS.axf
 
16:57:16 **** Incremental Build of configuration Debug for project DCS ****
make -r all 
make: Nothing to be done for `all'.
16:59:36 **** Incremental Build of configuration Debug for project DCS ****
make -r all 
make: Nothing to be done for `all'.
17:01:09 **** Incremental Build of configuration Debug for project DCS ****
make -r all 
Building file: ../tasks/heartbeat_1769_003-0_c02a.c
Invoking: MCU C Compiler
arm-none-eabi-gcc -DDEBUG -D__CODE_RED -DCORE_M3 -D__USE_CMSIS=CMSIS_CORE_LPC17xx -DCR_INTEGER_PRINTF -DCR_PRINTF_CHAR -D__LPC17XX__ -D__REDLIB__ -I"D:\Santiago\Universidad\PPS\Workspaces\Pruebas\CMSIS_CORE_LPC17xx\inc" -O0 -fno-common -g3 -Wall -c -fmessage-length=0 -fno-builtin -ffunction-sections -fdata-sections -mcpu=cortex-m3 -mthumb -specs=redlib.specs -MMD -MP -MF"tasks/heartbeat_1769_003-0_c02a.d" -MT"tasks/heartbeat_1769_003-0_c02a.o" -MT"tasks/heartbeat_1769_003-0_c02a.d" -o "tasks/heartbeat_1769_003-0_c02a.o" "../tasks/heartbeat_1769_003-0_c02a.c"
Finished building: ../tasks/heartbeat_1769_003-0_c02a.c
 
Building file: ../tasks/watchdog_1769_003-0_c02a.c
Invoking: MCU C Compiler
arm-none-eabi-gcc -DDEBUG -D__CODE_RED -DCORE_M3 -D__USE_CMSIS=CMSIS_CORE_LPC17xx -DCR_INTEGER_PRINTF -DCR_PRINTF_CHAR -D__LPC17XX__ -D__REDLIB__ -I"D:\Santiago\Universidad\PPS\Workspaces\Pruebas\CMSIS_CORE_LPC17xx\inc" -O0 -fno-common -g3 -Wall -c -fmessage-length=0 -fno-builtin -ffunction-sections -fdata-sections -mcpu=cortex-m3 -mthumb -specs=redlib.specs -MMD -MP -MF"tasks/watchdog_1769_003-0_c02a.d" -MT"tasks/watchdog_1769_003-0_c02a.o" -MT"tasks/watchdog_1769_003-0_c02a.d" -o "tasks/watchdog_1769_003-0_c02a.o" "../tasks/watchdog_1769_003-0_c02a.c"
Finished building: ../tasks/watchdog_1769_003-0_c02a.c
 
Building file: ../task_support/DCS_buffer.c
Invoking: MCU C Compiler
arm-none-eabi-gcc -DDEBUG -D__CODE_RED -DCORE_M3 -D__USE_CMSIS=CMSIS_CORE_LPC17xx -DCR_INTEGER_PRINTF -DCR_PRINTF_CHAR -D__LPC17XX__ -D__REDLIB__ -I"D:\Santiago\Universidad\PPS\Workspaces\Pruebas\CMSIS_CORE_LPC17xx\inc" -O0 -fno-common -g3 -Wall -c -fmessage-length=0 -fno-builtin -ffunction-sections -fdata-sections -mcpu=cortex-m3 -mthumb -specs=redlib.specs -MMD -MP -MF"task_support/DCS_buffer.d" -MT"task_support/DCS_buffer.o" -MT"task_support/DCS_buffer.d" -o "task_support/DCS_buffer.o" "../task_support/DCS_buffer.c"
Finished building: ../task_support/DCS_buffer.c
 
Building file: ../system/system_1769_003-0_c03a.c
Invoking: MCU C Compiler
arm-none-eabi-gcc -DDEBUG -D__CODE_RED -DCORE_M3 -D__USE_CMSIS=CMSIS_CORE_LPC17xx -DCR_INTEGER_PRINTF -DCR_PRINTF_CHAR -D__LPC17XX__ -D__REDLIB__ -I"D:\Santiago\Universidad\PPS\Workspaces\Pruebas\CMSIS_CORE_LPC17xx\inc" -O0 -fno-common -g3 -Wall -c -fmessage-length=0 -fno-builtin -ffunction-sections -fdata-sections -mcpu=cortex-m3 -mthumb -specs=redlib.specs -MMD -MP -MF"system/system_1769_003-0_c03a.d" -MT"system/system_1769_003-0_c03a.o" -MT"system/system_1769_003-0_c03a.d" -o "system/system_1769_003-0_c03a.o" "../system/system_1769_003-0_c03a.c"
Finished building: ../system/system_1769_003-0_c03a.c
 
Building file: ../scheduler/ttc_sch_od_1769_003-0_c02b.c
Invoking: MCU C Compiler
arm-none-eabi-gcc -DDEBUG -D__CODE_RED -DCORE_M3 -D__USE_CMSIS=CMSIS_CORE_LPC17xx -DCR_INTEGER_PRINTF -DCR_PRINTF_CHAR -D__LPC17XX__ -D__REDLIB__ -I"D:\Santiago\Universidad\PPS\Workspaces\Pruebas\CMSIS_CORE_LPC17xx\inc" -O0 -fno-common -g3 -Wall -c -fmessage-length=0 -fno-builtin -ffunction-sections -fdata-sections -mcpu=cortex-m3 -mthumb -specs=redlib.specs -MMD -MP -MF"scheduler/ttc_sch_od_1769_003-0_c02b.d" -MT"scheduler/ttc_sch_od_1769_003-0_c02b.o" -MT"scheduler/ttc_sch_od_1769_003-0_c02b.d" -o "scheduler/ttc_sch_od_1769_003-0_c02b.o" "../scheduler/ttc_sch_od_1769_003-0_c02b.c"
Finished building: ../scheduler/ttc_sch_od_1769_003-0_c02b.c
 
Building file: ../main/main.c
Invoking: MCU C Compiler
arm-none-eabi-gcc -DDEBUG -D__CODE_RED -DCORE_M3 -D__USE_CMSIS=CMSIS_CORE_LPC17xx -DCR_INTEGER_PRINTF -DCR_PRINTF_CHAR -D__LPC17XX__ -D__REDLIB__ -I"D:\Santiago\Universidad\PPS\Workspaces\Pruebas\CMSIS_CORE_LPC17xx\inc" -O0 -fno-common -g3 -Wall -c -fmessage-length=0 -fno-builtin -ffunction-sections -fdata-sections -mcpu=cortex-m3 -mthumb -specs=redlib.specs -MMD -MP -MF"main/main.d" -MT"main/main.o" -MT"main/main.d" -o "main/main.o" "../main/main.c"
Finished building: ../main/main.c
 
Building target: DCS.axf
Invoking: MCU Linker
arm-none-eabi-gcc -nostdlib -L"D:\Santiago\Universidad\PPS\Workspaces\Pruebas\CMSIS_CORE_LPC17xx\Debug" -Xlinker -Map="DCS.map" -Xlinker --gc-sections -Xlinker -print-memory-usage -mcpu=cortex-m3 -mthumb -T "DCS_Debug.ld" -o "DCS.axf"  ./tasks/heartbeat_1769_003-0_c02a.o ./tasks/ptt.o ./tasks/watchdog_1769_003-0_c02a.o ./tasks/wifi_esp8266.o  ./task_support/DCS_buffer.o ./task_support/uart.o  ./system/system_1769_003-0_c03a.o  ./scheduler/ttc_sch_od_1769_003-0_c02b.o  ./main/main.o  ./arm-nxp/cr_startup_lpc176x.o   -lCMSIS_CORE_LPC17xx
Memory region         Used Size  Region Size  %age Used
       MFlash512:        9444 B       512 KB      1.80%
        RamLoc32:        1864 B        32 KB      5.69%
        RamAHB32:          0 GB        32 KB      0.00%
Finished building target: DCS.axf
 
make --no-print-directory post-build
Performing post-build steps
arm-none-eabi-size "DCS.axf"; # arm-none-eabi-objcopy -v -O binary "DCS.axf" "DCS.bin" ; # checksum -p LPC1769 -d "DCS.bin";
   text	   data	    bss	    dec	    hex	filename
   9236	    208	   1656	  11100	   2b5c	DCS.axf
 
17:03:21 **** Incremental Build of configuration Debug for project DCS ****
make -r all 
make: Nothing to be done for `all'.
17:05:06 **** Incremental Build of configuration Debug for project DCS ****
make -r all 
make: Nothing to be done for `all'.
17:05:16 **** Incremental Build of configuration Debug for project DCS ****
make -r all 
make: Nothing to be done for `all'.
17:05:28 **** Incremental Build of configuration Debug for project DCS ****
make -r all 
make: Nothing to be done for `all'.
17:06:20 **** Incremental Build of configuration Debug for project DCS ****
make -r all 
make: Nothing to be done for `all'.
17:08:17 **** Incremental Build of configuration Debug for project DCS ****
make -r all 
make: Nothing to be done for `all'.
17:09:51 **** Incremental Build of configuration Debug for project DCS ****
make -r all 
Building file: ../tasks/wifi_esp8266.c
Invoking: MCU C Compiler
arm-none-eabi-gcc -DDEBUG -D__CODE_RED -DCORE_M3 -D__USE_CMSIS=CMSIS_CORE_LPC17xx -DCR_INTEGER_PRINTF -DCR_PRINTF_CHAR -D__LPC17XX__ -D__REDLIB__ -I"D:\Santiago\Universidad\PPS\Workspaces\Pruebas\CMSIS_CORE_LPC17xx\inc" -O0 -fno-common -g3 -Wall -c -fmessage-length=0 -fno-builtin -ffunction-sections -fdata-sections -mcpu=cortex-m3 -mthumb -specs=redlib.specs -MMD -MP -MF"tasks/wifi_esp8266.d" -MT"tasks/wifi_esp8266.o" -MT"tasks/wifi_esp8266.d" -o "tasks/wifi_esp8266.o" "../tasks/wifi_esp8266.c"
Finished building: ../tasks/wifi_esp8266.c
 
Building target: DCS.axf
Invoking: MCU Linker
arm-none-eabi-gcc -nostdlib -L"D:\Santiago\Universidad\PPS\Workspaces\Pruebas\CMSIS_CORE_LPC17xx\Debug" -Xlinker -Map="DCS.map" -Xlinker --gc-sections -Xlinker -print-memory-usage -mcpu=cortex-m3 -mthumb -T "DCS_Debug.ld" -o "DCS.axf"  ./tasks/heartbeat_1769_003-0_c02a.o ./tasks/ptt.o ./tasks/watchdog_1769_003-0_c02a.o ./tasks/wifi_esp8266.o  ./task_support/DCS_buffer.o ./task_support/uart.o  ./system/system_1769_003-0_c03a.o  ./scheduler/ttc_sch_od_1769_003-0_c02b.o  ./main/main.o  ./arm-nxp/cr_startup_lpc176x.o   -lCMSIS_CORE_LPC17xx
Memory region         Used Size  Region Size  %age Used
       MFlash512:        9444 B       512 KB      1.80%
        RamLoc32:        1864 B        32 KB      5.69%
        RamAHB32:          0 GB        32 KB      0.00%
Finished building target: DCS.axf
 
make --no-print-directory post-build
Performing post-build steps
arm-none-eabi-size "DCS.axf"; # arm-none-eabi-objcopy -v -O binary "DCS.axf" "DCS.bin" ; # checksum -p LPC1769 -d "DCS.bin";
   text	   data	    bss	    dec	    hex	filename
   9236	    208	   1656	  11100	   2b5c	DCS.axf
 
17:21:14 **** Incremental Build of configuration Debug for project DCS ****
make -r all 
Building file: ../tasks/wifi_esp8266.c
Invoking: MCU C Compiler
arm-none-eabi-gcc -DDEBUG -D__CODE_RED -DCORE_M3 -D__USE_CMSIS=CMSIS_CORE_LPC17xx -DCR_INTEGER_PRINTF -DCR_PRINTF_CHAR -D__LPC17XX__ -D__REDLIB__ -I"D:\Santiago\Universidad\PPS\Workspaces\Pruebas\CMSIS_CORE_LPC17xx\inc" -O0 -fno-common -g3 -Wall -c -fmessage-length=0 -fno-builtin -ffunction-sections -fdata-sections -mcpu=cortex-m3 -mthumb -specs=redlib.specs -MMD -MP -MF"tasks/wifi_esp8266.d" -MT"tasks/wifi_esp8266.o" -MT"tasks/wifi_esp8266.d" -o "tasks/wifi_esp8266.o" "../tasks/wifi_esp8266.c"
Finished building: ../tasks/wifi_esp8266.c
 
Building target: DCS.axf
Invoking: MCU Linker
arm-none-eabi-gcc -nostdlib -L"D:\Santiago\Universidad\PPS\Workspaces\Pruebas\CMSIS_CORE_LPC17xx\Debug" -Xlinker -Map="DCS.map" -Xlinker --gc-sections -Xlinker -print-memory-usage -mcpu=cortex-m3 -mthumb -T "DCS_Debug.ld" -o "DCS.axf"  ./tasks/heartbeat_1769_003-0_c02a.o ./tasks/ptt.o ./tasks/watchdog_1769_003-0_c02a.o ./tasks/wifi_esp8266.o  ./task_support/DCS_buffer.o ./task_support/uart.o  ./system/system_1769_003-0_c03a.o  ./scheduler/ttc_sch_od_1769_003-0_c02b.o  ./main/main.o  ./arm-nxp/cr_startup_lpc176x.o   -lCMSIS_CORE_LPC17xx
Memory region         Used Size  Region Size  %age Used
       MFlash512:        9444 B       512 KB      1.80%
        RamLoc32:        1864 B        32 KB      5.69%
        RamAHB32:          0 GB        32 KB      0.00%
Finished building target: DCS.axf
 
make --no-print-directory post-build
Performing post-build steps
arm-none-eabi-size "DCS.axf"; # arm-none-eabi-objcopy -v -O binary "DCS.axf" "DCS.bin" ; # checksum -p LPC1769 -d "DCS.bin";
   text	   data	    bss	    dec	    hex	filename
   9236	    208	   1656	  11100	   2b5c	DCS.axf
 
17:24:55 **** Incremental Build of configuration Debug for project DCS ****
make -r all 
Building file: ../tasks/wifi_esp8266.c
Invoking: MCU C Compiler
arm-none-eabi-gcc -DDEBUG -D__CODE_RED -DCORE_M3 -D__USE_CMSIS=CMSIS_CORE_LPC17xx -DCR_INTEGER_PRINTF -DCR_PRINTF_CHAR -D__LPC17XX__ -D__REDLIB__ -I"D:\Santiago\Universidad\PPS\Workspaces\Pruebas\CMSIS_CORE_LPC17xx\inc" -O0 -fno-common -g3 -Wall -c -fmessage-length=0 -fno-builtin -ffunction-sections -fdata-sections -mcpu=cortex-m3 -mthumb -specs=redlib.specs -MMD -MP -MF"tasks/wifi_esp8266.d" -MT"tasks/wifi_esp8266.o" -MT"tasks/wifi_esp8266.d" -o "tasks/wifi_esp8266.o" "../tasks/wifi_esp8266.c"
Finished building: ../tasks/wifi_esp8266.c
 
Building target: DCS.axf
Invoking: MCU Linker
arm-none-eabi-gcc -nostdlib -L"D:\Santiago\Universidad\PPS\Workspaces\Pruebas\CMSIS_CORE_LPC17xx\Debug" -Xlinker -Map="DCS.map" -Xlinker --gc-sections -Xlinker -print-memory-usage -mcpu=cortex-m3 -mthumb -T "DCS_Debug.ld" -o "DCS.axf"  ./tasks/heartbeat_1769_003-0_c02a.o ./tasks/ptt.o ./tasks/watchdog_1769_003-0_c02a.o ./tasks/wifi_esp8266.o  ./task_support/DCS_buffer.o ./task_support/uart.o  ./system/system_1769_003-0_c03a.o  ./scheduler/ttc_sch_od_1769_003-0_c02b.o  ./main/main.o  ./arm-nxp/cr_startup_lpc176x.o   -lCMSIS_CORE_LPC17xx
Memory region         Used Size  Region Size  %age Used
       MFlash512:        9444 B       512 KB      1.80%
        RamLoc32:        1864 B        32 KB      5.69%
        RamAHB32:          0 GB        32 KB      0.00%
Finished building target: DCS.axf
 
make --no-print-directory post-build
Performing post-build steps
arm-none-eabi-size "DCS.axf"; # arm-none-eabi-objcopy -v -O binary "DCS.axf" "DCS.bin" ; # checksum -p LPC1769 -d "DCS.bin";
   text	   data	    bss	    dec	    hex	filename
   9236	    208	   1656	  11100	   2b5c	DCS.axf
 
17:26:52 **** Incremental Build of configuration Debug for project DCS ****
make -r all 
Building file: ../tasks/wifi_esp8266.c
Invoking: MCU C Compiler
arm-none-eabi-gcc -DDEBUG -D__CODE_RED -DCORE_M3 -D__USE_CMSIS=CMSIS_CORE_LPC17xx -DCR_INTEGER_PRINTF -DCR_PRINTF_CHAR -D__LPC17XX__ -D__REDLIB__ -I"D:\Santiago\Universidad\PPS\Workspaces\Pruebas\CMSIS_CORE_LPC17xx\inc" -O0 -fno-common -g3 -Wall -c -fmessage-length=0 -fno-builtin -ffunction-sections -fdata-sections -mcpu=cortex-m3 -mthumb -specs=redlib.specs -MMD -MP -MF"tasks/wifi_esp8266.d" -MT"tasks/wifi_esp8266.o" -MT"tasks/wifi_esp8266.d" -o "tasks/wifi_esp8266.o" "../tasks/wifi_esp8266.c"
Finished building: ../tasks/wifi_esp8266.c
 
Building target: DCS.axf
Invoking: MCU Linker
arm-none-eabi-gcc -nostdlib -L"D:\Santiago\Universidad\PPS\Workspaces\Pruebas\CMSIS_CORE_LPC17xx\Debug" -Xlinker -Map="DCS.map" -Xlinker --gc-sections -Xlinker -print-memory-usage -mcpu=cortex-m3 -mthumb -T "DCS_Debug.ld" -o "DCS.axf"  ./tasks/heartbeat_1769_003-0_c02a.o ./tasks/ptt.o ./tasks/watchdog_1769_003-0_c02a.o ./tasks/wifi_esp8266.o  ./task_support/DCS_buffer.o ./task_support/uart.o  ./system/system_1769_003-0_c03a.o  ./scheduler/ttc_sch_od_1769_003-0_c02b.o  ./main/main.o  ./arm-nxp/cr_startup_lpc176x.o   -lCMSIS_CORE_LPC17xx
Memory region         Used Size  Region Size  %age Used
       MFlash512:        9444 B       512 KB      1.80%
        RamLoc32:        1864 B        32 KB      5.69%
        RamAHB32:          0 GB        32 KB      0.00%
Finished building target: DCS.axf
 
make --no-print-directory post-build
Performing post-build steps
arm-none-eabi-size "DCS.axf"; # arm-none-eabi-objcopy -v -O binary "DCS.axf" "DCS.bin" ; # checksum -p LPC1769 -d "DCS.bin";
   text	   data	    bss	    dec	    hex	filename
   9236	    208	   1656	  11100	   2b5c	DCS.axf
 
17:43:32 **** Incremental Build of configuration Debug for project DCS ****
make -r all 
Building file: ../tasks/wifi_esp8266.c
Invoking: MCU C Compiler
arm-none-eabi-gcc -DDEBUG -D__CODE_RED -DCORE_M3 -D__USE_CMSIS=CMSIS_CORE_LPC17xx -DCR_INTEGER_PRINTF -DCR_PRINTF_CHAR -D__LPC17XX__ -D__REDLIB__ -I"D:\Santiago\Universidad\PPS\Workspaces\Pruebas\CMSIS_CORE_LPC17xx\inc" -O0 -fno-common -g3 -Wall -c -fmessage-length=0 -fno-builtin -ffunction-sections -fdata-sections -mcpu=cortex-m3 -mthumb -specs=redlib.specs -MMD -MP -MF"tasks/wifi_esp8266.d" -MT"tasks/wifi_esp8266.o" -MT"tasks/wifi_esp8266.d" -o "tasks/wifi_esp8266.o" "../tasks/wifi_esp8266.c"
Finished building: ../tasks/wifi_esp8266.c
 
Building target: DCS.axf
Invoking: MCU Linker
arm-none-eabi-gcc -nostdlib -L"D:\Santiago\Universidad\PPS\Workspaces\Pruebas\CMSIS_CORE_LPC17xx\Debug" -Xlinker -Map="DCS.map" -Xlinker --gc-sections -Xlinker -print-memory-usage -mcpu=cortex-m3 -mthumb -T "DCS_Debug.ld" -o "DCS.axf"  ./tasks/heartbeat_1769_003-0_c02a.o ./tasks/ptt.o ./tasks/watchdog_1769_003-0_c02a.o ./tasks/wifi_esp8266.o  ./task_support/DCS_buffer.o ./task_support/uart.o  ./system/system_1769_003-0_c03a.o  ./scheduler/ttc_sch_od_1769_003-0_c02b.o  ./main/main.o  ./arm-nxp/cr_startup_lpc176x.o   -lCMSIS_CORE_LPC17xx
Memory region         Used Size  Region Size  %age Used
       MFlash512:        9444 B       512 KB      1.80%
        RamLoc32:        1864 B        32 KB      5.69%
        RamAHB32:          0 GB        32 KB      0.00%
Finished building target: DCS.axf
 
make --no-print-directory post-build
Performing post-build steps
arm-none-eabi-size "DCS.axf"; # arm-none-eabi-objcopy -v -O binary "DCS.axf" "DCS.bin" ; # checksum -p LPC1769 -d "DCS.bin";
   text	   data	    bss	    dec	    hex	filename
   9236	    208	   1656	  11100	   2b5c	DCS.axf
 
17:51:12 **** Incremental Build of configuration Debug for project DCS ****
make -r all 
Building file: ../tasks/heartbeat_1769_003-0_c02a.c
Invoking: MCU C Compiler
arm-none-eabi-gcc -DDEBUG -D__CODE_RED -DCORE_M3 -D__USE_CMSIS=CMSIS_CORE_LPC17xx -DCR_INTEGER_PRINTF -DCR_PRINTF_CHAR -D__LPC17XX__ -D__REDLIB__ -I"D:\Santiago\Universidad\PPS\Workspaces\Pruebas\CMSIS_CORE_LPC17xx\inc" -O0 -fno-common -g3 -Wall -c -fmessage-length=0 -fno-builtin -ffunction-sections -fdata-sections -mcpu=cortex-m3 -mthumb -specs=redlib.specs -MMD -MP -MF"tasks/heartbeat_1769_003-0_c02a.d" -MT"tasks/heartbeat_1769_003-0_c02a.o" -MT"tasks/heartbeat_1769_003-0_c02a.d" -o "tasks/heartbeat_1769_003-0_c02a.o" "../tasks/heartbeat_1769_003-0_c02a.c"
In file included from ../tasks/../main/main.h:77:0,
                 from ../tasks/heartbeat_1769_003-0_c02a.c:62:
../tasks/../main/../port/port_1769_003-0_c03a.h:83:8: error: no macro name given in #define directive
make: *** [tasks/heartbeat_1769_003-0_c02a.o] Error 1
17:51:31 **** Incremental Build of configuration Debug for project DCS ****
make -r all 
Building file: ../tasks/heartbeat_1769_003-0_c02a.c
Invoking: MCU C Compiler
arm-none-eabi-gcc -DDEBUG -D__CODE_RED -DCORE_M3 -D__USE_CMSIS=CMSIS_CORE_LPC17xx -DCR_INTEGER_PRINTF -DCR_PRINTF_CHAR -D__LPC17XX__ -D__REDLIB__ -I"D:\Santiago\Universidad\PPS\Workspaces\Pruebas\CMSIS_CORE_LPC17xx\inc" -O0 -fno-common -g3 -Wall -c -fmessage-length=0 -fno-builtin -ffunction-sections -fdata-sections -mcpu=cortex-m3 -mthumb -specs=redlib.specs -MMD -MP -MF"tasks/heartbeat_1769_003-0_c02a.d" -MT"tasks/heartbeat_1769_003-0_c02a.o" -MT"tasks/heartbeat_1769_003-0_c02a.d" -o "tasks/heartbeat_1769_003-0_c02a.o" "../tasks/heartbeat_1769_003-0_c02a.c"
Finished building: ../tasks/heartbeat_1769_003-0_c02a.c
 
Building file: ../tasks/watchdog_1769_003-0_c02a.c
Invoking: MCU C Compiler
arm-none-eabi-gcc -DDEBUG -D__CODE_RED -DCORE_M3 -D__USE_CMSIS=CMSIS_CORE_LPC17xx -DCR_INTEGER_PRINTF -DCR_PRINTF_CHAR -D__LPC17XX__ -D__REDLIB__ -I"D:\Santiago\Universidad\PPS\Workspaces\Pruebas\CMSIS_CORE_LPC17xx\inc" -O0 -fno-common -g3 -Wall -c -fmessage-length=0 -fno-builtin -ffunction-sections -fdata-sections -mcpu=cortex-m3 -mthumb -specs=redlib.specs -MMD -MP -MF"tasks/watchdog_1769_003-0_c02a.d" -MT"tasks/watchdog_1769_003-0_c02a.o" -MT"tasks/watchdog_1769_003-0_c02a.d" -o "tasks/watchdog_1769_003-0_c02a.o" "../tasks/watchdog_1769_003-0_c02a.c"
Finished building: ../tasks/watchdog_1769_003-0_c02a.c
 
Building file: ../task_support/DCS_buffer.c
Invoking: MCU C Compiler
arm-none-eabi-gcc -DDEBUG -D__CODE_RED -DCORE_M3 -D__USE_CMSIS=CMSIS_CORE_LPC17xx -DCR_INTEGER_PRINTF -DCR_PRINTF_CHAR -D__LPC17XX__ -D__REDLIB__ -I"D:\Santiago\Universidad\PPS\Workspaces\Pruebas\CMSIS_CORE_LPC17xx\inc" -O0 -fno-common -g3 -Wall -c -fmessage-length=0 -fno-builtin -ffunction-sections -fdata-sections -mcpu=cortex-m3 -mthumb -specs=redlib.specs -MMD -MP -MF"task_support/DCS_buffer.d" -MT"task_support/DCS_buffer.o" -MT"task_support/DCS_buffer.d" -o "task_support/DCS_buffer.o" "../task_support/DCS_buffer.c"
Finished building: ../task_support/DCS_buffer.c
 
Building file: ../system/system_1769_003-0_c03a.c
Invoking: MCU C Compiler
arm-none-eabi-gcc -DDEBUG -D__CODE_RED -DCORE_M3 -D__USE_CMSIS=CMSIS_CORE_LPC17xx -DCR_INTEGER_PRINTF -DCR_PRINTF_CHAR -D__LPC17XX__ -D__REDLIB__ -I"D:\Santiago\Universidad\PPS\Workspaces\Pruebas\CMSIS_CORE_LPC17xx\inc" -O0 -fno-common -g3 -Wall -c -fmessage-length=0 -fno-builtin -ffunction-sections -fdata-sections -mcpu=cortex-m3 -mthumb -specs=redlib.specs -MMD -MP -MF"system/system_1769_003-0_c03a.d" -MT"system/system_1769_003-0_c03a.o" -MT"system/system_1769_003-0_c03a.d" -o "system/system_1769_003-0_c03a.o" "../system/system_1769_003-0_c03a.c"
Finished building: ../system/system_1769_003-0_c03a.c
 
Building file: ../scheduler/ttc_sch_od_1769_003-0_c02b.c
Invoking: MCU C Compiler
arm-none-eabi-gcc -DDEBUG -D__CODE_RED -DCORE_M3 -D__USE_CMSIS=CMSIS_CORE_LPC17xx -DCR_INTEGER_PRINTF -DCR_PRINTF_CHAR -D__LPC17XX__ -D__REDLIB__ -I"D:\Santiago\Universidad\PPS\Workspaces\Pruebas\CMSIS_CORE_LPC17xx\inc" -O0 -fno-common -g3 -Wall -c -fmessage-length=0 -fno-builtin -ffunction-sections -fdata-sections -mcpu=cortex-m3 -mthumb -specs=redlib.specs -MMD -MP -MF"scheduler/ttc_sch_od_1769_003-0_c02b.d" -MT"scheduler/ttc_sch_od_1769_003-0_c02b.o" -MT"scheduler/ttc_sch_od_1769_003-0_c02b.d" -o "scheduler/ttc_sch_od_1769_003-0_c02b.o" "../scheduler/ttc_sch_od_1769_003-0_c02b.c"
Finished building: ../scheduler/ttc_sch_od_1769_003-0_c02b.c
 
Building file: ../main/main.c
Invoking: MCU C Compiler
arm-none-eabi-gcc -DDEBUG -D__CODE_RED -DCORE_M3 -D__USE_CMSIS=CMSIS_CORE_LPC17xx -DCR_INTEGER_PRINTF -DCR_PRINTF_CHAR -D__LPC17XX__ -D__REDLIB__ -I"D:\Santiago\Universidad\PPS\Workspaces\Pruebas\CMSIS_CORE_LPC17xx\inc" -O0 -fno-common -g3 -Wall -c -fmessage-length=0 -fno-builtin -ffunction-sections -fdata-sections -mcpu=cortex-m3 -mthumb -specs=redlib.specs -MMD -MP -MF"main/main.d" -MT"main/main.o" -MT"main/main.d" -o "main/main.o" "../main/main.c"
Finished building: ../main/main.c
 
Building target: DCS.axf
Invoking: MCU Linker
arm-none-eabi-gcc -nostdlib -L"D:\Santiago\Universidad\PPS\Workspaces\Pruebas\CMSIS_CORE_LPC17xx\Debug" -Xlinker -Map="DCS.map" -Xlinker --gc-sections -Xlinker -print-memory-usage -mcpu=cortex-m3 -mthumb -T "DCS_Debug.ld" -o "DCS.axf"  ./tasks/heartbeat_1769_003-0_c02a.o ./tasks/ptt.o ./tasks/watchdog_1769_003-0_c02a.o ./tasks/wifi_esp8266.o  ./task_support/DCS_buffer.o ./task_support/uart.o  ./system/system_1769_003-0_c03a.o  ./scheduler/ttc_sch_od_1769_003-0_c02b.o  ./main/main.o  ./arm-nxp/cr_startup_lpc176x.o   -lCMSIS_CORE_LPC17xx
Memory region         Used Size  Region Size  %age Used
       MFlash512:        9432 B       512 KB      1.80%
        RamLoc32:        1864 B        32 KB      5.69%
        RamAHB32:          0 GB        32 KB      0.00%
Finished building target: DCS.axf
 
make --no-print-directory post-build
Performing post-build steps
arm-none-eabi-size "DCS.axf"; # arm-none-eabi-objcopy -v -O binary "DCS.axf" "DCS.bin" ; # checksum -p LPC1769 -d "DCS.bin";
   text	   data	    bss	    dec	    hex	filename
   9224	    208	   1656	  11088	   2b50	DCS.axf
 
17:59:36 **** Incremental Build of configuration Debug for project DCS ****
make -r all 
Building file: ../tasks/led.c
Invoking: MCU C Compiler
arm-none-eabi-gcc -DDEBUG -D__CODE_RED -DCORE_M3 -D__USE_CMSIS=CMSIS_CORE_LPC17xx -DCR_INTEGER_PRINTF -DCR_PRINTF_CHAR -D__LPC17XX__ -D__REDLIB__ -I"D:\Santiago\Universidad\PPS\Workspaces\Pruebas\CMSIS_CORE_LPC17xx\inc" -O0 -fno-common -g3 -Wall -c -fmessage-length=0 -fno-builtin -ffunction-sections -fdata-sections -mcpu=cortex-m3 -mthumb -specs=redlib.specs -MMD -MP -MF"tasks/led.d" -MT"tasks/led.o" -MT"tasks/led.d" -o "tasks/led.o" "../tasks/led.c"
Finished building: ../tasks/led.c
 
Building file: ../system/system_1769_003-0_c03a.c
Invoking: MCU C Compiler
arm-none-eabi-gcc -DDEBUG -D__CODE_RED -DCORE_M3 -D__USE_CMSIS=CMSIS_CORE_LPC17xx -DCR_INTEGER_PRINTF -DCR_PRINTF_CHAR -D__LPC17XX__ -D__REDLIB__ -I"D:\Santiago\Universidad\PPS\Workspaces\Pruebas\CMSIS_CORE_LPC17xx\inc" -O0 -fno-common -g3 -Wall -c -fmessage-length=0 -fno-builtin -ffunction-sections -fdata-sections -mcpu=cortex-m3 -mthumb -specs=redlib.specs -MMD -MP -MF"system/system_1769_003-0_c03a.d" -MT"system/system_1769_003-0_c03a.o" -MT"system/system_1769_003-0_c03a.d" -o "system/system_1769_003-0_c03a.o" "../system/system_1769_003-0_c03a.c"
Finished building: ../system/system_1769_003-0_c03a.c
 
Building target: DCS.axf
Invoking: MCU Linker
arm-none-eabi-gcc -nostdlib -L"D:\Santiago\Universidad\PPS\Workspaces\Pruebas\CMSIS_CORE_LPC17xx\Debug" -Xlinker -Map="DCS.map" -Xlinker --gc-sections -Xlinker -print-memory-usage -mcpu=cortex-m3 -mthumb -T "DCS_Debug.ld" -o "DCS.axf"  ./tasks/heartbeat_1769_003-0_c02a.o ./tasks/led.o ./tasks/ptt.o ./tasks/watchdog_1769_003-0_c02a.o ./tasks/wifi_esp8266.o  ./task_support/DCS_buffer.o ./task_support/uart.o  ./system/system_1769_003-0_c03a.o  ./scheduler/ttc_sch_od_1769_003-0_c02b.o  ./main/main.o  ./arm-nxp/cr_startup_lpc176x.o   -lCMSIS_CORE_LPC17xx
Memory region         Used Size  Region Size  %age Used
       MFlash512:        9496 B       512 KB      1.81%
        RamLoc32:        1864 B        32 KB      5.69%
        RamAHB32:          0 GB        32 KB      0.00%
Finished building target: DCS.axf
 
make --no-print-directory post-build
Performing post-build steps
arm-none-eabi-size "DCS.axf"; # arm-none-eabi-objcopy -v -O binary "DCS.axf" "DCS.bin" ; # checksum -p LPC1769 -d "DCS.bin";
   text	   data	    bss	    dec	    hex	filename
   9288	    208	   1656	  11152	   2b90	DCS.axf
 
17:49:45 **** Incremental Build of configuration Debug for project DCS ****
make -r all 
Building target: DCS.axf
Invoking: MCU Linker
arm-none-eabi-gcc -nostdlib -L"D:\Santiago\Universidad\PPS\Workspaces\Pruebas\CMSIS_CORE_LPC17xx\Debug" -Xlinker -Map="DCS.map" -Xlinker --gc-sections -Xlinker -print-memory-usage -mcpu=cortex-m3 -mthumb -T "DCS_Debug.ld" -o "DCS.axf"  ./tasks/heartbeat_1769_003-0_c02a.o ./tasks/led.o ./tasks/ptt.o ./tasks/watchdog_1769_003-0_c02a.o ./tasks/wifi_esp8266.o  ./task_support/DCS_buffer.o ./task_support/uart.o  ./system/system_1769_003-0_c03a.o  ./scheduler/ttc_sch_od_1769_003-0_c02b.o  ./main/main.o  ./arm-nxp/cr_startup_lpc176x.o   -lCMSIS_CORE_LPC17xx
Memory region         Used Size  Region Size  %age Used
       MFlash512:        9496 B       512 KB      1.81%
        RamLoc32:        1864 B        32 KB      5.69%
        RamAHB32:          0 GB        32 KB      0.00%
Finished building target: DCS.axf
 
make --no-print-directory post-build
Performing post-build steps
arm-none-eabi-size "DCS.axf"; # arm-none-eabi-objcopy -v -O binary "DCS.axf" "DCS.bin" ; # checksum -p LPC1769 -d "DCS.bin";
   text	   data	    bss	    dec	    hex	filename
   9288	    208	   1656	  11152	   2b90	DCS.axf
 
18:05:52 **** Incremental Build of configuration Debug for project DCS ****
make -r all 
Building file: ../tasks/heartbeat_1769_003-0_c02a.c
Invoking: MCU C Compiler
arm-none-eabi-gcc -DDEBUG -D__CODE_RED -DCORE_M3 -D__USE_CMSIS=CMSIS_CORE_LPC17xx -DCR_INTEGER_PRINTF -DCR_PRINTF_CHAR -D__LPC17XX__ -D__REDLIB__ -I"D:\Santiago\Universidad\PPS\Workspaces\Pruebas\CMSIS_CORE_LPC17xx\inc" -O0 -fno-common -g3 -Wall -c -fmessage-length=0 -fno-builtin -ffunction-sections -fdata-sections -mcpu=cortex-m3 -mthumb -specs=redlib.specs -MMD -MP -MF"tasks/heartbeat_1769_003-0_c02a.d" -MT"tasks/heartbeat_1769_003-0_c02a.o" -MT"tasks/heartbeat_1769_003-0_c02a.d" -o "tasks/heartbeat_1769_003-0_c02a.o" "../tasks/heartbeat_1769_003-0_c02a.c"
Finished building: ../tasks/heartbeat_1769_003-0_c02a.c
 
Building file: ../tasks/led.c
Invoking: MCU C Compiler
arm-none-eabi-gcc -DDEBUG -D__CODE_RED -DCORE_M3 -D__USE_CMSIS=CMSIS_CORE_LPC17xx -DCR_INTEGER_PRINTF -DCR_PRINTF_CHAR -D__LPC17XX__ -D__REDLIB__ -I"D:\Santiago\Universidad\PPS\Workspaces\Pruebas\CMSIS_CORE_LPC17xx\inc" -O0 -fno-common -g3 -Wall -c -fmessage-length=0 -fno-builtin -ffunction-sections -fdata-sections -mcpu=cortex-m3 -mthumb -specs=redlib.specs -MMD -MP -MF"tasks/led.d" -MT"tasks/led.o" -MT"tasks/led.d" -o "tasks/led.o" "../tasks/led.c"
Finished building: ../tasks/led.c
 
Building file: ../tasks/watchdog_1769_003-0_c02a.c
Invoking: MCU C Compiler
arm-none-eabi-gcc -DDEBUG -D__CODE_RED -DCORE_M3 -D__USE_CMSIS=CMSIS_CORE_LPC17xx -DCR_INTEGER_PRINTF -DCR_PRINTF_CHAR -D__LPC17XX__ -D__REDLIB__ -I"D:\Santiago\Universidad\PPS\Workspaces\Pruebas\CMSIS_CORE_LPC17xx\inc" -O0 -fno-common -g3 -Wall -c -fmessage-length=0 -fno-builtin -ffunction-sections -fdata-sections -mcpu=cortex-m3 -mthumb -specs=redlib.specs -MMD -MP -MF"tasks/watchdog_1769_003-0_c02a.d" -MT"tasks/watchdog_1769_003-0_c02a.o" -MT"tasks/watchdog_1769_003-0_c02a.d" -o "tasks/watchdog_1769_003-0_c02a.o" "../tasks/watchdog_1769_003-0_c02a.c"
Finished building: ../tasks/watchdog_1769_003-0_c02a.c
 
Building file: ../tasks/wifi_esp8266.c
Invoking: MCU C Compiler
arm-none-eabi-gcc -DDEBUG -D__CODE_RED -DCORE_M3 -D__USE_CMSIS=CMSIS_CORE_LPC17xx -DCR_INTEGER_PRINTF -DCR_PRINTF_CHAR -D__LPC17XX__ -D__REDLIB__ -I"D:\Santiago\Universidad\PPS\Workspaces\Pruebas\CMSIS_CORE_LPC17xx\inc" -O0 -fno-common -g3 -Wall -c -fmessage-length=0 -fno-builtin -ffunction-sections -fdata-sections -mcpu=cortex-m3 -mthumb -specs=redlib.specs -MMD -MP -MF"tasks/wifi_esp8266.d" -MT"tasks/wifi_esp8266.o" -MT"tasks/wifi_esp8266.d" -o "tasks/wifi_esp8266.o" "../tasks/wifi_esp8266.c"
../tasks/wifi_esp8266.c: In function 'WIFI_Init':
../tasks/wifi_esp8266.c:117:14: error: 'E_WIFI_PORT' undeclared (first use in this function)
  GPIO_SetDir(E_WIFI_PORT, E_WIFI_PIN, 1);
              ^
../tasks/wifi_esp8266.c:117:14: note: each undeclared identifier is reported only once for each function it appears in
../tasks/wifi_esp8266.c:117:27: error: 'E_WIFI_PIN' undeclared (first use in this function)
  GPIO_SetDir(E_WIFI_PORT, E_WIFI_PIN, 1);
                           ^
../tasks/wifi_esp8266.c:118:19: error: 'HEARTBEAT_LED_PORT' undeclared (first use in this function)
     GPIO_SetValue(HEARTBEAT_LED_PORT, HEARTBEAT_LED_PIN);
                   ^
../tasks/wifi_esp8266.c:118:39: error: 'HEARTBEAT_LED_PIN' undeclared (first use in this function)
     GPIO_SetValue(HEARTBEAT_LED_PORT, HEARTBEAT_LED_PIN);
                                       ^
make: *** [tasks/wifi_esp8266.o] Error 1
18:06:16 **** Incremental Build of configuration Debug for project DCS ****
make -r all 
Building file: ../tasks/wifi_esp8266.c
Invoking: MCU C Compiler
arm-none-eabi-gcc -DDEBUG -D__CODE_RED -DCORE_M3 -D__USE_CMSIS=CMSIS_CORE_LPC17xx -DCR_INTEGER_PRINTF -DCR_PRINTF_CHAR -D__LPC17XX__ -D__REDLIB__ -I"D:\Santiago\Universidad\PPS\Workspaces\Pruebas\CMSIS_CORE_LPC17xx\inc" -O0 -fno-common -g3 -Wall -c -fmessage-length=0 -fno-builtin -ffunction-sections -fdata-sections -mcpu=cortex-m3 -mthumb -specs=redlib.specs -MMD -MP -MF"tasks/wifi_esp8266.d" -MT"tasks/wifi_esp8266.o" -MT"tasks/wifi_esp8266.d" -o "tasks/wifi_esp8266.o" "../tasks/wifi_esp8266.c"
../tasks/wifi_esp8266.c: In function 'WIFI_Init':
../tasks/wifi_esp8266.c:118:14: error: 'E_WIFI_PORT' undeclared (first use in this function)
  GPIO_SetDir(E_WIFI_PORT, E_WIFI_PIN, 1);
              ^
../tasks/wifi_esp8266.c:118:14: note: each undeclared identifier is reported only once for each function it appears in
../tasks/wifi_esp8266.c:118:27: error: 'E_WIFI_PIN' undeclared (first use in this function)
  GPIO_SetDir(E_WIFI_PORT, E_WIFI_PIN, 1);
                           ^
../tasks/wifi_esp8266.c:119:19: error: 'HEARTBEAT_LED_PORT' undeclared (first use in this function)
     GPIO_SetValue(HEARTBEAT_LED_PORT, HEARTBEAT_LED_PIN);
                   ^
../tasks/wifi_esp8266.c:119:39: error: 'HEARTBEAT_LED_PIN' undeclared (first use in this function)
     GPIO_SetValue(HEARTBEAT_LED_PORT, HEARTBEAT_LED_PIN);
                                       ^
make: *** [tasks/wifi_esp8266.o] Error 1
18:06:36 **** Incremental Build of configuration Debug for project DCS ****
make -r all 
Building file: ../tasks/wifi_esp8266.c
Invoking: MCU C Compiler
arm-none-eabi-gcc -DDEBUG -D__CODE_RED -DCORE_M3 -D__USE_CMSIS=CMSIS_CORE_LPC17xx -DCR_INTEGER_PRINTF -DCR_PRINTF_CHAR -D__LPC17XX__ -D__REDLIB__ -I"D:\Santiago\Universidad\PPS\Workspaces\Pruebas\CMSIS_CORE_LPC17xx\inc" -O0 -fno-common -g3 -Wall -c -fmessage-length=0 -fno-builtin -ffunction-sections -fdata-sections -mcpu=cortex-m3 -mthumb -specs=redlib.specs -MMD -MP -MF"tasks/wifi_esp8266.d" -MT"tasks/wifi_esp8266.o" -MT"tasks/wifi_esp8266.d" -o "tasks/wifi_esp8266.o" "../tasks/wifi_esp8266.c"
Finished building: ../tasks/wifi_esp8266.c
 
Building file: ../task_support/DCS_buffer.c
Invoking: MCU C Compiler
arm-none-eabi-gcc -DDEBUG -D__CODE_RED -DCORE_M3 -D__USE_CMSIS=CMSIS_CORE_LPC17xx -DCR_INTEGER_PRINTF -DCR_PRINTF_CHAR -D__LPC17XX__ -D__REDLIB__ -I"D:\Santiago\Universidad\PPS\Workspaces\Pruebas\CMSIS_CORE_LPC17xx\inc" -O0 -fno-common -g3 -Wall -c -fmessage-length=0 -fno-builtin -ffunction-sections -fdata-sections -mcpu=cortex-m3 -mthumb -specs=redlib.specs -MMD -MP -MF"task_support/DCS_buffer.d" -MT"task_support/DCS_buffer.o" -MT"task_support/DCS_buffer.d" -o "task_support/DCS_buffer.o" "../task_support/DCS_buffer.c"
Finished building: ../task_support/DCS_buffer.c
 
Building file: ../system/system_1769_003-0_c03a.c
Invoking: MCU C Compiler
arm-none-eabi-gcc -DDEBUG -D__CODE_RED -DCORE_M3 -D__USE_CMSIS=CMSIS_CORE_LPC17xx -DCR_INTEGER_PRINTF -DCR_PRINTF_CHAR -D__LPC17XX__ -D__REDLIB__ -I"D:\Santiago\Universidad\PPS\Workspaces\Pruebas\CMSIS_CORE_LPC17xx\inc" -O0 -fno-common -g3 -Wall -c -fmessage-length=0 -fno-builtin -ffunction-sections -fdata-sections -mcpu=cortex-m3 -mthumb -specs=redlib.specs -MMD -MP -MF"system/system_1769_003-0_c03a.d" -MT"system/system_1769_003-0_c03a.o" -MT"system/system_1769_003-0_c03a.d" -o "system/system_1769_003-0_c03a.o" "../system/system_1769_003-0_c03a.c"
Finished building: ../system/system_1769_003-0_c03a.c
 
Building file: ../scheduler/ttc_sch_od_1769_003-0_c02b.c
Invoking: MCU C Compiler
arm-none-eabi-gcc -DDEBUG -D__CODE_RED -DCORE_M3 -D__USE_CMSIS=CMSIS_CORE_LPC17xx -DCR_INTEGER_PRINTF -DCR_PRINTF_CHAR -D__LPC17XX__ -D__REDLIB__ -I"D:\Santiago\Universidad\PPS\Workspaces\Pruebas\CMSIS_CORE_LPC17xx\inc" -O0 -fno-common -g3 -Wall -c -fmessage-length=0 -fno-builtin -ffunction-sections -fdata-sections -mcpu=cortex-m3 -mthumb -specs=redlib.specs -MMD -MP -MF"scheduler/ttc_sch_od_1769_003-0_c02b.d" -MT"scheduler/ttc_sch_od_1769_003-0_c02b.o" -MT"scheduler/ttc_sch_od_1769_003-0_c02b.d" -o "scheduler/ttc_sch_od_1769_003-0_c02b.o" "../scheduler/ttc_sch_od_1769_003-0_c02b.c"
Finished building: ../scheduler/ttc_sch_od_1769_003-0_c02b.c
 
Building file: ../main/main.c
Invoking: MCU C Compiler
arm-none-eabi-gcc -DDEBUG -D__CODE_RED -DCORE_M3 -D__USE_CMSIS=CMSIS_CORE_LPC17xx -DCR_INTEGER_PRINTF -DCR_PRINTF_CHAR -D__LPC17XX__ -D__REDLIB__ -I"D:\Santiago\Universidad\PPS\Workspaces\Pruebas\CMSIS_CORE_LPC17xx\inc" -O0 -fno-common -g3 -Wall -c -fmessage-length=0 -fno-builtin -ffunction-sections -fdata-sections -mcpu=cortex-m3 -mthumb -specs=redlib.specs -MMD -MP -MF"main/main.d" -MT"main/main.o" -MT"main/main.d" -o "main/main.o" "../main/main.c"
Finished building: ../main/main.c
 
Building target: DCS.axf
Invoking: MCU Linker
arm-none-eabi-gcc -nostdlib -L"D:\Santiago\Universidad\PPS\Workspaces\Pruebas\CMSIS_CORE_LPC17xx\Debug" -Xlinker -Map="DCS.map" -Xlinker --gc-sections -Xlinker -print-memory-usage -mcpu=cortex-m3 -mthumb -T "DCS_Debug.ld" -o "DCS.axf"  ./tasks/heartbeat_1769_003-0_c02a.o ./tasks/led.o ./tasks/ptt.o ./tasks/watchdog_1769_003-0_c02a.o ./tasks/wifi_esp8266.o  ./task_support/DCS_buffer.o ./task_support/uart.o  ./system/system_1769_003-0_c03a.o  ./scheduler/ttc_sch_od_1769_003-0_c02b.o  ./main/main.o  ./arm-nxp/cr_startup_lpc176x.o   -lCMSIS_CORE_LPC17xx
Memory region         Used Size  Region Size  %age Used
       MFlash512:        9516 B       512 KB      1.82%
        RamLoc32:        1864 B        32 KB      5.69%
        RamAHB32:          0 GB        32 KB      0.00%
Finished building target: DCS.axf
 
make --no-print-directory post-build
Performing post-build steps
arm-none-eabi-size "DCS.axf"; # arm-none-eabi-objcopy -v -O binary "DCS.axf" "DCS.bin" ; # checksum -p LPC1769 -d "DCS.bin";
   text	   data	    bss	    dec	    hex	filename
   9308	    208	   1656	  11172	   2ba4	DCS.axf
 
18:09:09 **** Incremental Build of configuration Debug for project DCS ****
make -r all 
make: Nothing to be done for `all'.
18:09:34 **** Incremental Build of configuration Debug for project DCS ****
make -r all 
Building file: ../tasks/wifi_esp8266.c
Invoking: MCU C Compiler
arm-none-eabi-gcc -DDEBUG -D__CODE_RED -DCORE_M3 -D__USE_CMSIS=CMSIS_CORE_LPC17xx -DCR_INTEGER_PRINTF -DCR_PRINTF_CHAR -D__LPC17XX__ -D__REDLIB__ -I"D:\Santiago\Universidad\PPS\Workspaces\Pruebas\CMSIS_CORE_LPC17xx\inc" -O0 -fno-common -g3 -Wall -c -fmessage-length=0 -fno-builtin -ffunction-sections -fdata-sections -mcpu=cortex-m3 -mthumb -specs=redlib.specs -MMD -MP -MF"tasks/wifi_esp8266.d" -MT"tasks/wifi_esp8266.o" -MT"tasks/wifi_esp8266.d" -o "tasks/wifi_esp8266.o" "../tasks/wifi_esp8266.c"
Finished building: ../tasks/wifi_esp8266.c
 
Building target: DCS.axf
Invoking: MCU Linker
arm-none-eabi-gcc -nostdlib -L"D:\Santiago\Universidad\PPS\Workspaces\Pruebas\CMSIS_CORE_LPC17xx\Debug" -Xlinker -Map="DCS.map" -Xlinker --gc-sections -Xlinker -print-memory-usage -mcpu=cortex-m3 -mthumb -T "DCS_Debug.ld" -o "DCS.axf"  ./tasks/heartbeat_1769_003-0_c02a.o ./tasks/led.o ./tasks/ptt.o ./tasks/watchdog_1769_003-0_c02a.o ./tasks/wifi_esp8266.o  ./task_support/DCS_buffer.o ./task_support/uart.o  ./system/system_1769_003-0_c03a.o  ./scheduler/ttc_sch_od_1769_003-0_c02b.o  ./main/main.o  ./arm-nxp/cr_startup_lpc176x.o   -lCMSIS_CORE_LPC17xx
Memory region         Used Size  Region Size  %age Used
       MFlash512:        9516 B       512 KB      1.82%
        RamLoc32:        1864 B        32 KB      5.69%
        RamAHB32:          0 GB        32 KB      0.00%
Finished building target: DCS.axf
 
make --no-print-directory post-build
Performing post-build steps
arm-none-eabi-size "DCS.axf"; # arm-none-eabi-objcopy -v -O binary "DCS.axf" "DCS.bin" ; # checksum -p LPC1769 -d "DCS.bin";
   text	   data	    bss	    dec	    hex	filename
   9308	    208	   1656	  11172	   2ba4	DCS.axf
 
