15:58:55 **** Incremental Build of configuration Debug for project TestSerial ****
make -r all 
Building target: TestSerial.axf
Invoking: MCU Linker
arm-none-eabi-gcc -nostdlib -L"D:\Santiago\Universidad\PPS\Workspaces\Pruebas\CMSIS_CORE_LPC17xx\Debug" -Xlinker -Map="TestSerial.map" -Xlinker --gc-sections -Xlinker -print-memory-usage -mcpu=cortex-m3 -mthumb -T "TestSerial_Debug.ld" -o "TestSerial.axf"  ./src/TestSerial.o ./src/cr_startup_lpc175x_6x.o ./src/crp.o   -lCMSIS_CORE_LPC17xx
Memory region         Used Size  Region Size  %age Used
       MFlash512:       13756 B       512 KB      2.62%
        RamLoc32:         340 B        32 KB      1.04%
        RamAHB32:          0 GB        32 KB      0.00%
Finished building target: TestSerial.axf
 
make --no-print-directory post-build
Performing post-build steps
arm-none-eabi-size "TestSerial.axf"; # arm-none-eabi-objcopy -v -O binary "TestSerial.axf" "TestSerial.bin" ; # checksum -p LPC1769 -d "TestSerial.bin";
   text	   data	    bss	    dec	    hex	filename
  13752	      4	    336	  14092	   370c	TestSerial.axf
 

15:58:56 Build Finished (took 640ms)

