15:58:38 **** Build of configuration Debug for project TestTTScheduler1 ****
make -r all 
Building file: ../src/tasks/heartbeat_1769_003-0_c02b.c
Invoking: MCU C Compiler
arm-none-eabi-gcc -DDEBUG -D__CODE_RED -DCORE_M3 -D__USE_CMSIS=CMSIS_CORE_LPC17xx -D__LPC17XX__ -D__REDLIB__ -I"D:\Santiago\Universidad\PPS\Workspaces\Pruebas\TestTTScheduler1\inc" -I"D:\Santiago\Universidad\PPS\Workspaces\Pruebas\CMSIS_CORE_LPC17xx\inc" -O0 -fno-common -g3 -Wall -c -fmessage-length=0 -fno-builtin -ffunction-sections -fdata-sections -mcpu=cortex-m3 -mthumb -specs=redlib.specs -MMD -MP -MF"src/tasks/heartbeat_1769_003-0_c02b.d" -MT"src/tasks/heartbeat_1769_003-0_c02b.o" -MT"src/tasks/heartbeat_1769_003-0_c02b.d" -o "src/tasks/heartbeat_1769_003-0_c02b.o" "../src/tasks/heartbeat_1769_003-0_c02b.c"
Finished building: ../src/tasks/heartbeat_1769_003-0_c02b.c
 
Building file: ../src/tasks/watchdog_1769_003-0_c02a.c
Invoking: MCU C Compiler
arm-none-eabi-gcc -DDEBUG -D__CODE_RED -DCORE_M3 -D__USE_CMSIS=CMSIS_CORE_LPC17xx -D__LPC17XX__ -D__REDLIB__ -I"D:\Santiago\Universidad\PPS\Workspaces\Pruebas\TestTTScheduler1\inc" -I"D:\Santiago\Universidad\PPS\Workspaces\Pruebas\CMSIS_CORE_LPC17xx\inc" -O0 -fno-common -g3 -Wall -c -fmessage-length=0 -fno-builtin -ffunction-sections -fdata-sections -mcpu=cortex-m3 -mthumb -specs=redlib.specs -MMD -MP -MF"src/tasks/watchdog_1769_003-0_c02a.d" -MT"src/tasks/watchdog_1769_003-0_c02a.o" -MT"src/tasks/watchdog_1769_003-0_c02a.d" -o "src/tasks/watchdog_1769_003-0_c02a.o" "../src/tasks/watchdog_1769_003-0_c02a.c"
In file included from ../src/tasks/watchdog_1769_003-0_c02a.c:61:0:
../src/tasks/watchdog_1769_003-0_c02a.h:68:0: warning: "WDT_TIMEOUT_MIN" redefined
 #define WDT_TIMEOUT_MIN ((uint32_t)(0x5))
 ^
In file included from ../src/tasks/watchdog_1769_003-0_c02a.h:58:0,
                 from ../src/tasks/watchdog_1769_003-0_c02a.c:61:
D:\Santiago\Universidad\PPS\Workspaces\Pruebas\TestTTScheduler1\inc/lpc17xx_wdt.h:73:0: note: this is the location of the previous definition
 #define WDT_TIMEOUT_MIN ((uint32_t)(0xFF))
 ^
Finished building: ../src/tasks/watchdog_1769_003-0_c02a.c
 
Building file: ../src/system/system_1769_003-0_c02c.c
Invoking: MCU C Compiler
arm-none-eabi-gcc -DDEBUG -D__CODE_RED -DCORE_M3 -D__USE_CMSIS=CMSIS_CORE_LPC17xx -D__LPC17XX__ -D__REDLIB__ -I"D:\Santiago\Universidad\PPS\Workspaces\Pruebas\TestTTScheduler1\inc" -I"D:\Santiago\Universidad\PPS\Workspaces\Pruebas\CMSIS_CORE_LPC17xx\inc" -O0 -fno-common -g3 -Wall -c -fmessage-length=0 -fno-builtin -ffunction-sections -fdata-sections -mcpu=cortex-m3 -mthumb -specs=redlib.specs -MMD -MP -MF"src/system/system_1769_003-0_c02c.d" -MT"src/system/system_1769_003-0_c02c.o" -MT"src/system/system_1769_003-0_c02c.d" -o "src/system/system_1769_003-0_c02c.o" "../src/system/system_1769_003-0_c02c.c"
In file included from ../src/system/system_1769_003-0_c02c.c:60:0:
../src/system/../tasks/watchdog_1769_003-0_c02a.h:68:0: warning: "WDT_TIMEOUT_MIN" redefined
 #define WDT_TIMEOUT_MIN ((uint32_t)(0x5))
 ^
In file included from ../src/system/../tasks/watchdog_1769_003-0_c02a.h:58:0,
                 from ../src/system/system_1769_003-0_c02c.c:60:
D:\Santiago\Universidad\PPS\Workspaces\Pruebas\TestTTScheduler1\inc/lpc17xx_wdt.h:73:0: note: this is the location of the previous definition
 #define WDT_TIMEOUT_MIN ((uint32_t)(0xFF))
 ^
Finished building: ../src/system/system_1769_003-0_c02c.c
 
Building file: ../src/scheduler/ttc_sch_od_t0_1769_003-0_c02c.c
Invoking: MCU C Compiler
arm-none-eabi-gcc -DDEBUG -D__CODE_RED -DCORE_M3 -D__USE_CMSIS=CMSIS_CORE_LPC17xx -D__LPC17XX__ -D__REDLIB__ -I"D:\Santiago\Universidad\PPS\Workspaces\Pruebas\TestTTScheduler1\inc" -I"D:\Santiago\Universidad\PPS\Workspaces\Pruebas\CMSIS_CORE_LPC17xx\inc" -O0 -fno-common -g3 -Wall -c -fmessage-length=0 -fno-builtin -ffunction-sections -fdata-sections -mcpu=cortex-m3 -mthumb -specs=redlib.specs -MMD -MP -MF"src/scheduler/ttc_sch_od_t0_1769_003-0_c02c.d" -MT"src/scheduler/ttc_sch_od_t0_1769_003-0_c02c.o" -MT"src/scheduler/ttc_sch_od_t0_1769_003-0_c02c.d" -o "src/scheduler/ttc_sch_od_t0_1769_003-0_c02c.o" "../src/scheduler/ttc_sch_od_t0_1769_003-0_c02c.c"
Finished building: ../src/scheduler/ttc_sch_od_t0_1769_003-0_c02c.c
 
Building file: ../src/main/main.c
Invoking: MCU C Compiler
arm-none-eabi-gcc -DDEBUG -D__CODE_RED -DCORE_M3 -D__USE_CMSIS=CMSIS_CORE_LPC17xx -D__LPC17XX__ -D__REDLIB__ -I"D:\Santiago\Universidad\PPS\Workspaces\Pruebas\TestTTScheduler1\inc" -I"D:\Santiago\Universidad\PPS\Workspaces\Pruebas\CMSIS_CORE_LPC17xx\inc" -O0 -fno-common -g3 -Wall -c -fmessage-length=0 -fno-builtin -ffunction-sections -fdata-sections -mcpu=cortex-m3 -mthumb -specs=redlib.specs -MMD -MP -MF"src/main/main.d" -MT"src/main/main.o" -MT"src/main/main.d" -o "src/main/main.o" "../src/main/main.c"
Finished building: ../src/main/main.c
 
Building file: ../src/cr_startup_lpc175x_6x.c
Invoking: MCU C Compiler
arm-none-eabi-gcc -DDEBUG -D__CODE_RED -DCORE_M3 -D__USE_CMSIS=CMSIS_CORE_LPC17xx -D__LPC17XX__ -D__REDLIB__ -I"D:\Santiago\Universidad\PPS\Workspaces\Pruebas\TestTTScheduler1\inc" -I"D:\Santiago\Universidad\PPS\Workspaces\Pruebas\CMSIS_CORE_LPC17xx\inc" -O0 -fno-common -g3 -Wall -c -fmessage-length=0 -fno-builtin -ffunction-sections -fdata-sections -mcpu=cortex-m3 -mthumb -specs=redlib.specs -MMD -MP -MF"src/cr_startup_lpc175x_6x.d" -MT"src/cr_startup_lpc175x_6x.o" -MT"src/cr_startup_lpc175x_6x.d" -o "src/cr_startup_lpc175x_6x.o" "../src/cr_startup_lpc175x_6x.c"
Finished building: ../src/cr_startup_lpc175x_6x.c
 
Building file: ../src/crp.c
Invoking: MCU C Compiler
arm-none-eabi-gcc -DDEBUG -D__CODE_RED -DCORE_M3 -D__USE_CMSIS=CMSIS_CORE_LPC17xx -D__LPC17XX__ -D__REDLIB__ -I"D:\Santiago\Universidad\PPS\Workspaces\Pruebas\TestTTScheduler1\inc" -I"D:\Santiago\Universidad\PPS\Workspaces\Pruebas\CMSIS_CORE_LPC17xx\inc" -O0 -fno-common -g3 -Wall -c -fmessage-length=0 -fno-builtin -ffunction-sections -fdata-sections -mcpu=cortex-m3 -mthumb -specs=redlib.specs -MMD -MP -MF"src/crp.d" -MT"src/crp.o" -MT"src/crp.d" -o "src/crp.o" "../src/crp.c"
Finished building: ../src/crp.c
 
Building file: ../src/lpc17xx_adc.c
Invoking: MCU C Compiler
arm-none-eabi-gcc -DDEBUG -D__CODE_RED -DCORE_M3 -D__USE_CMSIS=CMSIS_CORE_LPC17xx -D__LPC17XX__ -D__REDLIB__ -I"D:\Santiago\Universidad\PPS\Workspaces\Pruebas\TestTTScheduler1\inc" -I"D:\Santiago\Universidad\PPS\Workspaces\Pruebas\CMSIS_CORE_LPC17xx\inc" -O0 -fno-common -g3 -Wall -c -fmessage-length=0 -fno-builtin -ffunction-sections -fdata-sections -mcpu=cortex-m3 -mthumb -specs=redlib.specs -MMD -MP -MF"src/lpc17xx_adc.d" -MT"src/lpc17xx_adc.o" -MT"src/lpc17xx_adc.d" -o "src/lpc17xx_adc.o" "../src/lpc17xx_adc.c"
In file included from ../src/lpc17xx_adc.c:48:0:
D:\Santiago\Universidad\PPS\Workspaces\Pruebas\TestTTScheduler1\inc/lpc17xx_libcfg_default.h:54:0: warning: "DEBUG" redefined
 #define DEBUG
 ^
<command-line>:0:0: note: this is the location of the previous definition
Finished building: ../src/lpc17xx_adc.c
 
Building file: ../src/lpc17xx_can.c
Invoking: MCU C Compiler
arm-none-eabi-gcc -DDEBUG -D__CODE_RED -DCORE_M3 -D__USE_CMSIS=CMSIS_CORE_LPC17xx -D__LPC17XX__ -D__REDLIB__ -I"D:\Santiago\Universidad\PPS\Workspaces\Pruebas\TestTTScheduler1\inc" -I"D:\Santiago\Universidad\PPS\Workspaces\Pruebas\CMSIS_CORE_LPC17xx\inc" -O0 -fno-common -g3 -Wall -c -fmessage-length=0 -fno-builtin -ffunction-sections -fdata-sections -mcpu=cortex-m3 -mthumb -specs=redlib.specs -MMD -MP -MF"src/lpc17xx_can.d" -MT"src/lpc17xx_can.o" -MT"src/lpc17xx_can.d" -o "src/lpc17xx_can.o" "../src/lpc17xx_can.c"
In file included from ../src/lpc17xx_can.c:48:0:
D:\Santiago\Universidad\PPS\Workspaces\Pruebas\TestTTScheduler1\inc/lpc17xx_libcfg_default.h:54:0: warning: "DEBUG" redefined
 #define DEBUG
 ^
<command-line>:0:0: note: this is the location of the previous definition
Finished building: ../src/lpc17xx_can.c
 
Building file: ../src/lpc17xx_clkpwr.c
Invoking: MCU C Compiler
arm-none-eabi-gcc -DDEBUG -D__CODE_RED -DCORE_M3 -D__USE_CMSIS=CMSIS_CORE_LPC17xx -D__LPC17XX__ -D__REDLIB__ -I"D:\Santiago\Universidad\PPS\Workspaces\Pruebas\TestTTScheduler1\inc" -I"D:\Santiago\Universidad\PPS\Workspaces\Pruebas\CMSIS_CORE_LPC17xx\inc" -O0 -fno-common -g3 -Wall -c -fmessage-length=0 -fno-builtin -ffunction-sections -fdata-sections -mcpu=cortex-m3 -mthumb -specs=redlib.specs -MMD -MP -MF"src/lpc17xx_clkpwr.d" -MT"src/lpc17xx_clkpwr.o" -MT"src/lpc17xx_clkpwr.d" -o "src/lpc17xx_clkpwr.o" "../src/lpc17xx_clkpwr.c"
Finished building: ../src/lpc17xx_clkpwr.c
 
Building file: ../src/lpc17xx_dac.c
Invoking: MCU C Compiler
arm-none-eabi-gcc -DDEBUG -D__CODE_RED -DCORE_M3 -D__USE_CMSIS=CMSIS_CORE_LPC17xx -D__LPC17XX__ -D__REDLIB__ -I"D:\Santiago\Universidad\PPS\Workspaces\Pruebas\TestTTScheduler1\inc" -I"D:\Santiago\Universidad\PPS\Workspaces\Pruebas\CMSIS_CORE_LPC17xx\inc" -O0 -fno-common -g3 -Wall -c -fmessage-length=0 -fno-builtin -ffunction-sections -fdata-sections -mcpu=cortex-m3 -mthumb -specs=redlib.specs -MMD -MP -MF"src/lpc17xx_dac.d" -MT"src/lpc17xx_dac.o" -MT"src/lpc17xx_dac.d" -o "src/lpc17xx_dac.o" "../src/lpc17xx_dac.c"
In file included from ../src/lpc17xx_dac.c:48:0:
D:\Santiago\Universidad\PPS\Workspaces\Pruebas\TestTTScheduler1\inc/lpc17xx_libcfg_default.h:54:0: warning: "DEBUG" redefined
 #define DEBUG
 ^
<command-line>:0:0: note: this is the location of the previous definition
Finished building: ../src/lpc17xx_dac.c
 
Building file: ../src/lpc17xx_emac.c
Invoking: MCU C Compiler
arm-none-eabi-gcc -DDEBUG -D__CODE_RED -DCORE_M3 -D__USE_CMSIS=CMSIS_CORE_LPC17xx -D__LPC17XX__ -D__REDLIB__ -I"D:\Santiago\Universidad\PPS\Workspaces\Pruebas\TestTTScheduler1\inc" -I"D:\Santiago\Universidad\PPS\Workspaces\Pruebas\CMSIS_CORE_LPC17xx\inc" -O0 -fno-common -g3 -Wall -c -fmessage-length=0 -fno-builtin -ffunction-sections -fdata-sections -mcpu=cortex-m3 -mthumb -specs=redlib.specs -MMD -MP -MF"src/lpc17xx_emac.d" -MT"src/lpc17xx_emac.o" -MT"src/lpc17xx_emac.d" -o "src/lpc17xx_emac.o" "../src/lpc17xx_emac.c"
In file included from ../src/lpc17xx_emac.c:49:0:
D:\Santiago\Universidad\PPS\Workspaces\Pruebas\TestTTScheduler1\inc/lpc17xx_libcfg_default.h:54:0: warning: "DEBUG" redefined
 #define DEBUG
 ^
<command-line>:0:0: note: this is the location of the previous definition
Finished building: ../src/lpc17xx_emac.c
 
Building file: ../src/lpc17xx_exti.c
Invoking: MCU C Compiler
arm-none-eabi-gcc -DDEBUG -D__CODE_RED -DCORE_M3 -D__USE_CMSIS=CMSIS_CORE_LPC17xx -D__LPC17XX__ -D__REDLIB__ -I"D:\Santiago\Universidad\PPS\Workspaces\Pruebas\TestTTScheduler1\inc" -I"D:\Santiago\Universidad\PPS\Workspaces\Pruebas\CMSIS_CORE_LPC17xx\inc" -O0 -fno-common -g3 -Wall -c -fmessage-length=0 -fno-builtin -ffunction-sections -fdata-sections -mcpu=cortex-m3 -mthumb -specs=redlib.specs -MMD -MP -MF"src/lpc17xx_exti.d" -MT"src/lpc17xx_exti.o" -MT"src/lpc17xx_exti.d" -o "src/lpc17xx_exti.o" "../src/lpc17xx_exti.c"
In file included from ../src/lpc17xx_exti.c:48:0:
D:\Santiago\Universidad\PPS\Workspaces\Pruebas\TestTTScheduler1\inc/lpc17xx_libcfg_default.h:54:0: warning: "DEBUG" redefined
 #define DEBUG
 ^
<command-line>:0:0: note: this is the location of the previous definition
Finished building: ../src/lpc17xx_exti.c
 
Building file: ../src/lpc17xx_gpdma.c
Invoking: MCU C Compiler
arm-none-eabi-gcc -DDEBUG -D__CODE_RED -DCORE_M3 -D__USE_CMSIS=CMSIS_CORE_LPC17xx -D__LPC17XX__ -D__REDLIB__ -I"D:\Santiago\Universidad\PPS\Workspaces\Pruebas\TestTTScheduler1\inc" -I"D:\Santiago\Universidad\PPS\Workspaces\Pruebas\CMSIS_CORE_LPC17xx\inc" -O0 -fno-common -g3 -Wall -c -fmessage-length=0 -fno-builtin -ffunction-sections -fdata-sections -mcpu=cortex-m3 -mthumb -specs=redlib.specs -MMD -MP -MF"src/lpc17xx_gpdma.d" -MT"src/lpc17xx_gpdma.o" -MT"src/lpc17xx_gpdma.d" -o "src/lpc17xx_gpdma.o" "../src/lpc17xx_gpdma.c"
In file included from ../src/lpc17xx_gpdma.c:49:0:
D:\Santiago\Universidad\PPS\Workspaces\Pruebas\TestTTScheduler1\inc/lpc17xx_libcfg_default.h:54:0: warning: "DEBUG" redefined
 #define DEBUG
 ^
<command-line>:0:0: note: this is the location of the previous definition
Finished building: ../src/lpc17xx_gpdma.c
 
Building file: ../src/lpc17xx_gpio.c
Invoking: MCU C Compiler
arm-none-eabi-gcc -DDEBUG -D__CODE_RED -DCORE_M3 -D__USE_CMSIS=CMSIS_CORE_LPC17xx -D__LPC17XX__ -D__REDLIB__ -I"D:\Santiago\Universidad\PPS\Workspaces\Pruebas\TestTTScheduler1\inc" -I"D:\Santiago\Universidad\PPS\Workspaces\Pruebas\CMSIS_CORE_LPC17xx\inc" -O0 -fno-common -g3 -Wall -c -fmessage-length=0 -fno-builtin -ffunction-sections -fdata-sections -mcpu=cortex-m3 -mthumb -specs=redlib.specs -MMD -MP -MF"src/lpc17xx_gpio.d" -MT"src/lpc17xx_gpio.o" -MT"src/lpc17xx_gpio.d" -o "src/lpc17xx_gpio.o" "../src/lpc17xx_gpio.c"
In file included from ../src/lpc17xx_gpio.c:48:0:
D:\Santiago\Universidad\PPS\Workspaces\Pruebas\TestTTScheduler1\inc/lpc17xx_libcfg_default.h:54:0: warning: "DEBUG" redefined
 #define DEBUG
 ^
<command-line>:0:0: note: this is the location of the previous definition
Finished building: ../src/lpc17xx_gpio.c
 
Building file: ../src/lpc17xx_i2c.c
Invoking: MCU C Compiler
arm-none-eabi-gcc -DDEBUG -D__CODE_RED -DCORE_M3 -D__USE_CMSIS=CMSIS_CORE_LPC17xx -D__LPC17XX__ -D__REDLIB__ -I"D:\Santiago\Universidad\PPS\Workspaces\Pruebas\TestTTScheduler1\inc" -I"D:\Santiago\Universidad\PPS\Workspaces\Pruebas\CMSIS_CORE_LPC17xx\inc" -O0 -fno-common -g3 -Wall -c -fmessage-length=0 -fno-builtin -ffunction-sections -fdata-sections -mcpu=cortex-m3 -mthumb -specs=redlib.specs -MMD -MP -MF"src/lpc17xx_i2c.d" -MT"src/lpc17xx_i2c.o" -MT"src/lpc17xx_i2c.d" -o "src/lpc17xx_i2c.o" "../src/lpc17xx_i2c.c"
In file included from ../src/lpc17xx_i2c.c:51:0:
D:\Santiago\Universidad\PPS\Workspaces\Pruebas\TestTTScheduler1\inc/lpc17xx_libcfg_default.h:54:0: warning: "DEBUG" redefined
 #define DEBUG
 ^
<command-line>:0:0: note: this is the location of the previous definition
Finished building: ../src/lpc17xx_i2c.c
 
Building file: ../src/lpc17xx_i2s.c
Invoking: MCU C Compiler
arm-none-eabi-gcc -DDEBUG -D__CODE_RED -DCORE_M3 -D__USE_CMSIS=CMSIS_CORE_LPC17xx -D__LPC17XX__ -D__REDLIB__ -I"D:\Santiago\Universidad\PPS\Workspaces\Pruebas\TestTTScheduler1\inc" -I"D:\Santiago\Universidad\PPS\Workspaces\Pruebas\CMSIS_CORE_LPC17xx\inc" -O0 -fno-common -g3 -Wall -c -fmessage-length=0 -fno-builtin -ffunction-sections -fdata-sections -mcpu=cortex-m3 -mthumb -specs=redlib.specs -MMD -MP -MF"src/lpc17xx_i2s.d" -MT"src/lpc17xx_i2s.o" -MT"src/lpc17xx_i2s.d" -o "src/lpc17xx_i2s.o" "../src/lpc17xx_i2s.c"
In file included from ../src/lpc17xx_i2s.c:50:0:
D:\Santiago\Universidad\PPS\Workspaces\Pruebas\TestTTScheduler1\inc/lpc17xx_libcfg_default.h:54:0: warning: "DEBUG" redefined
 #define DEBUG
 ^
<command-line>:0:0: note: this is the location of the previous definition
Finished building: ../src/lpc17xx_i2s.c
 
Building file: ../src/lpc17xx_iap.c
Invoking: MCU C Compiler
arm-none-eabi-gcc -DDEBUG -D__CODE_RED -DCORE_M3 -D__USE_CMSIS=CMSIS_CORE_LPC17xx -D__LPC17XX__ -D__REDLIB__ -I"D:\Santiago\Universidad\PPS\Workspaces\Pruebas\TestTTScheduler1\inc" -I"D:\Santiago\Universidad\PPS\Workspaces\Pruebas\CMSIS_CORE_LPC17xx\inc" -O0 -fno-common -g3 -Wall -c -fmessage-length=0 -fno-builtin -ffunction-sections -fdata-sections -mcpu=cortex-m3 -mthumb -specs=redlib.specs -MMD -MP -MF"src/lpc17xx_iap.d" -MT"src/lpc17xx_iap.o" -MT"src/lpc17xx_iap.d" -o "src/lpc17xx_iap.o" "../src/lpc17xx_iap.c"
Finished building: ../src/lpc17xx_iap.c
 
Building file: ../src/lpc17xx_libcfg_default.c
Invoking: MCU C Compiler
arm-none-eabi-gcc -DDEBUG -D__CODE_RED -DCORE_M3 -D__USE_CMSIS=CMSIS_CORE_LPC17xx -D__LPC17XX__ -D__REDLIB__ -I"D:\Santiago\Universidad\PPS\Workspaces\Pruebas\TestTTScheduler1\inc" -I"D:\Santiago\Universidad\PPS\Workspaces\Pruebas\CMSIS_CORE_LPC17xx\inc" -O0 -fno-common -g3 -Wall -c -fmessage-length=0 -fno-builtin -ffunction-sections -fdata-sections -mcpu=cortex-m3 -mthumb -specs=redlib.specs -MMD -MP -MF"src/lpc17xx_libcfg_default.d" -MT"src/lpc17xx_libcfg_default.o" -MT"src/lpc17xx_libcfg_default.d" -o "src/lpc17xx_libcfg_default.o" "../src/lpc17xx_libcfg_default.c"
In file included from ../src/lpc17xx_libcfg_default.c:39:0:
D:\Santiago\Universidad\PPS\Workspaces\Pruebas\TestTTScheduler1\inc/lpc17xx_libcfg_default.h:54:0: warning: "DEBUG" redefined
 #define DEBUG
 ^
<command-line>:0:0: note: this is the location of the previous definition
Finished building: ../src/lpc17xx_libcfg_default.c
 
Building file: ../src/lpc17xx_mcpwm.c
Invoking: MCU C Compiler
arm-none-eabi-gcc -DDEBUG -D__CODE_RED -DCORE_M3 -D__USE_CMSIS=CMSIS_CORE_LPC17xx -D__LPC17XX__ -D__REDLIB__ -I"D:\Santiago\Universidad\PPS\Workspaces\Pruebas\TestTTScheduler1\inc" -I"D:\Santiago\Universidad\PPS\Workspaces\Pruebas\CMSIS_CORE_LPC17xx\inc" -O0 -fno-common -g3 -Wall -c -fmessage-length=0 -fno-builtin -ffunction-sections -fdata-sections -mcpu=cortex-m3 -mthumb -specs=redlib.specs -MMD -MP -MF"src/lpc17xx_mcpwm.d" -MT"src/lpc17xx_mcpwm.o" -MT"src/lpc17xx_mcpwm.d" -o "src/lpc17xx_mcpwm.o" "../src/lpc17xx_mcpwm.c"
In file included from ../src/lpc17xx_mcpwm.c:49:0:
D:\Santiago\Universidad\PPS\Workspaces\Pruebas\TestTTScheduler1\inc/lpc17xx_libcfg_default.h:54:0: warning: "DEBUG" redefined
 #define DEBUG
 ^
<command-line>:0:0: note: this is the location of the previous definition
Finished building: ../src/lpc17xx_mcpwm.c
 
Building file: ../src/lpc17xx_nvic.c
Invoking: MCU C Compiler
arm-none-eabi-gcc -DDEBUG -D__CODE_RED -DCORE_M3 -D__USE_CMSIS=CMSIS_CORE_LPC17xx -D__LPC17XX__ -D__REDLIB__ -I"D:\Santiago\Universidad\PPS\Workspaces\Pruebas\TestTTScheduler1\inc" -I"D:\Santiago\Universidad\PPS\Workspaces\Pruebas\CMSIS_CORE_LPC17xx\inc" -O0 -fno-common -g3 -Wall -c -fmessage-length=0 -fno-builtin -ffunction-sections -fdata-sections -mcpu=cortex-m3 -mthumb -specs=redlib.specs -MMD -MP -MF"src/lpc17xx_nvic.d" -MT"src/lpc17xx_nvic.o" -MT"src/lpc17xx_nvic.d" -o "src/lpc17xx_nvic.o" "../src/lpc17xx_nvic.c"
Finished building: ../src/lpc17xx_nvic.c
 
Building file: ../src/lpc17xx_pinsel.c
Invoking: MCU C Compiler
arm-none-eabi-gcc -DDEBUG -D__CODE_RED -DCORE_M3 -D__USE_CMSIS=CMSIS_CORE_LPC17xx -D__LPC17XX__ -D__REDLIB__ -I"D:\Santiago\Universidad\PPS\Workspaces\Pruebas\TestTTScheduler1\inc" -I"D:\Santiago\Universidad\PPS\Workspaces\Pruebas\CMSIS_CORE_LPC17xx\inc" -O0 -fno-common -g3 -Wall -c -fmessage-length=0 -fno-builtin -ffunction-sections -fdata-sections -mcpu=cortex-m3 -mthumb -specs=redlib.specs -MMD -MP -MF"src/lpc17xx_pinsel.d" -MT"src/lpc17xx_pinsel.o" -MT"src/lpc17xx_pinsel.d" -o "src/lpc17xx_pinsel.o" "../src/lpc17xx_pinsel.c"
Finished building: ../src/lpc17xx_pinsel.c
 
Building file: ../src/lpc17xx_pwm.c
Invoking: MCU C Compiler
arm-none-eabi-gcc -DDEBUG -D__CODE_RED -DCORE_M3 -D__USE_CMSIS=CMSIS_CORE_LPC17xx -D__LPC17XX__ -D__REDLIB__ -I"D:\Santiago\Universidad\PPS\Workspaces\Pruebas\TestTTScheduler1\inc" -I"D:\Santiago\Universidad\PPS\Workspaces\Pruebas\CMSIS_CORE_LPC17xx\inc" -O0 -fno-common -g3 -Wall -c -fmessage-length=0 -fno-builtin -ffunction-sections -fdata-sections -mcpu=cortex-m3 -mthumb -specs=redlib.specs -MMD -MP -MF"src/lpc17xx_pwm.d" -MT"src/lpc17xx_pwm.o" -MT"src/lpc17xx_pwm.d" -o "src/lpc17xx_pwm.o" "../src/lpc17xx_pwm.c"
In file included from ../src/lpc17xx_pwm.c:48:0:
D:\Santiago\Universidad\PPS\Workspaces\Pruebas\TestTTScheduler1\inc/lpc17xx_libcfg_default.h:54:0: warning: "DEBUG" redefined
 #define DEBUG
 ^
<command-line>:0:0: note: this is the location of the previous definition
Finished building: ../src/lpc17xx_pwm.c
 
Building file: ../src/lpc17xx_qei.c
Invoking: MCU C Compiler
arm-none-eabi-gcc -DDEBUG -D__CODE_RED -DCORE_M3 -D__USE_CMSIS=CMSIS_CORE_LPC17xx -D__LPC17XX__ -D__REDLIB__ -I"D:\Santiago\Universidad\PPS\Workspaces\Pruebas\TestTTScheduler1\inc" -I"D:\Santiago\Universidad\PPS\Workspaces\Pruebas\CMSIS_CORE_LPC17xx\inc" -O0 -fno-common -g3 -Wall -c -fmessage-length=0 -fno-builtin -ffunction-sections -fdata-sections -mcpu=cortex-m3 -mthumb -specs=redlib.specs -MMD -MP -MF"src/lpc17xx_qei.d" -MT"src/lpc17xx_qei.o" -MT"src/lpc17xx_qei.d" -o "src/lpc17xx_qei.o" "../src/lpc17xx_qei.c"
In file included from ../src/lpc17xx_qei.c:49:0:
D:\Santiago\Universidad\PPS\Workspaces\Pruebas\TestTTScheduler1\inc/lpc17xx_libcfg_default.h:54:0: warning: "DEBUG" redefined
 #define DEBUG
 ^
<command-line>:0:0: note: this is the location of the previous definition
Finished building: ../src/lpc17xx_qei.c
 
Building file: ../src/lpc17xx_rit.c
Invoking: MCU C Compiler
arm-none-eabi-gcc -DDEBUG -D__CODE_RED -DCORE_M3 -D__USE_CMSIS=CMSIS_CORE_LPC17xx -D__LPC17XX__ -D__REDLIB__ -I"D:\Santiago\Universidad\PPS\Workspaces\Pruebas\TestTTScheduler1\inc" -I"D:\Santiago\Universidad\PPS\Workspaces\Pruebas\CMSIS_CORE_LPC17xx\inc" -O0 -fno-common -g3 -Wall -c -fmessage-length=0 -fno-builtin -ffunction-sections -fdata-sections -mcpu=cortex-m3 -mthumb -specs=redlib.specs -MMD -MP -MF"src/lpc17xx_rit.d" -MT"src/lpc17xx_rit.o" -MT"src/lpc17xx_rit.d" -o "src/lpc17xx_rit.o" "../src/lpc17xx_rit.c"
In file included from ../src/lpc17xx_rit.c:48:0:
D:\Santiago\Universidad\PPS\Workspaces\Pruebas\TestTTScheduler1\inc/lpc17xx_libcfg_default.h:54:0: warning: "DEBUG" redefined
 #define DEBUG
 ^
<command-line>:0:0: note: this is the location of the previous definition
Finished building: ../src/lpc17xx_rit.c
 
Building file: ../src/lpc17xx_rtc.c
Invoking: MCU C Compiler
arm-none-eabi-gcc -DDEBUG -D__CODE_RED -DCORE_M3 -D__USE_CMSIS=CMSIS_CORE_LPC17xx -D__LPC17XX__ -D__REDLIB__ -I"D:\Santiago\Universidad\PPS\Workspaces\Pruebas\TestTTScheduler1\inc" -I"D:\Santiago\Universidad\PPS\Workspaces\Pruebas\CMSIS_CORE_LPC17xx\inc" -O0 -fno-common -g3 -Wall -c -fmessage-length=0 -fno-builtin -ffunction-sections -fdata-sections -mcpu=cortex-m3 -mthumb -specs=redlib.specs -MMD -MP -MF"src/lpc17xx_rtc.d" -MT"src/lpc17xx_rtc.o" -MT"src/lpc17xx_rtc.d" -o "src/lpc17xx_rtc.o" "../src/lpc17xx_rtc.c"
In file included from ../src/lpc17xx_rtc.c:50:0:
D:\Santiago\Universidad\PPS\Workspaces\Pruebas\TestTTScheduler1\inc/lpc17xx_libcfg_default.h:54:0: warning: "DEBUG" redefined
 #define DEBUG
 ^
<command-line>:0:0: note: this is the location of the previous definition
Finished building: ../src/lpc17xx_rtc.c
 
Building file: ../src/lpc17xx_spi.c
Invoking: MCU C Compiler
arm-none-eabi-gcc -DDEBUG -D__CODE_RED -DCORE_M3 -D__USE_CMSIS=CMSIS_CORE_LPC17xx -D__LPC17XX__ -D__REDLIB__ -I"D:\Santiago\Universidad\PPS\Workspaces\Pruebas\TestTTScheduler1\inc" -I"D:\Santiago\Universidad\PPS\Workspaces\Pruebas\CMSIS_CORE_LPC17xx\inc" -O0 -fno-common -g3 -Wall -c -fmessage-length=0 -fno-builtin -ffunction-sections -fdata-sections -mcpu=cortex-m3 -mthumb -specs=redlib.specs -MMD -MP -MF"src/lpc17xx_spi.d" -MT"src/lpc17xx_spi.o" -MT"src/lpc17xx_spi.d" -o "src/lpc17xx_spi.o" "../src/lpc17xx_spi.c"
In file included from ../src/lpc17xx_spi.c:48:0:
D:\Santiago\Universidad\PPS\Workspaces\Pruebas\TestTTScheduler1\inc/lpc17xx_libcfg_default.h:54:0: warning: "DEBUG" redefined
 #define DEBUG
 ^
<command-line>:0:0: note: this is the location of the previous definition
Finished building: ../src/lpc17xx_spi.c
 
Building file: ../src/lpc17xx_ssp.c
Invoking: MCU C Compiler
arm-none-eabi-gcc -DDEBUG -D__CODE_RED -DCORE_M3 -D__USE_CMSIS=CMSIS_CORE_LPC17xx -D__LPC17XX__ -D__REDLIB__ -I"D:\Santiago\Universidad\PPS\Workspaces\Pruebas\TestTTScheduler1\inc" -I"D:\Santiago\Universidad\PPS\Workspaces\Pruebas\CMSIS_CORE_LPC17xx\inc" -O0 -fno-common -g3 -Wall -c -fmessage-length=0 -fno-builtin -ffunction-sections -fdata-sections -mcpu=cortex-m3 -mthumb -specs=redlib.specs -MMD -MP -MF"src/lpc17xx_ssp.d" -MT"src/lpc17xx_ssp.o" -MT"src/lpc17xx_ssp.d" -o "src/lpc17xx_ssp.o" "../src/lpc17xx_ssp.c"
In file included from ../src/lpc17xx_ssp.c:49:0:
D:\Santiago\Universidad\PPS\Workspaces\Pruebas\TestTTScheduler1\inc/lpc17xx_libcfg_default.h:54:0: warning: "DEBUG" redefined
 #define DEBUG
 ^
<command-line>:0:0: note: this is the location of the previous definition
Finished building: ../src/lpc17xx_ssp.c
 
Building file: ../src/lpc17xx_systick.c
Invoking: MCU C Compiler
arm-none-eabi-gcc -DDEBUG -D__CODE_RED -DCORE_M3 -D__USE_CMSIS=CMSIS_CORE_LPC17xx -D__LPC17XX__ -D__REDLIB__ -I"D:\Santiago\Universidad\PPS\Workspaces\Pruebas\TestTTScheduler1\inc" -I"D:\Santiago\Universidad\PPS\Workspaces\Pruebas\CMSIS_CORE_LPC17xx\inc" -O0 -fno-common -g3 -Wall -c -fmessage-length=0 -fno-builtin -ffunction-sections -fdata-sections -mcpu=cortex-m3 -mthumb -specs=redlib.specs -MMD -MP -MF"src/lpc17xx_systick.d" -MT"src/lpc17xx_systick.o" -MT"src/lpc17xx_systick.d" -o "src/lpc17xx_systick.o" "../src/lpc17xx_systick.c"
In file included from ../src/lpc17xx_systick.c:49:0:
D:\Santiago\Universidad\PPS\Workspaces\Pruebas\TestTTScheduler1\inc/lpc17xx_libcfg_default.h:54:0: warning: "DEBUG" redefined
 #define DEBUG
 ^
<command-line>:0:0: note: this is the location of the previous definition
Finished building: ../src/lpc17xx_systick.c
 
Building file: ../src/lpc17xx_timer.c
Invoking: MCU C Compiler
arm-none-eabi-gcc -DDEBUG -D__CODE_RED -DCORE_M3 -D__USE_CMSIS=CMSIS_CORE_LPC17xx -D__LPC17XX__ -D__REDLIB__ -I"D:\Santiago\Universidad\PPS\Workspaces\Pruebas\TestTTScheduler1\inc" -I"D:\Santiago\Universidad\PPS\Workspaces\Pruebas\CMSIS_CORE_LPC17xx\inc" -O0 -fno-common -g3 -Wall -c -fmessage-length=0 -fno-builtin -ffunction-sections -fdata-sections -mcpu=cortex-m3 -mthumb -specs=redlib.specs -MMD -MP -MF"src/lpc17xx_timer.d" -MT"src/lpc17xx_timer.o" -MT"src/lpc17xx_timer.d" -o "src/lpc17xx_timer.o" "../src/lpc17xx_timer.c"
In file included from ../src/lpc17xx_timer.c:50:0:
D:\Santiago\Universidad\PPS\Workspaces\Pruebas\TestTTScheduler1\inc/lpc17xx_libcfg_default.h:54:0: warning: "DEBUG" redefined
 #define DEBUG
 ^
<command-line>:0:0: note: this is the location of the previous definition
Finished building: ../src/lpc17xx_timer.c
 
Building file: ../src/lpc17xx_uart.c
Invoking: MCU C Compiler
arm-none-eabi-gcc -DDEBUG -D__CODE_RED -DCORE_M3 -D__USE_CMSIS=CMSIS_CORE_LPC17xx -D__LPC17XX__ -D__REDLIB__ -I"D:\Santiago\Universidad\PPS\Workspaces\Pruebas\TestTTScheduler1\inc" -I"D:\Santiago\Universidad\PPS\Workspaces\Pruebas\CMSIS_CORE_LPC17xx\inc" -O0 -fno-common -g3 -Wall -c -fmessage-length=0 -fno-builtin -ffunction-sections -fdata-sections -mcpu=cortex-m3 -mthumb -specs=redlib.specs -MMD -MP -MF"src/lpc17xx_uart.d" -MT"src/lpc17xx_uart.o" -MT"src/lpc17xx_uart.d" -o "src/lpc17xx_uart.o" "../src/lpc17xx_uart.c"
In file included from ../src/lpc17xx_uart.c:49:0:
D:\Santiago\Universidad\PPS\Workspaces\Pruebas\TestTTScheduler1\inc/lpc17xx_libcfg_default.h:54:0: warning: "DEBUG" redefined
 #define DEBUG
 ^
<command-line>:0:0: note: this is the location of the previous definition
Finished building: ../src/lpc17xx_uart.c
 
Building file: ../src/lpc17xx_wdt.c
Invoking: MCU C Compiler
arm-none-eabi-gcc -DDEBUG -D__CODE_RED -DCORE_M3 -D__USE_CMSIS=CMSIS_CORE_LPC17xx -D__LPC17XX__ -D__REDLIB__ -I"D:\Santiago\Universidad\PPS\Workspaces\Pruebas\TestTTScheduler1\inc" -I"D:\Santiago\Universidad\PPS\Workspaces\Pruebas\CMSIS_CORE_LPC17xx\inc" -O0 -fno-common -g3 -Wall -c -fmessage-length=0 -fno-builtin -ffunction-sections -fdata-sections -mcpu=cortex-m3 -mthumb -specs=redlib.specs -MMD -MP -MF"src/lpc17xx_wdt.d" -MT"src/lpc17xx_wdt.o" -MT"src/lpc17xx_wdt.d" -o "src/lpc17xx_wdt.o" "../src/lpc17xx_wdt.c"
In file included from ../src/lpc17xx_wdt.c:51:0:
D:\Santiago\Universidad\PPS\Workspaces\Pruebas\TestTTScheduler1\inc/lpc17xx_libcfg_default.h:54:0: warning: "DEBUG" redefined
 #define DEBUG
 ^
<command-line>:0:0: note: this is the location of the previous definition
Finished building: ../src/lpc17xx_wdt.c
 
Building target: TestTTScheduler1.axf
Invoking: MCU Linker
arm-none-eabi-gcc -nostdlib -L"D:\Santiago\Universidad\PPS\Workspaces\Pruebas\CMSIS_CORE_LPC17xx\Debug" -Xlinker -Map="TestTTScheduler1.map" -Xlinker --gc-sections -Xlinker -print-memory-usage -mcpu=cortex-m3 -mthumb -T "TestTTScheduler1_Debug.ld" -o "TestTTScheduler1.axf"  ./src/tasks/heartbeat_1769_003-0_c02b.o ./src/tasks/watchdog_1769_003-0_c02a.o  ./src/system/system_1769_003-0_c02c.o  ./src/scheduler/ttc_sch_od_t0_1769_003-0_c02c.o  ./src/main/main.o  ./src/cr_startup_lpc175x_6x.o ./src/crp.o ./src/lpc17xx_adc.o ./src/lpc17xx_can.o ./src/lpc17xx_clkpwr.o ./src/lpc17xx_dac.o ./src/lpc17xx_emac.o ./src/lpc17xx_exti.o ./src/lpc17xx_gpdma.o ./src/lpc17xx_gpio.o ./src/lpc17xx_i2c.o ./src/lpc17xx_i2s.o ./src/lpc17xx_iap.o ./src/lpc17xx_libcfg_default.o ./src/lpc17xx_mcpwm.o ./src/lpc17xx_nvic.o ./src/lpc17xx_pinsel.o ./src/lpc17xx_pwm.o ./src/lpc17xx_qei.o ./src/lpc17xx_rit.o ./src/lpc17xx_rtc.o ./src/lpc17xx_spi.o ./src/lpc17xx_ssp.o ./src/lpc17xx_systick.o ./src/lpc17xx_timer.o ./src/lpc17xx_uart.o ./src/lpc17xx_wdt.o   -lCMSIS_CORE_LPC17xx
Memory region         Used Size  Region Size  %age Used
       MFlash512:        4716 B       512 KB      0.90%
        RamLoc32:         432 B        32 KB      1.32%
        RamAHB32:          0 GB        32 KB      0.00%
Finished building target: TestTTScheduler1.axf
 
make --no-print-directory post-build
Performing post-build steps
arm-none-eabi-size "TestTTScheduler1.axf"; # arm-none-eabi-objcopy -v -O binary "TestTTScheduler1.axf" "TestTTScheduler1.bin" ; # checksum -p LPC1769 -d "TestTTScheduler1.bin";
   text	   data	    bss	    dec	    hex	filename
   4712	      4	    428	   5144	   1418	TestTTScheduler1.axf
 

15:58:49 Build Finished (took 10s.690ms)

